Archive member included to satisfy reference by file (symbol)

C:/ST/STM32CubeIDE_2.0.0/STM32CubeIDE/plugins/com.st.stm32cube.ide.mcu.externaltools.gnu-tools-for-stm32.13.3.rel1.win32_1.0.100.202509120712/tools/bin/../lib/gcc/arm-none-eabi/13.3.1/../../../../arm-none-eabi/lib/thumb/v7e-m+fp/hard\libc_nano.a(libc_a-exit.o)
                              C:/ST/STM32CubeIDE_2.0.0/STM32CubeIDE/plugins/com.st.stm32cube.ide.mcu.externaltools.gnu-tools-for-stm32.13.3.rel1.win32_1.0.100.202509120712/tools/bin/../lib/gcc/arm-none-eabi/13.3.1/../../../../arm-none-eabi/lib/thumb/v7e-m+fp/hard/crt0.o (exit)
C:/ST/STM32CubeIDE_2.0.0/STM32CubeIDE/plugins/com.st.stm32cube.ide.mcu.externaltools.gnu-tools-for-stm32.13.3.rel1.win32_1.0.100.202509120712/tools/bin/../lib/gcc/arm-none-eabi/13.3.1/../../../../arm-none-eabi/lib/thumb/v7e-m+fp/hard\libc_nano.a(libc_a-findfp.o)
                              C:/ST/STM32CubeIDE_2.0.0/STM32CubeIDE/plugins/com.st.stm32cube.ide.mcu.externaltools.gnu-tools-for-stm32.13.3.rel1.win32_1.0.100.202509120712/tools/bin/../lib/gcc/arm-none-eabi/13.3.1/../../../../arm-none-eabi/lib/thumb/v7e-m+fp/hard\libc_nano.a(libc_a-exit.o) (__stdio_exit_handler)
C:/ST/STM32CubeIDE_2.0.0/STM32CubeIDE/plugins/com.st.stm32cube.ide.mcu.externaltools.gnu-tools-for-stm32.13.3.rel1.win32_1.0.100.202509120712/tools/bin/../lib/gcc/arm-none-eabi/13.3.1/../../../../arm-none-eabi/lib/thumb/v7e-m+fp/hard\libc_nano.a(libc_a-fwalk.o)
                              C:/ST/STM32CubeIDE_2.0.0/STM32CubeIDE/plugins/com.st.stm32cube.ide.mcu.externaltools.gnu-tools-for-stm32.13.3.rel1.win32_1.0.100.202509120712/tools/bin/../lib/gcc/arm-none-eabi/13.3.1/../../../../arm-none-eabi/lib/thumb/v7e-m+fp/hard\libc_nano.a(libc_a-findfp.o) (_fwalk_sglue)
C:/ST/STM32CubeIDE_2.0.0/STM32CubeIDE/plugins/com.st.stm32cube.ide.mcu.externaltools.gnu-tools-for-stm32.13.3.rel1.win32_1.0.100.202509120712/tools/bin/../lib/gcc/arm-none-eabi/13.3.1/../../../../arm-none-eabi/lib/thumb/v7e-m+fp/hard\libc_nano.a(libc_a-puts.o)
                              ./Core/System/system.o (puts)
C:/ST/STM32CubeIDE_2.0.0/STM32CubeIDE/plugins/com.st.stm32cube.ide.mcu.externaltools.gnu-tools-for-stm32.13.3.rel1.win32_1.0.100.202509120712/tools/bin/../lib/gcc/arm-none-eabi/13.3.1/../../../../arm-none-eabi/lib/thumb/v7e-m+fp/hard\libc_nano.a(libc_a-stdio.o)
                              C:/ST/STM32CubeIDE_2.0.0/STM32CubeIDE/plugins/com.st.stm32cube.ide.mcu.externaltools.gnu-tools-for-stm32.13.3.rel1.win32_1.0.100.202509120712/tools/bin/../lib/gcc/arm-none-eabi/13.3.1/../../../../arm-none-eabi/lib/thumb/v7e-m+fp/hard\libc_nano.a(libc_a-findfp.o) (__sread)
C:/ST/STM32CubeIDE_2.0.0/STM32CubeIDE/plugins/com.st.stm32cube.ide.mcu.externaltools.gnu-tools-for-stm32.13.3.rel1.win32_1.0.100.202509120712/tools/bin/../lib/gcc/arm-none-eabi/13.3.1/../../../../arm-none-eabi/lib/thumb/v7e-m+fp/hard\libc_nano.a(libc_a-wbuf.o)
                              C:/ST/STM32CubeIDE_2.0.0/STM32CubeIDE/plugins/com.st.stm32cube.ide.mcu.externaltools.gnu-tools-for-stm32.13.3.rel1.win32_1.0.100.202509120712/tools/bin/../lib/gcc/arm-none-eabi/13.3.1/../../../../arm-none-eabi/lib/thumb/v7e-m+fp/hard\libc_nano.a(libc_a-puts.o) (__swbuf_r)
C:/ST/STM32CubeIDE_2.0.0/STM32CubeIDE/plugins/com.st.stm32cube.ide.mcu.externaltools.gnu-tools-for-stm32.13.3.rel1.win32_1.0.100.202509120712/tools/bin/../lib/gcc/arm-none-eabi/13.3.1/../../../../arm-none-eabi/lib/thumb/v7e-m+fp/hard\libc_nano.a(libc_a-wsetup.o)
                              C:/ST/STM32CubeIDE_2.0.0/STM32CubeIDE/plugins/com.st.stm32cube.ide.mcu.externaltools.gnu-tools-for-stm32.13.3.rel1.win32_1.0.100.202509120712/tools/bin/../lib/gcc/arm-none-eabi/13.3.1/../../../../arm-none-eabi/lib/thumb/v7e-m+fp/hard\libc_nano.a(libc_a-puts.o) (__swsetup_r)
C:/ST/STM32CubeIDE_2.0.0/STM32CubeIDE/plugins/com.st.stm32cube.ide.mcu.externaltools.gnu-tools-for-stm32.13.3.rel1.win32_1.0.100.202509120712/tools/bin/../lib/gcc/arm-none-eabi/13.3.1/../../../../arm-none-eabi/lib/thumb/v7e-m+fp/hard\libc_nano.a(libc_a-memset.o)
                              C:/ST/STM32CubeIDE_2.0.0/STM32CubeIDE/plugins/com.st.stm32cube.ide.mcu.externaltools.gnu-tools-for-stm32.13.3.rel1.win32_1.0.100.202509120712/tools/bin/../lib/gcc/arm-none-eabi/13.3.1/../../../../arm-none-eabi/lib/thumb/v7e-m+fp/hard/crt0.o (memset)
C:/ST/STM32CubeIDE_2.0.0/STM32CubeIDE/plugins/com.st.stm32cube.ide.mcu.externaltools.gnu-tools-for-stm32.13.3.rel1.win32_1.0.100.202509120712/tools/bin/../lib/gcc/arm-none-eabi/13.3.1/../../../../arm-none-eabi/lib/thumb/v7e-m+fp/hard\libc_nano.a(libc_a-closer.o)
                              C:/ST/STM32CubeIDE_2.0.0/STM32CubeIDE/plugins/com.st.stm32cube.ide.mcu.externaltools.gnu-tools-for-stm32.13.3.rel1.win32_1.0.100.202509120712/tools/bin/../lib/gcc/arm-none-eabi/13.3.1/../../../../arm-none-eabi/lib/thumb/v7e-m+fp/hard\libc_nano.a(libc_a-stdio.o) (_close_r)
[...]
Memory Configuration

Name             Origin             Length             Attributes
RAM              0x20000000         0x00008000         xrw
FLASH            0x08000000         0x00020000         xr
*default*        0x00000000         0xffffffff

Linker script and memory map

LOAD C:/ST/STM32CubeIDE_2.0.0/STM32CubeIDE/plugins/com.st.stm32cube.ide.mcu.externaltools.gnu-tools-for-stm32.13.3.rel1.win32_1.0.100.202509120712/tools/bin/../lib/gcc/arm-none-eabi/13.3.1/thumb/v7e-m+fp/hard/crti.o
LOAD C:/ST/STM32CubeIDE_2.0.0/STM32CubeIDE/plugins/com.st.stm32cube.ide.mcu.externaltools.gnu-tools-for-stm32.13.3.rel1.win32_1.0.100.202509120712/tools/bin/../lib/gcc/arm-none-eabi/13.3.1/thumb/v7e-m+fp/hard/crtbegin.o
LOAD C:/ST/STM32CubeIDE_2.0.0/STM32CubeIDE/plugins/com.st.stm32cube.ide.mcu.externaltools.gnu-tools-for-stm32.13.3.rel1.win32_1.0.100.202509120712/tools/bin/../lib/gcc/arm-none-eabi/13.3.1/../../../../arm-none-eabi/lib/thumb/v7e-m+fp/hard/crt0.o
LOAD ./Core/AD5160/ad5160.o
LOAD ./Core/DAC8551/dac8551.o
LOAD ./Core/Eeprom/ee.o
LOAD ./Core/RGB/rgb.o
LOAD ./Core/Src/custom_bus.o
LOAD ./Core/Src/main.o
LOAD ./Core/Src/stm32g4xx_hal_msp.o
LOAD ./Core/Src/stm32g4xx_it.o
LOAD ./Core/Src/syscalls.o
LOAD ./Core/Src/sysmem.o
LOAD ./Core/Src/system_stm32g4xx.o
LOAD ./Core/Startup/startup_stm32g431rbtx.o
LOAD ./Core/System/system.o
LOAD ./Drivers/BSP/Components/lsm6dsox/lsm6dsox.o
LOAD ./Drivers/BSP/Components/lsm6dsox/lsm6dsox_reg.o
LOAD ./Drivers/STM32G4xx_HAL_Driver/Src/stm32g4xx_hal.o
LOAD ./Drivers/STM32G4xx_HAL_Driver/Src/stm32g4xx_hal_adc.o
LOAD ./Drivers/STM32G4xx_HAL_Driver/Src/stm32g4xx_hal_adc_ex.o
LOAD ./Drivers/STM32G4xx_HAL_Driver/Src/stm32g4xx_hal_comp.o
LOAD ./Drivers/STM32G4xx_HAL_Driver/Src/stm32g4xx_hal_cortex.o
LOAD ./Drivers/STM32G4xx_HAL_Driver/Src/stm32g4xx_hal_dac.o
LOAD ./Drivers/STM32G4xx_HAL_Driver/Src/stm32g4xx_hal_dac_ex.o
LOAD ./Drivers/STM32G4xx_HAL_Driver/Src/stm32g4xx_hal_dma.o
LOAD ./Drivers/STM32G4xx_HAL_Driver/Src/stm32g4xx_hal_dma_ex.o
LOAD ./Drivers/STM32G4xx_HAL_Driver/Src/stm32g4xx_hal_exti.o
LOAD ./Drivers/STM32G4xx_HAL_Driver/Src/stm32g4xx_hal_fdcan.o
LOAD ./Drivers/STM32G4xx_HAL_Driver/Src/stm32g4xx_hal_flash.o
LOAD ./Drivers/STM32G4xx_HAL_Driver/Src/stm32g4xx_hal_flash_ex.o
LOAD ./Drivers/STM32G4xx_HAL_Driver/Src/stm32g4xx_hal_flash_ramfunc.o
LOAD ./Drivers/STM32G4xx_HAL_Driver/Src/stm32g4xx_hal_gpio.o
LOAD ./Drivers/STM32G4xx_HAL_Driver/Src/stm32g4xx_hal_i2c.o
LOAD ./Drivers/STM32G4xx_HAL_Driver/Src/stm32g4xx_hal_i2c_ex.o
LOAD ./Drivers/STM32G4xx_HAL_Driver/Src/stm32g4xx_hal_iwdg.o
LOAD ./Drivers/STM32G4xx_HAL_Driver/Src/stm32g4xx_hal_pcd.o
LOAD ./Drivers/STM32G4xx_HAL_Driver/Src/stm32g4xx_hal_pcd_ex.o
LOAD ./Drivers/STM32G4xx_HAL_Driver/Src/stm32g4xx_hal_pwr.o
LOAD ./Drivers/STM32G4xx_HAL_Driver/Src/stm32g4xx_hal_pwr_ex.o
LOAD ./Drivers/STM32G4xx_HAL_Driver/Src/stm32g4xx_hal_rcc.o
LOAD ./Drivers/STM32G4xx_HAL_Driver/Src/stm32g4xx_hal_rcc_ex.o
LOAD ./Drivers/STM32G4xx_HAL_Driver/Src/stm32g4xx_hal_spi.o
LOAD ./Drivers/STM32G4xx_HAL_Driver/Src/stm32g4xx_hal_spi_ex.o
LOAD ./Drivers/STM32G4xx_HAL_Driver/Src/stm32g4xx_hal_uart.o
LOAD ./Drivers/STM32G4xx_HAL_Driver/Src/stm32g4xx_hal_uart_ex.o
LOAD ./Drivers/STM32G4xx_HAL_Driver/Src/stm32g4xx_ll_adc.o
LOAD ./Drivers/STM32G4xx_HAL_Driver/Src/stm32g4xx_ll_usb.o
LOAD ./Middlewares/ST/STM32_USB_Device_Library/Class/CDC/Src/usbd_cdc.o
LOAD ./Middlewares/ST/STM32_USB_Device_Library/Core/Src/usbd_core.o
LOAD ./Middlewares/ST/STM32_USB_Device_Library/Core/Src/usbd_ctlreq.o
LOAD ./Middlewares/ST/STM32_USB_Device_Library/Core/Src/usbd_ioreq.o
LOAD ./USB_Device/App/usb_device.o
LOAD ./USB_Device/App/usbd_cdc_if.o
LOAD ./USB_Device/App/usbd_desc.o
LOAD ./USB_Device/Target/usbd_conf.o
START GROUP
LOAD C:/ST/STM32CubeIDE_2.0.0/STM32CubeIDE/plugins/com.st.stm32cube.ide.mcu.externaltools.gnu-tools-for-stm32.13.3.rel1.win32_1.0.100.202509120712/tools/bin/../lib/gcc/arm-none-eabi/13.3.1/../../../../arm-none-eabi/lib/thumb/v7e-m+fp/hard\libc_nano.a
LOAD C:/ST/STM32CubeIDE_2.0.0/STM32CubeIDE/plugins/com.st.stm32cube.ide.mcu.externaltools.gnu-tools-for-stm32.13.3.rel1.win32_1.0.100.202509120712/tools/bin/../lib/gcc/arm-none-eabi/13.3.1/../../../../arm-none-eabi/lib/thumb/v7e-m+fp/hard\libm.a
END GROUP
START GROUP
LOAD C:/ST/STM32CubeIDE_2.0.0/STM32CubeIDE/plugins/com.st.stm32cube.ide.mcu.externaltools.gnu-tools-for-stm32.13.3.rel1.win32_1.0.100.202509120712/tools/bin/../lib/gcc/arm-none-eabi/13.3.1/thumb/v7e-m+fp/hard\libgcc.a
LOAD C:/ST/STM32CubeIDE_2.0.0/STM32CubeIDE/plugins/com.st.stm32cube.ide.mcu.externaltools.gnu-tools-for-stm32.13.3.rel1.win32_1.0.100.202509120712/tools/bin/../lib/gcc/arm-none-eabi/13.3.1/../../../../arm-none-eabi/lib/thumb/v7e-m+fp/hard\libc_nano.a
END GROUP
START GROUP
LOAD C:/ST/STM32CubeIDE_2.0.0/STM32CubeIDE/plugins/com.st.stm32cube.ide.mcu.externaltools.gnu-tools-for-stm32.13.3.rel1.win32_1.0.100.202509120712/tools/bin/../lib/gcc/arm-none-eabi/13.3.1/thumb/v7e-m+fp/hard\libgcc.a
LOAD C:/ST/STM32CubeIDE_2.0.0/STM32CubeIDE/plugins/com.st.stm32cube.ide.mcu.externaltools.gnu-tools-for-stm32.13.3.rel1.win32_1.0.100.202509120712/tools/bin/../lib/gcc/arm-none-eabi/13.3.1/../../../../arm-none-eabi/lib/thumb/v7e-m+fp/hard\libc_nano.a
LOAD C:/ST/STM32CubeIDE_2.0.0/STM32CubeIDE/plugins/com.st.stm32cube.ide.mcu.externaltools.gnu-tools-for-stm32.13.3.rel1.win32_1.0.100.202509120712/tools/bin/../lib/gcc/arm-none-eabi/13.3.1/../../../../arm-none-eabi/lib/thumb/v7e-m+fp/hard\libnosys.a
END GROUP
START GROUP
LOAD C:/ST/STM32CubeIDE_2.0.0/STM32CubeIDE/plugins/com.st.stm32cube.ide.mcu.externaltools.gnu-tools-for-stm32.13.3.rel1.win32_1.0.100.202509120712/tools/bin/../lib/gcc/arm-none-eabi/13.3.1/thumb/v7e-m+fp/hard\libgcc.a
LOAD C:/ST/STM32CubeIDE_2.0.0/STM32CubeIDE/plugins/com.st.stm32cube.ide.mcu.externaltools.gnu-tools-for-stm32.13.3.rel1.win32_1.0.100.202509120712/tools/bin/../lib/gcc/arm-none-eabi/13.3.1/../../../../arm-none-eabi/lib/thumb/v7e-m+fp/hard\libc_nano.a
LOAD C:/ST/STM32CubeIDE_2.0.0/STM32CubeIDE/plugins/com.st.stm32cube.ide.mcu.externaltools.gnu-tools-for-stm32.13.3.rel1.win32_1.0.100.202509120712/tools/bin/../lib/gcc/arm-none-eabi/13.3.1/../../../../arm-none-eabi/lib/thumb/v7e-m+fp/hard\libnosys.a
END GROUP
LOAD C:/ST/STM32CubeIDE_2.0.0/STM32CubeIDE/plugins/com.st.stm32cube.ide.mcu.externaltools.gnu-tools-for-stm32.13.3.rel1.win32_1.0.100.202509120712/tools/bin/../lib/gcc/arm-none-eabi/13.3.1/thumb/v7e-m+fp/hard/crtend.o
LOAD C:/ST/STM32CubeIDE_2.0.0/STM32CubeIDE/plugins/com.st.stm32cube.ide.mcu.externaltools.gnu-tools-for-stm32.13.3.rel1.win32_1.0.100.202509120712/tools/bin/../lib/gcc/arm-none-eabi/13.3.1/thumb/v7e-m+fp/hard/crtn.o
                0x20008000                        _estack = (ORIGIN (RAM) + LENGTH (RAM))
                0x00000200                        _Min_Heap_Size = 0x200
                0x00000400                        _Min_Stack_Size = 0x400

.isr_vector     0x08000000      0x1d8
                0x08000000                        . = ALIGN (0x4)
 *(.isr_vector)
 .isr_vector    0x08000000      0x1d8 ./Core/Startup/startup_stm32g431rbtx.o
                0x08000000                g_pfnVectors
                0x080001d8                        . = ALIGN (0x4)

.text           0x080001d8     0xdf40
                0x080001d8                        . = ALIGN (0x4)
 *(.text)
 .text          0x080001d8       0x40 C:/ST/STM32CubeIDE_2.0.0/STM32CubeIDE/plugins/com.st.stm32cube.ide.mcu.externaltools.gnu-tools-for-stm32.13.3.rel1.win32_1.0.100.202509120712/tools/bin/../lib/gcc/arm-none-eabi/13.3.1/thumb/v7e-m+fp/hard/crtbegin.o
 .text          0x08000218       0x30 C:/ST/STM32CubeIDE_2.0.0/STM32CubeIDE/plugins/com.st.stm32cube.ide.mcu.externaltools.gnu-tools-for-stm32.13.3.rel1.win32_1.0.100.202509120712/tools/bin/../lib/gcc/arm-none-eabi/13.3.1/thumb/v7e-m+fp/hard\libgcc.a(_aeabi_uldivmod.o)
                0x08000218                __aeabi_uldivmod
 .text          0x08000248      0x2f8 C:/ST/STM32CubeIDE_2.0.0/STM32CubeIDE/plugins/com.st.stm32cube.ide.mcu.externaltools.gnu-tools-for-stm32.13.3.rel1.win32_1.0.100.202509120712/tools/bin/../lib/gcc/arm-none-eabi/13.3.1/thumb/v7e-m+fp/hard\libgcc.a(_udivmoddi4.o)
                0x08000248                __udivmoddi4
 .text          0x08000540        0x4 C:/ST/STM32CubeIDE_2.0.0/STM32CubeIDE/plugins/com.st.stm32cube.ide.mcu.externaltools.gnu-tools-for-stm32.13.3.rel1.win32_1.0.100.202509120712/tools/bin/../lib/gcc/arm-none-eabi/13.3.1/thumb/v7e-m+fp/hard\libgcc.a(_dvmd_tls.o)
                0x08000540                __aeabi_idiv0
                0x08000540                __aeabi_ldiv0
 *(.text*)
 .text.AD5160_Init
                0x08000544       0x44 ./Core/AD5160/ad5160.o
                0x08000544                AD5160_Init
 .text.DAC8551_Init
                0x08000588       0x9e ./Core/DAC8551/dac8551.o
                0x08000588                DAC8551_Init
 .text.DAC8551_WriteValue
                0x08000626       0x48 ./Core/DAC8551/dac8551.o
                0x08000626                DAC8551_WriteValue
 .text.DAC8551_PowerUp
                0x0800066e       0x26 ./Core/DAC8551/dac8551.o
                0x0800066e                DAC8551_PowerUp
 .text.DAC8551_WriteCommand
                0x08000694       0x86 ./Core/DAC8551/dac8551.o
 .text.DAC8551_ValidateHandle
                0x0800071a       0x4e ./Core/DAC8551/dac8551.o
 .text.eepromInit
                0x08000768       0xd4 ./Core/Eeprom/ee.o
                0x08000768                eepromInit
 .text.eepromWritePage
                0x0800083c       0x5c ./Core/Eeprom/ee.o
                0x0800083c                eepromWritePage
 .text.eepromReadPage
                0x08000898       0x4c ./Core/Eeprom/ee.o
                0x08000898                eepromReadPage
 .text.eepromFormat
                0x080008e4       0xb4 ./Core/Eeprom/ee.o
                0x080008e4                eepromFormat
 .text.main     0x08000998       0x64 ./Core/Src/main.o
                0x08000998                main
 .text.SystemClock_Config
                0x080009fc       0x9a ./Core/Src/main.o
                0x080009fc                SystemClock_Config
 *fill*         0x08000a96        0x2 
 .text.MX_ADC1_Init
                0x08000a98      0x1bc ./Core/Src/main.o
 .text.MX_ADC2_Init
                0x08000c54      0x15c ./Core/Src/main.o
 .text.MX_COMP1_Init
                0x08000db0       0x4c ./Core/Src/main.o
 .text.MX_COMP2_Init
                0x08000dfc       0x4c ./Core/Src/main.o
 .text.MX_COMP4_Init
                0x08000e48       0x4c ./Core/Src/main.o
 .text.MX_DAC1_Init
                0x08000e94       0x88 ./Core/Src/main.o
 .text.MX_DAC3_Init
                0x08000f1c       0x74 ./Core/Src/main.o
 .text.MX_FDCAN1_Init
                0x08000f90       0x8c ./Core/Src/main.o
 .text.MX_I2C2_Init
                0x0800101c       0x80 ./Core/Src/main.o
 .text.MX_IWDG_Init
                0x0800109c       0x3c ./Core/Src/main.o
 .text.MX_USART1_UART_Init
                0x080010d8       0x98 ./Core/Src/main.o
 .text.MX_DMA_Init
                0x08001170       0x64 ./Core/Src/main.o
 .text.MX_GPIO_Init
                0x080011d4      0x16c ./Core/Src/main.o
 .text.__io_putchar
                0x08001340       0x24 ./Core/Src/main.o
                0x08001340                __io_putchar
 .text.Error_Handler
                0x08001364        0xc ./Core/Src/main.o
                0x08001364                Error_Handler
 .text.HAL_MspInit
                0x08001370       0x58 ./Core/Src/stm32g4xx_hal_msp.o
                0x08001370                HAL_MspInit
 .text.HAL_ADC_MspInit
                0x080013c8      0x2a4 ./Core/Src/stm32g4xx_hal_msp.o
                0x080013c8                HAL_ADC_MspInit
 .text.HAL_COMP_MspInit
                0x0800166c      0x168 ./Core/Src/stm32g4xx_hal_msp.o
                0x0800166c                HAL_COMP_MspInit
 .text.HAL_DAC_MspInit
                0x080017d4       0x68 ./Core/Src/stm32g4xx_hal_msp.o
                0x080017d4                HAL_DAC_MspInit
 .text.HAL_FDCAN_MspInit
                0x0800183c       0xb8 ./Core/Src/stm32g4xx_hal_msp.o
                0x0800183c                HAL_FDCAN_MspInit
 .text.HAL_I2C_MspInit
                0x080018f4       0xb0 ./Core/Src/stm32g4xx_hal_msp.o
                0x080018f4                HAL_I2C_MspInit
 .text.HAL_UART_MspInit
                0x080019a4       0xb0 ./Core/Src/stm32g4xx_hal_msp.o
                0x080019a4                HAL_UART_MspInit
 .text.NMI_Handler
                0x08001a54        0x8 ./Core/Src/stm32g4xx_it.o
                0x08001a54                NMI_Handler
 .text.HardFault_Handler
                0x08001a5c        0x8 ./Core/Src/stm32g4xx_it.o
                0x08001a5c                HardFault_Handler
 .text.MemManage_Handler
                0x08001a64        0x8 ./Core/Src/stm32g4xx_it.o
                0x08001a64                MemManage_Handler
 .text.BusFault_Handler
                0x08001a6c        0x8 ./Core/Src/stm32g4xx_it.o
                0x08001a6c                BusFault_Handler
 .text.UsageFault_Handler
                0x08001a74        0x8 ./Core/Src/stm32g4xx_it.o
                0x08001a74                UsageFault_Handler
 .text.SVC_Handler
                0x08001a7c        0xe ./Core/Src/stm32g4xx_it.o
                0x08001a7c                SVC_Handler
 .text.DebugMon_Handler
                0x08001a8a        0xe ./Core/Src/stm32g4xx_it.o
                0x08001a8a                DebugMon_Handler
 .text.PendSV_Handler
                0x08001a98        0xe ./Core/Src/stm32g4xx_it.o
                0x08001a98                PendSV_Handler
 .text.SysTick_Handler
                0x08001aa6        0xc ./Core/Src/stm32g4xx_it.o
                0x08001aa6                SysTick_Handler
 *fill*         0x08001ab2        0x2 
 .text.DMA1_Channel1_IRQHandler
                0x08001ab4       0x14 ./Core/Src/stm32g4xx_it.o
                0x08001ab4                DMA1_Channel1_IRQHandler
 .text.DMA1_Channel2_IRQHandler
                0x08001ac8       0x14 ./Core/Src/stm32g4xx_it.o
                0x08001ac8                DMA1_Channel2_IRQHandler
 .text.USB_LP_IRQHandler
                0x08001adc       0x14 ./Core/Src/stm32g4xx_it.o
                0x08001adc                USB_LP_IRQHandler
 .text.SPI1_IRQHandler
                0x08001af0       0x14 ./Core/Src/stm32g4xx_it.o
                0x08001af0                SPI1_IRQHandler
 .text._read    0x08001b04       0x3a ./Core/Src/syscalls.o
                0x08001b04                _read
 .text._write   0x08001b3e       0x38 ./Core/Src/syscalls.o
                0x08001b3e                _write
 .text._close   0x08001b76       0x18 ./Core/Src/syscalls.o
                0x08001b76                _close
 .text._fstat   0x08001b8e       0x20 ./Core/Src/syscalls.o
                0x08001b8e                _fstat
 .text._isatty  0x08001bae       0x16 ./Core/Src/syscalls.o
                0x08001bae                _isatty
 .text._lseek   0x08001bc4       0x1a ./Core/Src/syscalls.o
                0x08001bc4                _lseek
 *fill*         0x08001bde        0x2 
 .text._sbrk    0x08001be0       0x6c ./Core/Src/sysmem.o
                0x08001be0                _sbrk
 .text.SystemInit
                0x08001c4c       0x24 ./Core/Src/system_stm32g4xx.o
                0x08001c4c                SystemInit
 .text.Reset_Handler
                0x08001c70       0x50 ./Core/Startup/startup_stm32g431rbtx.o
                0x08001c70                Reset_Handler
 .text.Default_Handler
                0x08001cc0        0x2 ./Core/Startup/startup_stm32g431rbtx.o
                0x08001cc0                RTC_Alarm_IRQHandler
                0x08001cc0                EXTI2_IRQHandler
                0x08001cc0                TIM8_TRG_COM_IRQHandler
                0x08001cc0                TIM8_CC_IRQHandler
                0x08001cc0                TIM1_CC_IRQHandler
                0x08001cc0                USB_HP_IRQHandler
                0x08001cc0                CORDIC_IRQHandler
                0x08001cc0                EXTI3_IRQHandler
                0x08001cc0                I2C3_ER_IRQHandler
                0x08001cc0                EXTI0_IRQHandler
                0x08001cc0                I2C2_EV_IRQHandler
                0x08001cc0                FPU_IRQHandler
                0x08001cc0                FDCAN1_IT1_IRQHandler
                0x08001cc0                TIM1_UP_TIM16_IRQHandler
                0x08001cc0                ADC1_2_IRQHandler
                0x08001cc0                TIM6_DAC_IRQHandler
                0x08001cc0                TIM8_UP_IRQHandler
                0x08001cc0                DMA2_Channel2_IRQHandler
                0x08001cc0                DMA1_Channel4_IRQHandler
                0x08001cc0                USART3_IRQHandler
                0x08001cc0                TIM4_IRQHandler
                0x08001cc0                DMA2_Channel1_IRQHandler
                0x08001cc0                I2C1_EV_IRQHandler
                0x08001cc0                DMA1_Channel6_IRQHandler
                0x08001cc0                UART4_IRQHandler
                0x08001cc0                DMA2_Channel4_IRQHandler
                0x08001cc0                TIM3_IRQHandler
                0x08001cc0                RCC_IRQHandler
                0x08001cc0                Default_Handler
                0x08001cc0                RTC_TAMP_LSECSS_IRQHandler
                0x08001cc0                FMAC_IRQHandler
                0x08001cc0                EXTI15_10_IRQHandler
                0x08001cc0                TIM7_IRQHandler
                0x08001cc0                UCPD1_IRQHandler
                0x08001cc0                I2C3_EV_IRQHandler
                0x08001cc0                EXTI9_5_IRQHandler
                0x08001cc0                RTC_WKUP_IRQHandler
                0x08001cc0                PVD_PVM_IRQHandler
                0x08001cc0                SPI2_IRQHandler
                0x08001cc0                DMA2_Channel5_IRQHandler
                0x08001cc0                CRS_IRQHandler
                0x08001cc0                DMA1_Channel5_IRQHandler
                0x08001cc0                EXTI4_IRQHandler
                0x08001cc0                RNG_IRQHandler
                0x08001cc0                TIM1_TRG_COM_TIM17_IRQHandler
                0x08001cc0                DMA1_Channel3_IRQHandler
                0x08001cc0                WWDG_IRQHandler
                0x08001cc0                LPUART1_IRQHandler
                0x08001cc0                DMA2_Channel6_IRQHandler
                0x08001cc0                FDCAN1_IT0_IRQHandler
                0x08001cc0                TIM2_IRQHandler
                0x08001cc0                COMP1_2_3_IRQHandler
                0x08001cc0                EXTI1_IRQHandler
                0x08001cc0                USART2_IRQHandler
                0x08001cc0                I2C2_ER_IRQHandler
                0x08001cc0                TIM8_BRK_IRQHandler
                0x08001cc0                FLASH_IRQHandler
                0x08001cc0                USART1_IRQHandler
                0x08001cc0                SPI3_IRQHandler
                0x08001cc0                I2C1_ER_IRQHandler
                0x08001cc0                LPTIM1_IRQHandler
                0x08001cc0                DMAMUX_OVR_IRQHandler
                0x08001cc0                USBWakeUp_IRQHandler
                0x08001cc0                SAI1_IRQHandler
                0x08001cc0                DMA2_Channel3_IRQHandler
                0x08001cc0                COMP4_IRQHandler
                0x08001cc0                TIM1_BRK_TIM15_IRQHandler
 *fill*         0x08001cc2        0x2 
 .text.systemInit
                0x08001cc4      0x16c ./Core/System/system.o
                0x08001cc4                systemInit
 .text.HAL_ADC_ConvCpltCallback
                0x08001e30       0x28 ./Core/System/system.o
                0x08001e30                HAL_ADC_ConvCpltCallback
 .text.systemTask
                0x08001e58       0x38 ./Core/System/system.o
                0x08001e58                systemTask
 .text.HAL_Init
                0x08001e90       0x30 ./Drivers/STM32G4xx_HAL_Driver/Src/stm32g4xx_hal.o
                0x08001e90                HAL_Init
 .text.HAL_InitTick
                0x08001ec0       0x74 ./Drivers/STM32G4xx_HAL_Driver/Src/stm32g4xx_hal.o
                0x08001ec0                HAL_InitTick
 .text.HAL_IncTick
                0x08001f34       0x24 ./Drivers/STM32G4xx_HAL_Driver/Src/stm32g4xx_hal.o
                0x08001f34                HAL_IncTick
 .text.HAL_GetTick
                0x08001f58       0x18 ./Drivers/STM32G4xx_HAL_Driver/Src/stm32g4xx_hal.o
                0x08001f58                HAL_GetTick
 .text.HAL_Delay
                0x08001f70       0x44 ./Drivers/STM32G4xx_HAL_Driver/Src/stm32g4xx_hal.o
                0x08001f70                HAL_Delay
 .text.HAL_SYSCFG_VREFBUF_VoltageScalingConfig
                0x08001fb4       0x28 ./Drivers/STM32G4xx_HAL_Driver/Src/stm32g4xx_hal.o
                0x08001fb4                HAL_SYSCFG_VREFBUF_VoltageScalingConfig
 .text.HAL_SYSCFG_VREFBUF_HighImpedanceConfig
                0x08001fdc       0x28 ./Drivers/STM32G4xx_HAL_Driver/Src/stm32g4xx_hal.o
                0x08001fdc                HAL_SYSCFG_VREFBUF_HighImpedanceConfig
 .text.HAL_SYSCFG_EnableVREFBUF
                0x08002004       0x48 ./Drivers/STM32G4xx_HAL_Driver/Src/stm32g4xx_hal.o
                0x08002004                HAL_SYSCFG_EnableVREFBUF
 .text.LL_ADC_SetCommonClock
                0x0800204c       0x26 ./Drivers/STM32G4xx_HAL_Driver/Src/stm32g4xx_hal_adc.o
 .text.LL_ADC_SetCommonPathInternalCh
                0x08002072       0x26 ./Drivers/STM32G4xx_HAL_Driver/Src/stm32g4xx_hal_adc.o
 .text.LL_ADC_GetCommonPathInternalCh
                0x08002098       0x1c ./Drivers/STM32G4xx_HAL_Driver/Src/stm32g4xx_hal_adc.o
 .text.LL_ADC_SetOffset
                0x080020b4       0x48 ./Drivers/STM32G4xx_HAL_Driver/Src/stm32g4xx_hal_adc.o
 .text.LL_ADC_GetOffsetChannel
                0x080020fc       0x2c ./Drivers/STM32G4xx_HAL_Driver/Src/stm32g4xx_hal_adc.o
 .text.LL_ADC_SetOffsetState
                0x08002128       0x36 ./Drivers/STM32G4xx_HAL_Driver/Src/stm32g4xx_hal_adc.o
 .text.LL_ADC_SetOffsetSign
                0x0800215e       0x36 ./Drivers/STM32G4xx_HAL_Driver/Src/stm32g4xx_hal_adc.o
 .text.LL_ADC_SetOffsetSaturation
                0x08002194       0x36 ./Drivers/STM32G4xx_HAL_Driver/Src/stm32g4xx_hal_adc.o
 .text.LL_ADC_SetSamplingTimeCommonConfig
                0x080021ca       0x26 ./Drivers/STM32G4xx_HAL_Driver/Src/stm32g4xx_hal_adc.o
 .text.LL_ADC_REG_IsTriggerSourceSWStart
                0x080021f0       0x26 ./Drivers/STM32G4xx_HAL_Driver/Src/stm32g4xx_hal_adc.o
 .text.LL_ADC_REG_SetSequencerRanks
                0x08002216       0x58 ./Drivers/STM32G4xx_HAL_Driver/Src/stm32g4xx_hal_adc.o
 .text.LL_ADC_SetChannelSamplingTime
                0x0800226e       0x56 ./Drivers/STM32G4xx_HAL_Driver/Src/stm32g4xx_hal_adc.o
 .text.LL_ADC_SetChannelSingleDiff
                0x080022c4       0x48 ./Drivers/STM32G4xx_HAL_Driver/Src/stm32g4xx_hal_adc.o
 .text.LL_ADC_GetMultimode
                0x0800230c       0x1c ./Drivers/STM32G4xx_HAL_Driver/Src/stm32g4xx_hal_adc.o
 .text.LL_ADC_DisableDeepPowerDown
                0x08002328       0x24 ./Drivers/STM32G4xx_HAL_Driver/Src/stm32g4xx_hal_adc.o
 .text.LL_ADC_IsDeepPowerDownEnabled
                0x0800234c       0x28 ./Drivers/STM32G4xx_HAL_Driver/Src/stm32g4xx_hal_adc.o
 .text.LL_ADC_EnableInternalRegulator
                0x08002374       0x28 ./Drivers/STM32G4xx_HAL_Driver/Src/stm32g4xx_hal_adc.o
 .text.LL_ADC_IsInternalRegulatorEnabled
                0x0800239c       0x28 ./Drivers/STM32G4xx_HAL_Driver/Src/stm32g4xx_hal_adc.o
 .text.LL_ADC_Enable
                0x080023c4       0x28 ./Drivers/STM32G4xx_HAL_Driver/Src/stm32g4xx_hal_adc.o
 .text.LL_ADC_Disable
                0x080023ec       0x28 ./Drivers/STM32G4xx_HAL_Driver/Src/stm32g4xx_hal_adc.o
 .text.LL_ADC_IsEnabled
                0x08002414       0x26 ./Drivers/STM32G4xx_HAL_Driver/Src/stm32g4xx_hal_adc.o
 .text.LL_ADC_IsDisableOngoing
                0x0800243a       0x26 ./Drivers/STM32G4xx_HAL_Driver/Src/stm32g4xx_hal_adc.o
 .text.LL_ADC_REG_StartConversion
                0x08002460       0x28 ./Drivers/STM32G4xx_HAL_Driver/Src/stm32g4xx_hal_adc.o
 .text.LL_ADC_REG_IsConversionOngoing
                0x08002488       0x26 ./Drivers/STM32G4xx_HAL_Driver/Src/stm32g4xx_hal_adc.o
 .text.LL_ADC_INJ_IsConversionOngoing
                0x080024ae       0x26 ./Drivers/STM32G4xx_HAL_Driver/Src/stm32g4xx_hal_adc.o
 .text.HAL_ADC_Init
                0x080024d4      0x308 ./Drivers/STM32G4xx_HAL_Driver/Src/stm32g4xx_hal_adc.o
                0x080024d4                HAL_ADC_Init
 .text.HAL_ADC_Start_DMA
                0x080027dc      0x168 ./Drivers/STM32G4xx_HAL_Driver/Src/stm32g4xx_hal_adc.o
                0x080027dc                HAL_ADC_Start_DMA
 .text.HAL_ADC_ConvHalfCpltCallback
                0x08002944       0x14 ./Drivers/STM32G4xx_HAL_Driver/Src/stm32g4xx_hal_adc.o
                0x08002944                HAL_ADC_ConvHalfCpltCallback
 .text.HAL_ADC_ErrorCallback
                0x08002958       0x14 ./Drivers/STM32G4xx_HAL_Driver/Src/stm32g4xx_hal_adc.o
                0x08002958                HAL_ADC_ErrorCallback
 .text.HAL_ADC_ConfigChannel
                0x0800296c      0x7e0 ./Drivers/STM32G4xx_HAL_Driver/Src/stm32g4xx_hal_adc.o
                0x0800296c                HAL_ADC_ConfigChannel
 .text.ADC_Enable
                0x0800314c      0x10c ./Drivers/STM32G4xx_HAL_Driver/Src/stm32g4xx_hal_adc.o
                0x0800314c                ADC_Enable
 .text.ADC_Disable
                0x08003258       0xbe ./Drivers/STM32G4xx_HAL_Driver/Src/stm32g4xx_hal_adc.o
                0x08003258                ADC_Disable
 .text.ADC_DMAConvCplt
                0x08003316       0xd8 ./Drivers/STM32G4xx_HAL_Driver/Src/stm32g4xx_hal_adc.o
                0x08003316                ADC_DMAConvCplt
 .text.ADC_DMAHalfConvCplt
                0x080033ee       0x1c ./Drivers/STM32G4xx_HAL_Driver/Src/stm32g4xx_hal_adc.o
                0x080033ee                ADC_DMAHalfConvCplt
 .text.ADC_DMAError
                0x0800340a       0x34 ./Drivers/STM32G4xx_HAL_Driver/Src/stm32g4xx_hal_adc.o
                0x0800340a                ADC_DMAError
 .text.LL_ADC_IsEnabled
                0x0800343e       0x26 ./Drivers/STM32G4xx_HAL_Driver/Src/stm32g4xx_hal_adc_ex.o
 .text.LL_ADC_StartCalibration
                0x08003464       0x32 ./Drivers/STM32G4xx_HAL_Driver/Src/stm32g4xx_hal_adc_ex.o
 .text.LL_ADC_IsCalibrationOnGoing
                0x08003496       0x28 ./Drivers/STM32G4xx_HAL_Driver/Src/stm32g4xx_hal_adc_ex.o
 .text.LL_ADC_REG_IsConversionOngoing
                0x080034be       0x26 ./Drivers/STM32G4xx_HAL_Driver/Src/stm32g4xx_hal_adc_ex.o
 .text.HAL_ADCEx_Calibration_Start
                0x080034e4       0xc4 ./Drivers/STM32G4xx_HAL_Driver/Src/stm32g4xx_hal_adc_ex.o
                0x080034e4                HAL_ADCEx_Calibration_Start
 .text.HAL_ADCEx_MultiModeConfigChannel
                0x080035a8      0x148 ./Drivers/STM32G4xx_HAL_Driver/Src/stm32g4xx_hal_adc_ex.o
                0x080035a8                HAL_ADCEx_MultiModeConfigChannel
 .text.LL_EXTI_EnableIT_0_31
                0x080036f0       0x24 ./Drivers/STM32G4xx_HAL_Driver/Src/stm32g4xx_hal_comp.o
 .text.LL_EXTI_DisableIT_0_31
                0x08003714       0x28 ./Drivers/STM32G4xx_HAL_Driver/Src/stm32g4xx_hal_comp.o
 .text.LL_EXTI_EnableEvent_0_31
                0x0800373c       0x24 ./Drivers/STM32G4xx_HAL_Driver/Src/stm32g4xx_hal_comp.o
 .text.LL_EXTI_DisableEvent_0_31
                0x08003760       0x28 ./Drivers/STM32G4xx_HAL_Driver/Src/stm32g4xx_hal_comp.o
 .text.LL_EXTI_EnableRisingTrig_0_31
                0x08003788       0x24 ./Drivers/STM32G4xx_HAL_Driver/Src/stm32g4xx_hal_comp.o
 .text.LL_EXTI_DisableRisingTrig_0_31
                0x080037ac       0x28 ./Drivers/STM32G4xx_HAL_Driver/Src/stm32g4xx_hal_comp.o
 .text.LL_EXTI_EnableFallingTrig_0_31
                0x080037d4       0x24 ./Drivers/STM32G4xx_HAL_Driver/Src/stm32g4xx_hal_comp.o
 .text.LL_EXTI_DisableFallingTrig_0_31
                0x080037f8       0x28 ./Drivers/STM32G4xx_HAL_Driver/Src/stm32g4xx_hal_comp.o
 .text.LL_EXTI_ClearFlag_0_31
                0x08003820       0x20 ./Drivers/STM32G4xx_HAL_Driver/Src/stm32g4xx_hal_comp.o
 .text.HAL_COMP_Init
                0x08003840      0x1b8 ./Drivers/STM32G4xx_HAL_Driver/Src/stm32g4xx_hal_comp.o
                0x08003840                HAL_COMP_Init
 .text.__NVIC_SetPriorityGrouping
                0x080039f8       0x48 ./Drivers/STM32G4xx_HAL_Driver/Src/stm32g4xx_hal_cortex.o
 .text.__NVIC_GetPriorityGrouping
                0x08003a40       0x1c ./Drivers/STM32G4xx_HAL_Driver/Src/stm32g4xx_hal_cortex.o
 .text.__NVIC_EnableIRQ
                0x08003a5c       0x3c ./Drivers/STM32G4xx_HAL_Driver/Src/stm32g4xx_hal_cortex.o
 .text.__NVIC_SetPriority
                0x08003a98       0x54 ./Drivers/STM32G4xx_HAL_Driver/Src/stm32g4xx_hal_cortex.o
 .text.NVIC_EncodePriority
                0x08003aec       0x66 ./Drivers/STM32G4xx_HAL_Driver/Src/stm32g4xx_hal_cortex.o
 *fill*         0x08003b52        0x2 
 .text.SysTick_Config
                0x08003b54       0x44 ./Drivers/STM32G4xx_HAL_Driver/Src/stm32g4xx_hal_cortex.o
 .text.HAL_NVIC_SetPriorityGrouping
                0x08003b98       0x16 ./Drivers/STM32G4xx_HAL_Driver/Src/stm32g4xx_hal_cortex.o
                0x08003b98                HAL_NVIC_SetPriorityGrouping
 .text.HAL_NVIC_SetPriority
                0x08003bae       0x34 ./Drivers/STM32G4xx_HAL_Driver/Src/stm32g4xx_hal_cortex.o
                0x08003bae                HAL_NVIC_SetPriority
 .text.HAL_NVIC_EnableIRQ
                0x08003be2       0x1c ./Drivers/STM32G4xx_HAL_Driver/Src/stm32g4xx_hal_cortex.o
                0x08003be2                HAL_NVIC_EnableIRQ
 .text.HAL_SYSTICK_Config
                0x08003bfe       0x18 ./Drivers/STM32G4xx_HAL_Driver/Src/stm32g4xx_hal_cortex.o
                0x08003bfe                HAL_SYSTICK_Config
 .text.HAL_DAC_Init
                0x08003c16       0x44 ./Drivers/STM32G4xx_HAL_Driver/Src/stm32g4xx_hal_dac.o
                0x08003c16                HAL_DAC_Init
 *fill*         0x08003c5a        0x2 
 .text.HAL_DAC_ConfigChannel
                0x08003c5c      0x374 ./Drivers/STM32G4xx_HAL_Driver/Src/stm32g4xx_hal_dac.o
                0x08003c5c                HAL_DAC_ConfigChannel
 .text.HAL_DMA_Init
                0x08003fd0      0x150 ./Drivers/STM32G4xx_HAL_Driver/Src/stm32g4xx_hal_dma.o
                0x08003fd0                HAL_DMA_Init
 .text.HAL_DMA_Start_IT
                0x08004120       0xf6 ./Drivers/STM32G4xx_HAL_Driver/Src/stm32g4xx_hal_dma.o
                0x08004120                HAL_DMA_Start_IT
 .text.HAL_DMA_Abort_IT
                0x08004216       0xce ./Drivers/STM32G4xx_HAL_Driver/Src/stm32g4xx_hal_dma.o
                0x08004216                HAL_DMA_Abort_IT
 .text.HAL_DMA_IRQHandler
                0x080042e4      0x15e ./Drivers/STM32G4xx_HAL_Driver/Src/stm32g4xx_hal_dma.o
                0x080042e4                HAL_DMA_IRQHandler
 .text.DMA_SetConfig
                0x08004442       0x7c ./Drivers/STM32G4xx_HAL_Driver/Src/stm32g4xx_hal_dma.o
 *fill*         0x080044be        0x2 
 .text.DMA_CalcDMAMUXChannelBaseAndMask
                0x080044c0       0x7c ./Drivers/STM32G4xx_HAL_Driver/Src/stm32g4xx_hal_dma.o
 .text.DMA_CalcDMAMUXRequestGenBaseAndMask
                0x0800453c       0x48 ./Drivers/STM32G4xx_HAL_Driver/Src/stm32g4xx_hal_dma.o
 .text.HAL_FDCAN_Init
                0x08004584      0x2b4 ./Drivers/STM32G4xx_HAL_Driver/Src/stm32g4xx_hal_fdcan.o
                0x08004584                HAL_FDCAN_Init
 .text.FDCAN_CalcultateRamBlockAddresses
                0x08004838       0xac ./Drivers/STM32G4xx_HAL_Driver/Src/stm32g4xx_hal_fdcan.o
 .text.HAL_GPIO_Init
                0x080048e4      0x304 ./Drivers/STM32G4xx_HAL_Driver/Src/stm32g4xx_hal_gpio.o
                0x080048e4                HAL_GPIO_Init
 .text.HAL_GPIO_WritePin
                0x08004be8       0x30 ./Drivers/STM32G4xx_HAL_Driver/Src/stm32g4xx_hal_gpio.o
                0x08004be8                HAL_GPIO_WritePin
 .text.HAL_GPIO_TogglePin
                0x08004c18       0x34 ./Drivers/STM32G4xx_HAL_Driver/Src/stm32g4xx_hal_gpio.o
                0x08004c18                HAL_GPIO_TogglePin
 .text.HAL_I2C_Init
                0x08004c4c      0x136 ./Drivers/STM32G4xx_HAL_Driver/Src/stm32g4xx_hal_i2c.o
                0x08004c4c                HAL_I2C_Init
 *fill*         0x08004d82        0x2 
 .text.HAL_I2C_Mem_Write
                0x08004d84      0x228 ./Drivers/STM32G4xx_HAL_Driver/Src/stm32g4xx_hal_i2c.o
                0x08004d84                HAL_I2C_Mem_Write
 .text.HAL_I2C_Mem_Read
                0x08004fac      0x234 ./Drivers/STM32G4xx_HAL_Driver/Src/stm32g4xx_hal_i2c.o
                0x08004fac                HAL_I2C_Mem_Read
 .text.I2C_RequestMemoryWrite
                0x080051e0       0xa8 ./Drivers/STM32G4xx_HAL_Driver/Src/stm32g4xx_hal_i2c.o
 .text.I2C_RequestMemoryRead
                0x08005288       0xa8 ./Drivers/STM32G4xx_HAL_Driver/Src/stm32g4xx_hal_i2c.o
 .text.I2C_Flush_TXDR
                0x08005330       0x48 ./Drivers/STM32G4xx_HAL_Driver/Src/stm32g4xx_hal_i2c.o
 .text.I2C_WaitOnFlagUntilTimeout
                0x08005378       0xb2 ./Drivers/STM32G4xx_HAL_Driver/Src/stm32g4xx_hal_i2c.o
 .text.I2C_WaitOnTXISFlagUntilTimeout
                0x0800542a       0x8e ./Drivers/STM32G4xx_HAL_Driver/Src/stm32g4xx_hal_i2c.o
 .text.I2C_WaitOnSTOPFlagUntilTimeout
                0x080054b8       0x86 ./Drivers/STM32G4xx_HAL_Driver/Src/stm32g4xx_hal_i2c.o
 *fill*         0x0800553e        0x2 
 .text.I2C_IsErrorOccurred
                0x08005540      0x1c0 ./Drivers/STM32G4xx_HAL_Driver/Src/stm32g4xx_hal_i2c.o
 .text.I2C_TransferConfig
                0x08005700       0x64 ./Drivers/STM32G4xx_HAL_Driver/Src/stm32g4xx_hal_i2c.o
 .text.HAL_I2CEx_ConfigAnalogFilter
                0x08005764       0x96 ./Drivers/STM32G4xx_HAL_Driver/Src/stm32g4xx_hal_i2c_ex.o
                0x08005764                HAL_I2CEx_ConfigAnalogFilter
 .text.HAL_I2CEx_ConfigDigitalFilter
                0x080057fa       0x98 ./Drivers/STM32G4xx_HAL_Driver/Src/stm32g4xx_hal_i2c_ex.o
                0x080057fa                HAL_I2CEx_ConfigDigitalFilter
 .text.HAL_IWDG_Init
                0x08005892       0x9e ./Drivers/STM32G4xx_HAL_Driver/Src/stm32g4xx_hal_iwdg.o
                0x08005892                HAL_IWDG_Init
 .text.HAL_IWDG_Refresh
                0x08005930       0x20 ./Drivers/STM32G4xx_HAL_Driver/Src/stm32g4xx_hal_iwdg.o
                0x08005930                HAL_IWDG_Refresh
 .text.HAL_PCD_Init
                0x08005950      0x19c ./Drivers/STM32G4xx_HAL_Driver/Src/stm32g4xx_hal_pcd.o
                0x08005950                HAL_PCD_Init
 .text.HAL_PCD_Start
                0x08005aec       0x44 ./Drivers/STM32G4xx_HAL_Driver/Src/stm32g4xx_hal_pcd.o
                0x08005aec                HAL_PCD_Start
 .text.HAL_PCD_IRQHandler
                0x08005b30      0x24e ./Drivers/STM32G4xx_HAL_Driver/Src/stm32g4xx_hal_pcd.o
                0x08005b30                HAL_PCD_IRQHandler
 .text.HAL_PCD_SetAddress
                0x08005d7e       0x48 ./Drivers/STM32G4xx_HAL_Driver/Src/stm32g4xx_hal_pcd.o
                0x08005d7e                HAL_PCD_SetAddress
 .text.HAL_PCD_EP_Open
                0x08005dc6       0xbe ./Drivers/STM32G4xx_HAL_Driver/Src/stm32g4xx_hal_pcd.o
                0x08005dc6                HAL_PCD_EP_Open
 .text.HAL_PCD_EP_Close
                0x08005e84       0x90 ./Drivers/STM32G4xx_HAL_Driver/Src/stm32g4xx_hal_pcd.o
                0x08005e84                HAL_PCD_EP_Close
 .text.HAL_PCD_EP_Receive
                0x08005f14       0x62 ./Drivers/STM32G4xx_HAL_Driver/Src/stm32g4xx_hal_pcd.o
                0x08005f14                HAL_PCD_EP_Receive
 .text.HAL_PCD_EP_GetRxCount
                0x08005f76       0x30 ./Drivers/STM32G4xx_HAL_Driver/Src/stm32g4xx_hal_pcd.o
                0x08005f76                HAL_PCD_EP_GetRxCount
 .text.HAL_PCD_EP_Transmit
                0x08005fa6       0x6e ./Drivers/STM32G4xx_HAL_Driver/Src/stm32g4xx_hal_pcd.o
                0x08005fa6                HAL_PCD_EP_Transmit
 .text.HAL_PCD_EP_SetStall
                0x08006014       0xa4 ./Drivers/STM32G4xx_HAL_Driver/Src/stm32g4xx_hal_pcd.o
                0x08006014                HAL_PCD_EP_SetStall
 .text.HAL_PCD_EP_ClrStall
                0x080060b8       0xa8 ./Drivers/STM32G4xx_HAL_Driver/Src/stm32g4xx_hal_pcd.o
                0x080060b8                HAL_PCD_EP_ClrStall
 .text.PCD_EP_ISR_Handler
                0x08006160      0x68e ./Drivers/STM32G4xx_HAL_Driver/Src/stm32g4xx_hal_pcd.o
 .text.HAL_PCD_EP_DB_Receive
                0x080067ee      0x212 ./Drivers/STM32G4xx_HAL_Driver/Src/stm32g4xx_hal_pcd.o
 .text.HAL_PCD_EP_DB_Transmit
                0x08006a00      0x878 ./Drivers/STM32G4xx_HAL_Driver/Src/stm32g4xx_hal_pcd.o
 .text.HAL_PCDEx_PMAConfig
                0x08007278       0x86 ./Drivers/STM32G4xx_HAL_Driver/Src/stm32g4xx_hal_pcd_ex.o
                0x08007278                HAL_PCDEx_PMAConfig
 .text.HAL_PCDEx_ActivateLPM
                0x080072fe       0x54 ./Drivers/STM32G4xx_HAL_Driver/Src/stm32g4xx_hal_pcd_ex.o
                0x080072fe                HAL_PCDEx_ActivateLPM
 *fill*         0x08007352        0x2 
 .text.HAL_PWREx_ControlVoltageScaling
                0x08007354      0x148 ./Drivers/STM32G4xx_HAL_Driver/Src/stm32g4xx_hal_pwr_ex.o
                0x08007354                HAL_PWREx_ControlVoltageScaling
 .text.HAL_PWREx_DisableUCPDDeadBattery
                0x0800749c       0x20 ./Drivers/STM32G4xx_HAL_Driver/Src/stm32g4xx_hal_pwr_ex.o
                0x0800749c                HAL_PWREx_DisableUCPDDeadBattery
 .text.HAL_RCC_OscConfig
                0x080074bc      0x624 ./Drivers/STM32G4xx_HAL_Driver/Src/stm32g4xx_hal_rcc.o
                0x080074bc                HAL_RCC_OscConfig
 .text.HAL_RCC_ClockConfig
                0x08007ae0      0x278 ./Drivers/STM32G4xx_HAL_Driver/Src/stm32g4xx_hal_rcc.o
                0x08007ae0                HAL_RCC_ClockConfig
 .text.HAL_RCC_GetSysClockFreq
                0x08007d58       0xc4 ./Drivers/STM32G4xx_HAL_Driver/Src/stm32g4xx_hal_rcc.o
                0x08007d58                HAL_RCC_GetSysClockFreq
 .text.HAL_RCC_GetHCLKFreq
                0x08007e1c       0x18 ./Drivers/STM32G4xx_HAL_Driver/Src/stm32g4xx_hal_rcc.o
                0x08007e1c                HAL_RCC_GetHCLKFreq
 .text.HAL_RCC_GetPCLK1Freq
                0x08007e34       0x2c ./Drivers/STM32G4xx_HAL_Driver/Src/stm32g4xx_hal_rcc.o
                0x08007e34                HAL_RCC_GetPCLK1Freq
 .text.HAL_RCC_GetPCLK2Freq
                0x08007e60       0x2c ./Drivers/STM32G4xx_HAL_Driver/Src/stm32g4xx_hal_rcc.o
                0x08007e60                HAL_RCC_GetPCLK2Freq
 .text.RCC_GetSysClockFreqFromPLLSource
                0x08007e8c       0x8c ./Drivers/STM32G4xx_HAL_Driver/Src/stm32g4xx_hal_rcc.o
 .text.HAL_RCCEx_PeriphCLKConfig
                0x08007f18      0x3e0 ./Drivers/STM32G4xx_HAL_Driver/Src/stm32g4xx_hal_rcc_ex.o
                0x08007f18                HAL_RCCEx_PeriphCLKConfig
 .text.HAL_SPI_Transmit
                0x080082f8      0x2ec ./Drivers/STM32G4xx_HAL_Driver/Src/stm32g4xx_hal_spi.o
                0x080082f8                HAL_SPI_Transmit
 .text.HAL_SPI_IRQHandler
                0x080085e4      0x200 ./Drivers/STM32G4xx_HAL_Driver/Src/stm32g4xx_hal_spi.o
                0x080085e4                HAL_SPI_IRQHandler
 .text.HAL_SPI_ErrorCallback
                0x080087e4       0x14 ./Drivers/STM32G4xx_HAL_Driver/Src/stm32g4xx_hal_spi.o
                0x080087e4                HAL_SPI_ErrorCallback
 .text.SPI_DMAAbortOnError
                0x080087f8       0x2a ./Drivers/STM32G4xx_HAL_Driver/Src/stm32g4xx_hal_spi.o
 *fill*         0x08008822        0x2 
 .text.SPI_WaitFlagStateUntilTimeout
                0x08008824      0x110 ./Drivers/STM32G4xx_HAL_Driver/Src/stm32g4xx_hal_spi.o
 .text.SPI_WaitFifoStateUntilTimeout
                0x08008934      0x12c ./Drivers/STM32G4xx_HAL_Driver/Src/stm32g4xx_hal_spi.o
 .text.SPI_EndRxTxTransaction
                0x08008a60       0x8c ./Drivers/STM32G4xx_HAL_Driver/Src/stm32g4xx_hal_spi.o
 .text.HAL_UART_Init
                0x08008aec       0xa0 ./Drivers/STM32G4xx_HAL_Driver/Src/stm32g4xx_hal_uart.o
                0x08008aec                HAL_UART_Init
 .text.HAL_UART_Transmit
                0x08008b8c      0x11c ./Drivers/STM32G4xx_HAL_Driver/Src/stm32g4xx_hal_uart.o
                0x08008b8c                HAL_UART_Transmit
 .text.UART_SetConfig
                0x08008ca8      0x598 ./Drivers/STM32G4xx_HAL_Driver/Src/stm32g4xx_hal_uart.o
                0x08008ca8                UART_SetConfig
 .text.UART_AdvFeatureConfig
                0x08009240      0x144 ./Drivers/STM32G4xx_HAL_Driver/Src/stm32g4xx_hal_uart.o
                0x08009240                UART_AdvFeatureConfig
 .text.UART_CheckIdleState
                0x08009384      0x154 ./Drivers/STM32G4xx_HAL_Driver/Src/stm32g4xx_hal_uart.o
                0x08009384                UART_CheckIdleState
 .text.UART_WaitOnFlagUntilTimeout
                0x080094d8       0xda ./Drivers/STM32G4xx_HAL_Driver/Src/stm32g4xx_hal_uart.o
                0x080094d8                UART_WaitOnFlagUntilTimeout
 .text.UART_EndRxTransfer
                0x080095b2       0xcc ./Drivers/STM32G4xx_HAL_Driver/Src/stm32g4xx_hal_uart.o
 .text.HAL_UARTEx_DisableFifoMode
                0x0800967e       0x72 ./Drivers/STM32G4xx_HAL_Driver/Src/stm32g4xx_hal_uart_ex.o
                0x0800967e                HAL_UARTEx_DisableFifoMode
 .text.HAL_UARTEx_SetTxFifoThreshold
                0x080096f0       0x7c ./Drivers/STM32G4xx_HAL_Driver/Src/stm32g4xx_hal_uart_ex.o
                0x080096f0                HAL_UARTEx_SetTxFifoThreshold
 .text.HAL_UARTEx_SetRxFifoThreshold
                0x0800976c       0x7c ./Drivers/STM32G4xx_HAL_Driver/Src/stm32g4xx_hal_uart_ex.o
                0x0800976c                HAL_UARTEx_SetRxFifoThreshold
 .text.UARTEx_SetNbDataToProcess
                0x080097e8       0x9c ./Drivers/STM32G4xx_HAL_Driver/Src/stm32g4xx_hal_uart_ex.o
 .text.USB_EnableGlobalInt
                0x08009884       0x2e ./Drivers/STM32G4xx_HAL_Driver/Src/stm32g4xx_ll_usb.o
                0x08009884                USB_EnableGlobalInt
 .text.USB_DisableGlobalInt
                0x080098b2       0x36 ./Drivers/STM32G4xx_HAL_Driver/Src/stm32g4xx_ll_usb.o
                0x080098b2                USB_DisableGlobalInt
 .text.USB_DevInit
                0x080098e8       0x3c ./Drivers/STM32G4xx_HAL_Driver/Src/stm32g4xx_ll_usb.o
                0x080098e8                USB_DevInit
 .text.USB_ActivateEndpoint
                0x08009924      0x9d0 ./Drivers/STM32G4xx_HAL_Driver/Src/stm32g4xx_ll_usb.o
                0x08009924                USB_ActivateEndpoint
 .text.USB_DeactivateEndpoint
                0x0800a2f4      0x3da ./Drivers/STM32G4xx_HAL_Driver/Src/stm32g4xx_ll_usb.o
                0x0800a2f4                USB_DeactivateEndpoint
 .text.USB_EPStartXfer
                0x0800a6ce      0xb5e ./Drivers/STM32G4xx_HAL_Driver/Src/stm32g4xx_ll_usb.o
                0x0800a6ce                USB_EPStartXfer
 .text.USB_EPSetStall
                0x0800b22c       0xa2 ./Drivers/STM32G4xx_HAL_Driver/Src/stm32g4xx_ll_usb.o
                0x0800b22c                USB_EPSetStall
 .text.USB_EPClearStall
                0x0800b2ce      0x152 ./Drivers/STM32G4xx_HAL_Driver/Src/stm32g4xx_ll_usb.o
                0x0800b2ce                USB_EPClearStall
 .text.USB_SetDevAddress
                0x0800b420       0x28 ./Drivers/STM32G4xx_HAL_Driver/Src/stm32g4xx_ll_usb.o
                0x0800b420                USB_SetDevAddress
 .text.USB_DevConnect
                0x0800b448       0x2e ./Drivers/STM32G4xx_HAL_Driver/Src/stm32g4xx_ll_usb.o
                0x0800b448                USB_DevConnect
 .text.USB_ReadInterrupts
                0x0800b476       0x20 ./Drivers/STM32G4xx_HAL_Driver/Src/stm32g4xx_ll_usb.o
                0x0800b476                USB_ReadInterrupts
 .text.USB_WritePMA
                0x0800b496       0x86 ./Drivers/STM32G4xx_HAL_Driver/Src/stm32g4xx_ll_usb.o
                0x0800b496                USB_WritePMA
 .text.USB_ReadPMA
                0x0800b51c       0x98 ./Drivers/STM32G4xx_HAL_Driver/Src/stm32g4xx_ll_usb.o
                0x0800b51c                USB_ReadPMA
 .text.USBD_CDC_Init
                0x0800b5b4       0xfe ./Middlewares/ST/STM32_USB_Device_Library/Class/CDC/Src/usbd_cdc.o
 .text.USBD_CDC_DeInit
                0x0800b6b2       0x74 ./Middlewares/ST/STM32_USB_Device_Library/Class/CDC/Src/usbd_cdc.o
 *fill*         0x0800b726        0x2 
 .text.USBD_CDC_Setup
                0x0800b728      0x190 ./Middlewares/ST/STM32_USB_Device_Library/Class/CDC/Src/usbd_cdc.o
 .text.USBD_CDC_DataIn
                0x0800b8b8       0xca ./Middlewares/ST/STM32_USB_Device_Library/Class/CDC/Src/usbd_cdc.o
 .text.USBD_CDC_DataOut
                0x0800b982       0x56 ./Middlewares/ST/STM32_USB_Device_Library/Class/CDC/Src/usbd_cdc.o
 .text.USBD_CDC_EP0_RxReady
                0x0800b9d8       0x58 ./Middlewares/ST/STM32_USB_Device_Library/Class/CDC/Src/usbd_cdc.o
 .text.USBD_CDC_GetFSCfgDesc
                0x0800ba30       0x20 ./Middlewares/ST/STM32_USB_Device_Library/Class/CDC/Src/usbd_cdc.o
 .text.USBD_CDC_GetHSCfgDesc
                0x0800ba50       0x20 ./Middlewares/ST/STM32_USB_Device_Library/Class/CDC/Src/usbd_cdc.o
 .text.USBD_CDC_GetOtherSpeedCfgDesc
                0x0800ba70       0x20 ./Middlewares/ST/STM32_USB_Device_Library/Class/CDC/Src/usbd_cdc.o
 .text.USBD_CDC_GetDeviceQualifierDescriptor
                0x0800ba90       0x20 ./Middlewares/ST/STM32_USB_Device_Library/Class/CDC/Src/usbd_cdc.o
                0x0800ba90                USBD_CDC_GetDeviceQualifierDescriptor
 .text.USBD_CDC_RegisterInterface
                0x0800bab0       0x2a ./Middlewares/ST/STM32_USB_Device_Library/Class/CDC/Src/usbd_cdc.o
                0x0800bab0                USBD_CDC_RegisterInterface
 .text.USBD_CDC_SetTxBuffer
                0x0800bada       0x3c ./Middlewares/ST/STM32_USB_Device_Library/Class/CDC/Src/usbd_cdc.o
                0x0800bada                USBD_CDC_SetTxBuffer
 .text.USBD_CDC_SetRxBuffer
                0x0800bb16       0x32 ./Middlewares/ST/STM32_USB_Device_Library/Class/CDC/Src/usbd_cdc.o
                0x0800bb16                USBD_CDC_SetRxBuffer
 .text.USBD_CDC_ReceivePacket
                0x0800bb48       0x54 ./Middlewares/ST/STM32_USB_Device_Library/Class/CDC/Src/usbd_cdc.o
                0x0800bb48                USBD_CDC_ReceivePacket
 .text.USBD_Init
                0x0800bb9c       0x60 ./Middlewares/ST/STM32_USB_Device_Library/Core/Src/usbd_core.o
                0x0800bb9c                USBD_Init
 .text.USBD_RegisterClass
                0x0800bbfc       0x4e ./Middlewares/ST/STM32_USB_Device_Library/Core/Src/usbd_core.o
                0x0800bbfc                USBD_RegisterClass
 .text.USBD_Start
                0x0800bc4a       0x18 ./Middlewares/ST/STM32_USB_Device_Library/Core/Src/usbd_core.o
                0x0800bc4a                USBD_Start
 .text.USBD_RunTestMode
                0x0800bc62       0x16 ./Middlewares/ST/STM32_USB_Device_Library/Core/Src/usbd_core.o
                0x0800bc62                USBD_RunTestMode
 .text.USBD_SetClassConfig
                0x0800bc78       0x38 ./Middlewares/ST/STM32_USB_Device_Library/Core/Src/usbd_core.o
                0x0800bc78                USBD_SetClassConfig
 .text.USBD_ClrClassConfig
                0x0800bcb0       0x30 ./Middlewares/ST/STM32_USB_Device_Library/Core/Src/usbd_core.o
                0x0800bcb0                USBD_ClrClassConfig
 .text.USBD_LL_SetupStage
                0x0800bce0       0xaa ./Middlewares/ST/STM32_USB_Device_Library/Core/Src/usbd_core.o
                0x0800bce0                USBD_LL_SetupStage
 .text.USBD_LL_DataOutStage
                0x0800bd8a       0xc6 ./Middlewares/ST/STM32_USB_Device_Library/Core/Src/usbd_core.o
                0x0800bd8a                USBD_LL_DataOutStage
 .text.USBD_LL_DataInStage
                0x0800be50      0x12c ./Middlewares/ST/STM32_USB_Device_Library/Core/Src/usbd_core.o
                0x0800be50                USBD_LL_DataInStage
 .text.USBD_LL_Reset
                0x0800bf7c       0x9c ./Middlewares/ST/STM32_USB_Device_Library/Core/Src/usbd_core.o
                0x0800bf7c                USBD_LL_Reset
 .text.USBD_LL_SetSpeed
                0x0800c018       0x20 ./Middlewares/ST/STM32_USB_Device_Library/Core/Src/usbd_core.o
                0x0800c018                USBD_LL_SetSpeed
 .text.USBD_LL_Suspend
                0x0800c038       0x2c ./Middlewares/ST/STM32_USB_Device_Library/Core/Src/usbd_core.o
                0x0800c038                USBD_LL_Suspend
 .text.USBD_LL_Resume
                0x0800c064       0x30 ./Middlewares/ST/STM32_USB_Device_Library/Core/Src/usbd_core.o
                0x0800c064                USBD_LL_Resume
 .text.USBD_LL_SOF
                0x0800c094       0x44 ./Middlewares/ST/STM32_USB_Device_Library/Core/Src/usbd_core.o
                0x0800c094                USBD_LL_SOF
 .text.SWAPBYTE
                0x0800c0d8       0x3e ./Middlewares/ST/STM32_USB_Device_Library/Core/Src/usbd_ctlreq.o
 *fill*         0x0800c116        0x2 
 .text.USBD_StdDevReq
                0x0800c118       0xdc ./Middlewares/ST/STM32_USB_Device_Library/Core/Src/usbd_ctlreq.o
                0x0800c118                USBD_StdDevReq
 .text.USBD_StdItfReq
                0x0800c1f4       0x92 ./Middlewares/ST/STM32_USB_Device_Library/Core/Src/usbd_ctlreq.o
                0x0800c1f4                USBD_StdItfReq
 .text.USBD_StdEPReq
                0x0800c286      0x2c4 ./Middlewares/ST/STM32_USB_Device_Library/Core/Src/usbd_ctlreq.o
                0x0800c286                USBD_StdEPReq
 *fill*         0x0800c54a        0x2 
 .text.USBD_GetDescriptor
                0x0800c54c      0x328 ./Middlewares/ST/STM32_USB_Device_Library/Core/Src/usbd_ctlreq.o
 .text.USBD_SetAddress
                0x0800c874       0x88 ./Middlewares/ST/STM32_USB_Device_Library/Core/Src/usbd_ctlreq.o
 .text.USBD_SetConfig
                0x0800c8fc      0x14c ./Middlewares/ST/STM32_USB_Device_Library/Core/Src/usbd_ctlreq.o
 .text.USBD_GetConfig
                0x0800ca48       0x6c ./Middlewares/ST/STM32_USB_Device_Library/Core/Src/usbd_ctlreq.o
 .text.USBD_GetStatus
                0x0800cab4       0x68 ./Middlewares/ST/STM32_USB_Device_Library/Core/Src/usbd_ctlreq.o
 .text.USBD_SetFeature
                0x0800cb1c       0x28 ./Middlewares/ST/STM32_USB_Device_Library/Core/Src/usbd_ctlreq.o
 .text.USBD_ClrFeature
                0x0800cb44       0x44 ./Middlewares/ST/STM32_USB_Device_Library/Core/Src/usbd_ctlreq.o
 .text.USBD_ParseSetupRequest
                0x0800cb88       0x74 ./Middlewares/ST/STM32_USB_Device_Library/Core/Src/usbd_ctlreq.o
                0x0800cb88                USBD_ParseSetupRequest
 .text.USBD_CtlError
                0x0800cbfc       0x22 ./Middlewares/ST/STM32_USB_Device_Library/Core/Src/usbd_ctlreq.o
                0x0800cbfc                USBD_CtlError
 .text.USBD_GetString
                0x0800cc1e       0x8c ./Middlewares/ST/STM32_USB_Device_Library/Core/Src/usbd_ctlreq.o
                0x0800cc1e                USBD_GetString
 .text.USBD_GetLen
                0x0800ccaa       0x34 ./Middlewares/ST/STM32_USB_Device_Library/Core/Src/usbd_ctlreq.o
 .text.USBD_CtlSendData
                0x0800ccde       0x36 ./Middlewares/ST/STM32_USB_Device_Library/Core/Src/usbd_ioreq.o
                0x0800ccde                USBD_CtlSendData
 .text.USBD_CtlContinueSendData
                0x0800cd14       0x22 ./Middlewares/ST/STM32_USB_Device_Library/Core/Src/usbd_ioreq.o
                0x0800cd14                USBD_CtlContinueSendData
 .text.USBD_CtlPrepareRx
                0x0800cd36       0x3a ./Middlewares/ST/STM32_USB_Device_Library/Core/Src/usbd_ioreq.o
                0x0800cd36                USBD_CtlPrepareRx
 .text.USBD_CtlContinueRx
                0x0800cd70       0x22 ./Middlewares/ST/STM32_USB_Device_Library/Core/Src/usbd_ioreq.o
                0x0800cd70                USBD_CtlContinueRx
 .text.USBD_CtlSendStatus
                0x0800cd92       0x26 ./Middlewares/ST/STM32_USB_Device_Library/Core/Src/usbd_ioreq.o
                0x0800cd92                USBD_CtlSendStatus
 .text.USBD_CtlReceiveStatus
                0x0800cdb8       0x26 ./Middlewares/ST/STM32_USB_Device_Library/Core/Src/usbd_ioreq.o
                0x0800cdb8                USBD_CtlReceiveStatus
 *fill*         0x0800cdde        0x2 
 .text.MX_USB_Device_Init
                0x0800cde0       0x60 ./USB_Device/App/usb_device.o
                0x0800cde0                MX_USB_Device_Init
 .text.CDC_Init_FS
                0x0800ce40       0x28 ./USB_Device/App/usbd_cdc_if.o
 .text.CDC_DeInit_FS
                0x0800ce68       0x10 ./USB_Device/App/usbd_cdc_if.o
 .text.CDC_Control_FS
                0x0800ce78       0xbc ./USB_Device/App/usbd_cdc_if.o
 .text.CDC_Receive_FS
                0x0800cf34       0x28 ./USB_Device/App/usbd_cdc_if.o
 .text.CDC_TransmitCplt_FS
                0x0800cf5c       0x22 ./USB_Device/App/usbd_cdc_if.o
 *fill*         0x0800cf7e        0x2 
 .text.USBD_CDC_DeviceDescriptor
                0x0800cf80       0x24 ./USB_Device/App/usbd_desc.o
                0x0800cf80                USBD_CDC_DeviceDescriptor
 .text.USBD_CDC_LangIDStrDescriptor
                0x0800cfa4       0x24 ./USB_Device/App/usbd_desc.o
                0x0800cfa4                USBD_CDC_LangIDStrDescriptor
 .text.USBD_CDC_ProductStrDescriptor
                0x0800cfc8       0x3c ./USB_Device/App/usbd_desc.o
                0x0800cfc8                USBD_CDC_ProductStrDescriptor
 .text.USBD_CDC_ManufacturerStrDescriptor
                0x0800d004       0x28 ./USB_Device/App/usbd_desc.o
                0x0800d004                USBD_CDC_ManufacturerStrDescriptor
 .text.USBD_CDC_SerialStrDescriptor
                0x0800d02c       0x24 ./USB_Device/App/usbd_desc.o
                0x0800d02c                USBD_CDC_SerialStrDescriptor
 .text.USBD_CDC_ConfigStrDescriptor
                0x0800d050       0x3c ./USB_Device/App/usbd_desc.o
                0x0800d050                USBD_CDC_ConfigStrDescriptor
 .text.USBD_CDC_InterfaceStrDescriptor
                0x0800d08c       0x3c ./USB_Device/App/usbd_desc.o
                0x0800d08c                USBD_CDC_InterfaceStrDescriptor
 .text.Get_SerialNum
                0x0800d0c8       0x58 ./USB_Device/App/usbd_desc.o
 .text.IntToUnicode
                0x0800d120       0x7e ./USB_Device/App/usbd_desc.o
 *fill*         0x0800d19e        0x2 
 .text.HAL_PCD_MspInit
                0x0800d1a0       0x78 ./USB_Device/Target/usbd_conf.o
                0x0800d1a0                HAL_PCD_MspInit
 .text.HAL_PCD_SetupStageCallback
                0x0800d218       0x24 ./USB_Device/Target/usbd_conf.o
                0x0800d218                HAL_PCD_SetupStageCallback
 .text.HAL_PCD_DataOutStageCallback
                0x0800d23c       0x36 ./USB_Device/Target/usbd_conf.o
                0x0800d23c                HAL_PCD_DataOutStageCallback
 .text.HAL_PCD_DataInStageCallback
                0x0800d272       0x34 ./USB_Device/Target/usbd_conf.o
                0x0800d272                HAL_PCD_DataInStageCallback
 .text.HAL_PCD_SOFCallback
                0x0800d2a6       0x1c ./USB_Device/Target/usbd_conf.o
                0x0800d2a6                HAL_PCD_SOFCallback
 .text.HAL_PCD_ResetCallback
                0x0800d2c2       0x3c ./USB_Device/Target/usbd_conf.o
                0x0800d2c2                HAL_PCD_ResetCallback
 *fill*         0x0800d2fe        0x2 
 .text.HAL_PCD_SuspendCallback
                0x0800d300       0x34 ./USB_Device/Target/usbd_conf.o
                0x0800d300                HAL_PCD_SuspendCallback
 .text.HAL_PCD_ResumeCallback
                0x0800d334       0x38 ./USB_Device/Target/usbd_conf.o
                0x0800d334                HAL_PCD_ResumeCallback
 .text.USBD_LL_Init
                0x0800d36c       0xc0 ./USB_Device/Target/usbd_conf.o
                0x0800d36c                USBD_LL_Init
 .text.USBD_LL_Start
                0x0800d42c       0x36 ./USB_Device/Target/usbd_conf.o
                0x0800d42c                USBD_LL_Start
 .text.USBD_LL_OpenEP
                0x0800d462       0x4c ./USB_Device/Target/usbd_conf.o
                0x0800d462                USBD_LL_OpenEP
 .text.USBD_LL_CloseEP
                0x0800d4ae       0x3e ./USB_Device/Target/usbd_conf.o
                0x0800d4ae                USBD_LL_CloseEP
 .text.USBD_LL_StallEP
                0x0800d4ec       0x3e ./USB_Device/Target/usbd_conf.o
                0x0800d4ec                USBD_LL_StallEP
 .text.USBD_LL_ClearStallEP
                0x0800d52a       0x3e ./USB_Device/Target/usbd_conf.o
                0x0800d52a                USBD_LL_ClearStallEP
 .text.USBD_LL_IsStallEP
                0x0800d568       0x58 ./USB_Device/Target/usbd_conf.o
                0x0800d568                USBD_LL_IsStallEP
 .text.USBD_LL_SetUSBAddress
                0x0800d5c0       0x3e ./USB_Device/Target/usbd_conf.o
                0x0800d5c0                USBD_LL_SetUSBAddress
 .text.USBD_LL_Transmit
                0x0800d5fe       0x42 ./USB_Device/Target/usbd_conf.o
                0x0800d5fe                USBD_LL_Transmit
 .text.USBD_LL_PrepareReceive
                0x0800d640       0x42 ./USB_Device/Target/usbd_conf.o
                0x0800d640                USBD_LL_PrepareReceive
 .text.USBD_LL_GetRxDataSize
                0x0800d682       0x26 ./USB_Device/Target/usbd_conf.o
                0x0800d682                USBD_LL_GetRxDataSize
 .text.HAL_PCDEx_LPM_Callback
                0x0800d6a8       0x6c ./USB_Device/Target/usbd_conf.o
                0x0800d6a8                HAL_PCDEx_LPM_Callback
 .text.USBD_static_malloc
                0x0800d714       0x1c ./USB_Device/Target/usbd_conf.o
                0x0800d714                USBD_static_malloc
 .text.USBD_static_free
                0x0800d730       0x14 ./USB_Device/Target/usbd_conf.o
                0x0800d730                USBD_static_free
 .text.SystemClockConfig_Resume
                0x0800d744        0xc ./USB_Device/Target/usbd_conf.o
 .text.USBD_Get_USB_Status
                0x0800d750       0x58 ./USB_Device/Target/usbd_conf.o
 .text.std      0x0800d7a8       0x6c C:/ST/STM32CubeIDE_2.0.0/STM32CubeIDE/plugins/com.st.stm32cube.ide.mcu.externaltools.gnu-tools-for-stm32.13.3.rel1.win32_1.0.100.202509120712/tools/bin/../lib/gcc/arm-none-eabi/13.3.1/../../../../arm-none-eabi/lib/thumb/v7e-m+fp/hard\libc_nano.a(libc_a-findfp.o)
 .text.stdio_exit_handler
                0x0800d814       0x18 C:/ST/STM32CubeIDE_2.0.0/STM32CubeIDE/plugins/com.st.stm32cube.ide.mcu.externaltools.gnu-tools-for-stm32.13.3.rel1.win32_1.0.100.202509120712/tools/bin/../lib/gcc/arm-none-eabi/13.3.1/../../../../arm-none-eabi/lib/thumb/v7e-m+fp/hard\libc_nano.a(libc_a-findfp.o)
 .text.cleanup_stdio
                0x0800d82c       0x40 C:/ST/STM32CubeIDE_2.0.0/STM32CubeIDE/plugins/com.st.stm32cube.ide.mcu.externaltools.gnu-tools-for-stm32.13.3.rel1.win32_1.0.100.202509120712/tools/bin/../lib/gcc/arm-none-eabi/13.3.1/../../../../arm-none-eabi/lib/thumb/v7e-m+fp/hard\libc_nano.a(libc_a-findfp.o)
 .text.global_stdio_init.part.0
                0x0800d86c       0x3c C:/ST/STM32CubeIDE_2.0.0/STM32CubeIDE/plugins/com.st.stm32cube.ide.mcu.externaltools.gnu-tools-for-stm32.13.3.rel1.win32_1.0.100.202509120712/tools/bin/../lib/gcc/arm-none-eabi/13.3.1/../../../../arm-none-eabi/lib/thumb/v7e-m+fp/hard\libc_nano.a(libc_a-findfp.o)
 .text.__sfp_lock_acquire
                0x0800d8a8        0xc C:/ST/STM32CubeIDE_2.0.0/STM32CubeIDE/plugins/com.st.stm32cube.ide.mcu.externaltools.gnu-tools-for-stm32.13.3.rel1.win32_1.0.100.202509120712/tools/bin/../lib/gcc/arm-none-eabi/13.3.1/../../../../arm-none-eabi/lib/thumb/v7e-m+fp/hard\libc_nano.a(libc_a-findfp.o)
                0x0800d8a8                __sfp_lock_acquire
 .text.__sfp_lock_release
                0x0800d8b4        0xc C:/ST/STM32CubeIDE_2.0.0/STM32CubeIDE/plugins/com.st.stm32cube.ide.mcu.externaltools.gnu-tools-for-stm32.13.3.rel1.win32_1.0.100.202509120712/tools/bin/../lib/gcc/arm-none-eabi/13.3.1/../../../../arm-none-eabi/lib/thumb/v7e-m+fp/hard\libc_nano.a(libc_a-findfp.o)
                0x0800d8b4                __sfp_lock_release
 .text.__sinit  0x0800d8c0       0x30 C:/ST/STM32CubeIDE_2.0.0/STM32CubeIDE/plugins/com.st.stm32cube.ide.mcu.externaltools.gnu-tools-for-stm32.13.3.rel1.win32_1.0.100.202509120712/tools/bin/../lib/gcc/arm-none-eabi/13.3.1/../../../../arm-none-eabi/lib/thumb/v7e-m+fp/hard\libc_nano.a(libc_a-findfp.o)
                0x0800d8c0                __sinit
 .text._fwalk_sglue
                0x0800d8f0       0x3c C:/ST/STM32CubeIDE_2.0.0/STM32CubeIDE/plugins/com.st.stm32cube.ide.mcu.externaltools.gnu-tools-for-stm32.13.3.rel1.win32_1.0.100.202509120712/tools/bin/../lib/gcc/arm-none-eabi/13.3.1/../../../../arm-none-eabi/lib/thumb/v7e-m+fp/hard\libc_nano.a(libc_a-fwalk.o)
                0x0800d8f0                _fwalk_sglue
 .text._puts_r  0x0800d92c       0xaa C:/ST/STM32CubeIDE_2.0.0/STM32CubeIDE/plugins/com.st.stm32cube.ide.mcu.externaltools.gnu-tools-for-stm32.13.3.rel1.win32_1.0.100.202509120712/tools/bin/../lib/gcc/arm-none-eabi/13.3.1/../../../../arm-none-eabi/lib/thumb/v7e-m+fp/hard\libc_nano.a(libc_a-puts.o)
                0x0800d92c                _puts_r
 *fill*         0x0800d9d6        0x2 
 .text.puts     0x0800d9d8       0x10 C:/ST/STM32CubeIDE_2.0.0/STM32CubeIDE/plugins/com.st.stm32cube.ide.mcu.externaltools.gnu-tools-for-stm32.13.3.rel1.win32_1.0.100.202509120712/tools/bin/../lib/gcc/arm-none-eabi/13.3.1/../../../../arm-none-eabi/lib/thumb/v7e-m+fp/hard\libc_nano.a(libc_a-puts.o)
                0x0800d9d8                puts
 .text.__sread  0x0800d9e8       0x22 C:/ST/STM32CubeIDE_2.0.0/STM32CubeIDE/plugins/com.st.stm32cube.ide.mcu.externaltools.gnu-tools-for-stm32.13.3.rel1.win32_1.0.100.202509120712/tools/bin/../lib/gcc/arm-none-eabi/13.3.1/../../../../arm-none-eabi/lib/thumb/v7e-m+fp/hard\libc_nano.a(libc_a-stdio.o)
                0x0800d9e8                __sread
 .text.__swrite
                0x0800da0a       0x38 C:/ST/STM32CubeIDE_2.0.0/STM32CubeIDE/plugins/com.st.stm32cube.ide.mcu.externaltools.gnu-tools-for-stm32.13.3.rel1.win32_1.0.100.202509120712/tools/bin/../lib/gcc/arm-none-eabi/13.3.1/../../../../arm-none-eabi/lib/thumb/v7e-m+fp/hard\libc_nano.a(libc_a-stdio.o)
                0x0800da0a                __swrite
 .text.__sseek  0x0800da42       0x24 C:/ST/STM32CubeIDE_2.0.0/STM32CubeIDE/plugins/com.st.stm32cube.ide.mcu.externaltools.gnu-tools-for-stm32.13.3.rel1.win32_1.0.100.202509120712/tools/bin/../lib/gcc/arm-none-eabi/13.3.1/../../../../arm-none-eabi/lib/thumb/v7e-m+fp/hard\libc_nano.a(libc_a-stdio.o)
                0x0800da42                __sseek
 .text.__sclose
                0x0800da66        0x8 C:/ST/STM32CubeIDE_2.0.0/STM32CubeIDE/plugins/com.st.stm32cube.ide.mcu.externaltools.gnu-tools-for-stm32.13.3.rel1.win32_1.0.100.202509120712/tools/bin/../lib/gcc/arm-none-eabi/13.3.1/../../../../arm-none-eabi/lib/thumb/v7e-m+fp/hard\libc_nano.a(libc_a-stdio.o)
                0x0800da66                __sclose
 .text.__swbuf_r
                0x0800da6e       0x7c C:/ST/STM32CubeIDE_2.0.0/STM32CubeIDE/plugins/com.st.stm32cube.ide.mcu.externaltools.gnu-tools-for-stm32.13.3.rel1.win32_1.0.100.202509120712/tools/bin/../lib/gcc/arm-none-eabi/13.3.1/../../../../arm-none-eabi/lib/thumb/v7e-m+fp/hard\libc_nano.a(libc_a-wbuf.o)
                0x0800da6e                __swbuf_r
 *fill*         0x0800daea        0x2 
 .text.__swsetup_r
                0x0800daec       0xac C:/ST/STM32CubeIDE_2.0.0/STM32CubeIDE/plugins/com.st.stm32cube.ide.mcu.externaltools.gnu-tools-for-stm32.13.3.rel1.win32_1.0.100.202509120712/tools/bin/../lib/gcc/arm-none-eabi/13.3.1/../../../../arm-none-eabi/lib/thumb/v7e-m+fp/hard\libc_nano.a(libc_a-wsetup.o)
                0x0800daec                __swsetup_r
 .text.memset   0x0800db98       0x10 C:/ST/STM32CubeIDE_2.0.0/STM32CubeIDE/plugins/com.st.stm32cube.ide.mcu.externaltools.gnu-tools-for-stm32.13.3.rel1.win32_1.0.100.202509120712/tools/bin/../lib/gcc/arm-none-eabi/13.3.1/../../../../arm-none-eabi/lib/thumb/v7e-m+fp/hard\libc_nano.a(libc_a-memset.o)
                0x0800db98                memset
 .text._close_r
                0x0800dba8       0x20 C:/ST/STM32CubeIDE_2.0.0/STM32CubeIDE/plugins/com.st.stm32cube.ide.mcu.externaltools.gnu-tools-for-stm32.13.3.rel1.win32_1.0.100.202509120712/tools/bin/../lib/gcc/arm-none-eabi/13.3.1/../../../../arm-none-eabi/lib/thumb/v7e-m+fp/hard\libc_nano.a(libc_a-closer.o)
                0x0800dba8                _close_r
 .text._lseek_r
                0x0800dbc8       0x24 C:/ST/STM32CubeIDE_2.0.0/STM32CubeIDE/plugins/com.st.stm32cube.ide.mcu.externaltools.gnu-tools-for-stm32.13.3.rel1.win32_1.0.100.202509120712/tools/bin/../lib/gcc/arm-none-eabi/13.3.1/../../../../arm-none-eabi/lib/thumb/v7e-m+fp/hard\libc_nano.a(libc_a-lseekr.o)
                0x0800dbc8                _lseek_r
 .text._read_r  0x0800dbec       0x24 C:/ST/STM32CubeIDE_2.0.0/STM32CubeIDE/plugins/com.st.stm32cube.ide.mcu.externaltools.gnu-tools-for-stm32.13.3.rel1.win32_1.0.100.202509120712/tools/bin/../lib/gcc/arm-none-eabi/13.3.1/../../../../arm-none-eabi/lib/thumb/v7e-m+fp/hard\libc_nano.a(libc_a-readr.o)
                0x0800dbec                _read_r
 .text._write_r
                0x0800dc10       0x24 C:/ST/STM32CubeIDE_2.0.0/STM32CubeIDE/plugins/com.st.stm32cube.ide.mcu.externaltools.gnu-tools-for-stm32.13.3.rel1.win32_1.0.100.202509120712/tools/bin/../lib/gcc/arm-none-eabi/13.3.1/../../../../arm-none-eabi/lib/thumb/v7e-m+fp/hard\libc_nano.a(libc_a-writer.o)
                0x0800dc10                _write_r
 .text.__errno  0x0800dc34        0xc C:/ST/STM32CubeIDE_2.0.0/STM32CubeIDE/plugins/com.st.stm32cube.ide.mcu.externaltools.gnu-tools-for-stm32.13.3.rel1.win32_1.0.100.202509120712/tools/bin/../lib/gcc/arm-none-eabi/13.3.1/../../../../arm-none-eabi/lib/thumb/v7e-m+fp/hard\libc_nano.a(libc_a-errno.o)
                0x0800dc34                __errno
 .text.__libc_init_array
                0x0800dc40       0x48 C:/ST/STM32CubeIDE_2.0.0/STM32CubeIDE/plugins/com.st.stm32cube.ide.mcu.externaltools.gnu-tools-for-stm32.13.3.rel1.win32_1.0.100.202509120712/tools/bin/../lib/gcc/arm-none-eabi/13.3.1/../../../../arm-none-eabi/lib/thumb/v7e-m+fp/hard\libc_nano.a(libc_a-init.o)
                0x0800dc40                __libc_init_array
 .text.__retarget_lock_init_recursive
                0x0800dc88        0x2 C:/ST/STM32CubeIDE_2.0.0/STM32CubeIDE/plugins/com.st.stm32cube.ide.mcu.externaltools.gnu-tools-for-stm32.13.3.rel1.win32_1.0.100.202509120712/tools/bin/../lib/gcc/arm-none-eabi/13.3.1/../../../../arm-none-eabi/lib/thumb/v7e-m+fp/hard\libc_nano.a(libc_a-lock.o)
                0x0800dc88                __retarget_lock_init_recursive
 .text.__retarget_lock_acquire_recursive
                0x0800dc8a        0x2 C:/ST/STM32CubeIDE_2.0.0/STM32CubeIDE/plugins/com.st.stm32cube.ide.mcu.externaltools.gnu-tools-for-stm32.13.3.rel1.win32_1.0.100.202509120712/tools/bin/../lib/gcc/arm-none-eabi/13.3.1/../../../../arm-none-eabi/lib/thumb/v7e-m+fp/hard\libc_nano.a(libc_a-lock.o)
                0x0800dc8a                __retarget_lock_acquire_recursive
 .text.__retarget_lock_release_recursive
                0x0800dc8c        0x2 C:/ST/STM32CubeIDE_2.0.0/STM32CubeIDE/plugins/com.st.stm32cube.ide.mcu.externaltools.gnu-tools-for-stm32.13.3.rel1.win32_1.0.100.202509120712/tools/bin/../lib/gcc/arm-none-eabi/13.3.1/../../../../arm-none-eabi/lib/thumb/v7e-m+fp/hard\libc_nano.a(libc_a-lock.o)
                0x0800dc8c                __retarget_lock_release_recursive
 *fill*         0x0800dc8e        0x2 
 .text._free_r  0x0800dc90       0x94 C:/ST/STM32CubeIDE_2.0.0/STM32CubeIDE/plugins/com.st.stm32cube.ide.mcu.externaltools.gnu-tools-for-stm32.13.3.rel1.win32_1.0.100.202509120712/tools/bin/../lib/gcc/arm-none-eabi/13.3.1/../../../../arm-none-eabi/lib/thumb/v7e-m+fp/hard\libc_nano.a(libc_a-freer.o)
                0x0800dc90                _free_r
 .text.sbrk_aligned
                0x0800dd24       0x44 C:/ST/STM32CubeIDE_2.0.0/STM32CubeIDE/plugins/com.st.stm32cube.ide.mcu.externaltools.gnu-tools-for-stm32.13.3.rel1.win32_1.0.100.202509120712/tools/bin/../lib/gcc/arm-none-eabi/13.3.1/../../../../arm-none-eabi/lib/thumb/v7e-m+fp/hard\libc_nano.a(libc_a-mallocr.o)
 .text._malloc_r
                0x0800dd68      0x100 C:/ST/STM32CubeIDE_2.0.0/STM32CubeIDE/plugins/com.st.stm32cube.ide.mcu.externaltools.gnu-tools-for-stm32.13.3.rel1.win32_1.0.100.202509120712/tools/bin/../lib/gcc/arm-none-eabi/13.3.1/../../../../arm-none-eabi/lib/thumb/v7e-m+fp/hard\libc_nano.a(libc_a-mallocr.o)
                0x0800dd68                _malloc_r
 .text.__malloc_lock
                0x0800de68        0xc C:/ST/STM32CubeIDE_2.0.0/STM32CubeIDE/plugins/com.st.stm32cube.ide.mcu.externaltools.gnu-tools-for-stm32.13.3.rel1.win32_1.0.100.202509120712/tools/bin/../lib/gcc/arm-none-eabi/13.3.1/../../../../arm-none-eabi/lib/thumb/v7e-m+fp/hard\libc_nano.a(libc_a-mlock.o)
                0x0800de68                __malloc_lock
 .text.__malloc_unlock
                0x0800de74        0xc C:/ST/STM32CubeIDE_2.0.0/STM32CubeIDE/plugins/com.st.stm32cube.ide.mcu.externaltools.gnu-tools-for-stm32.13.3.rel1.win32_1.0.100.202509120712/tools/bin/../lib/gcc/arm-none-eabi/13.3.1/../../../../arm-none-eabi/lib/thumb/v7e-m+fp/hard\libc_nano.a(libc_a-mlock.o)
                0x0800de74                __malloc_unlock
 .text.__sflush_r
                0x0800de80      0x108 C:/ST/STM32CubeIDE_2.0.0/STM32CubeIDE/plugins/com.st.stm32cube.ide.mcu.externaltools.gnu-tools-for-stm32.13.3.rel1.win32_1.0.100.202509120712/tools/bin/../lib/gcc/arm-none-eabi/13.3.1/../../../../arm-none-eabi/lib/thumb/v7e-m+fp/hard\libc_nano.a(libc_a-fflush.o)
                0x0800de80                __sflush_r
 .text._fflush_r
                0x0800df88       0x50 C:/ST/STM32CubeIDE_2.0.0/STM32CubeIDE/plugins/com.st.stm32cube.ide.mcu.externaltools.gnu-tools-for-stm32.13.3.rel1.win32_1.0.100.202509120712/tools/bin/../lib/gcc/arm-none-eabi/13.3.1/../../../../arm-none-eabi/lib/thumb/v7e-m+fp/hard\libc_nano.a(libc_a-fflush.o)
                0x0800df88                _fflush_r
 .text.__swhatbuf_r
                0x0800dfd8       0x4c C:/ST/STM32CubeIDE_2.0.0/STM32CubeIDE/plugins/com.st.stm32cube.ide.mcu.externaltools.gnu-tools-for-stm32.13.3.rel1.win32_1.0.100.202509120712/tools/bin/../lib/gcc/arm-none-eabi/13.3.1/../../../../arm-none-eabi/lib/thumb/v7e-m+fp/hard\libc_nano.a(libc_a-makebuf.o)
                0x0800dfd8                __swhatbuf_r
 .text.__smakebuf_r
                0x0800e024       0x78 C:/ST/STM32CubeIDE_2.0.0/STM32CubeIDE/plugins/com.st.stm32cube.ide.mcu.externaltools.gnu-tools-for-stm32.13.3.rel1.win32_1.0.100.202509120712/tools/bin/../lib/gcc/arm-none-eabi/13.3.1/../../../../arm-none-eabi/lib/thumb/v7e-m+fp/hard\libc_nano.a(libc_a-makebuf.o)
                0x0800e024                __smakebuf_r
 .text._fstat_r
                0x0800e09c       0x24 C:/ST/STM32CubeIDE_2.0.0/STM32CubeIDE/plugins/com.st.stm32cube.ide.mcu.externaltools.gnu-tools-for-stm32.13.3.rel1.win32_1.0.100.202509120712/tools/bin/../lib/gcc/arm-none-eabi/13.3.1/../../../../arm-none-eabi/lib/thumb/v7e-m+fp/hard\libc_nano.a(libc_a-fstatr.o)
                0x0800e09c                _fstat_r
 .text._isatty_r
                0x0800e0c0       0x20 C:/ST/STM32CubeIDE_2.0.0/STM32CubeIDE/plugins/com.st.stm32cube.ide.mcu.externaltools.gnu-tools-for-stm32.13.3.rel1.win32_1.0.100.202509120712/tools/bin/../lib/gcc/arm-none-eabi/13.3.1/../../../../arm-none-eabi/lib/thumb/v7e-m+fp/hard\libc_nano.a(libc_a-isattyr.o)
                0x0800e0c0                _isatty_r
 .text._sbrk_r  0x0800e0e0       0x20 C:/ST/STM32CubeIDE_2.0.0/STM32CubeIDE/plugins/com.st.stm32cube.ide.mcu.externaltools.gnu-tools-for-stm32.13.3.rel1.win32_1.0.100.202509120712/tools/bin/../lib/gcc/arm-none-eabi/13.3.1/../../../../arm-none-eabi/lib/thumb/v7e-m+fp/hard\libc_nano.a(libc_a-sbrkr.o)
                0x0800e0e0                _sbrk_r
 *(.glue_7)
 .glue_7        0x0800e100        0x0 linker stubs
 *(.glue_7t)
 .glue_7t       0x0800e100        0x0 linker stubs
 *(.eh_frame)
 .eh_frame      0x0800e100        0x0 C:/ST/STM32CubeIDE_2.0.0/STM32CubeIDE/plugins/com.st.stm32cube.ide.mcu.externaltools.gnu-tools-for-stm32.13.3.rel1.win32_1.0.100.202509120712/tools/bin/../lib/gcc/arm-none-eabi/13.3.1/thumb/v7e-m+fp/hard/crtbegin.o
 *(.init)
 .init          0x0800e100        0x4 C:/ST/STM32CubeIDE_2.0.0/STM32CubeIDE/plugins/com.st.stm32cube.ide.mcu.externaltools.gnu-tools-for-stm32.13.3.rel1.win32_1.0.100.202509120712/tools/bin/../lib/gcc/arm-none-eabi/13.3.1/thumb/v7e-m+fp/hard/crti.o
                0x0800e100                _init
 .init          0x0800e104        0x8 C:/ST/STM32CubeIDE_2.0.0/STM32CubeIDE/plugins/com.st.stm32cube.ide.mcu.externaltools.gnu-tools-for-stm32.13.3.rel1.win32_1.0.100.202509120712/tools/bin/../lib/gcc/arm-none-eabi/13.3.1/thumb/v7e-m+fp/hard/crtn.o
 *(.fini)
 .fini          0x0800e10c        0x4 C:/ST/STM32CubeIDE_2.0.0/STM32CubeIDE/plugins/com.st.stm32cube.ide.mcu.externaltools.gnu-tools-for-stm32.13.3.rel1.win32_1.0.100.202509120712/tools/bin/../lib/gcc/arm-none-eabi/13.3.1/thumb/v7e-m+fp/hard/crti.o
                0x0800e10c                _fini
 .fini          0x0800e110        0x8 C:/ST/STM32CubeIDE_2.0.0/STM32CubeIDE/plugins/com.st.stm32cube.ide.mcu.externaltools.gnu-tools-for-stm32.13.3.rel1.win32_1.0.100.202509120712/tools/bin/../lib/gcc/arm-none-eabi/13.3.1/thumb/v7e-m+fp/hard/crtn.o
                0x0800e118                        . = ALIGN (0x4)
                0x0800e118                        _etext = .

.vfp11_veneer   0x0800e118        0x0
 .vfp11_veneer  0x0800e118        0x0 linker stubs

.v4_bx          0x0800e118        0x0
 .v4_bx         0x0800e118        0x0 linker stubs

.iplt           0x0800e118        0x0
 .iplt          0x0800e118        0x0 C:/ST/STM32CubeIDE_2.0.0/STM32CubeIDE/plugins/com.st.stm32cube.ide.mcu.externaltools.gnu-tools-for-stm32.13.3.rel1.win32_1.0.100.202509120712/tools/bin/../lib/gcc/arm-none-eabi/13.3.1/thumb/v7e-m+fp/hard/crtbegin.o

.rodata         0x0800e118      0x140
                0x0800e118                        . = ALIGN (0x4)
 *(.rodata)
 .rodata        0x0800e118       0xb5 ./Core/System/system.o
 *fill*         0x0800e1cd        0x3 
 .rodata        0x0800e1d0       0x46 ./USB_Device/App/usbd_desc.o
 *(.rodata*)
 *fill*         0x0800e216        0x2 
 .rodata.AHBPrescTable
                0x0800e218       0x10 ./Core/Src/system_stm32g4xx.o
                0x0800e218                AHBPrescTable
 .rodata.APBPrescTable
                0x0800e228        0x8 ./Core/Src/system_stm32g4xx.o
                0x0800e228                APBPrescTable
 .rodata.UARTPrescTable
                0x0800e230       0x18 ./Drivers/STM32G4xx_HAL_Driver/Src/stm32g4xx_hal_uart.o
                0x0800e230                UARTPrescTable
 .rodata.numerator.1
                0x0800e248        0x8 ./Drivers/STM32G4xx_HAL_Driver/Src/stm32g4xx_hal_uart_ex.o
 .rodata.denominator.0
                0x0800e250        0x8 ./Drivers/STM32G4xx_HAL_Driver/Src/stm32g4xx_hal_uart_ex.o
                0x0800e258                        . = ALIGN (0x4)

.ARM.extab      0x0800e258        0x0
                0x0800e258                        . = ALIGN (0x4)
 *(.ARM.extab* .gnu.linkonce.armextab.*)
                0x0800e258                        . = ALIGN (0x4)

.ARM            0x0800e258        0x8
                0x0800e258                        . = ALIGN (0x4)
                0x0800e258                        __exidx_start = .
 *(.ARM.exidx*)
 .ARM.exidx     0x0800e258        0x8 C:/ST/STM32CubeIDE_2.0.0/STM32CubeIDE/plugins/com.st.stm32cube.ide.mcu.externaltools.gnu-tools-for-stm32.13.3.rel1.win32_1.0.100.202509120712/tools/bin/../lib/gcc/arm-none-eabi/13.3.1/thumb/v7e-m+fp/hard\libgcc.a(_udivmoddi4.o)
                0x0800e260                        __exidx_end = .
                0x0800e260                        . = ALIGN (0x4)

.preinit_array  0x0800e260        0x0
                0x0800e260                        . = ALIGN (0x4)
                0x0800e260                        PROVIDE (__preinit_array_start = .)
 *(.preinit_array*)
                0x0800e260                        PROVIDE (__preinit_array_end = .)
                0x0800e260                        . = ALIGN (0x4)

.init_array     0x0800e260        0x4
                0x0800e260                        . = ALIGN (0x4)
                0x0800e260                        PROVIDE (__init_array_start = .)
 *(SORT_BY_NAME(.init_array.*))
 *(.init_array*)
 .init_array    0x0800e260        0x4 C:/ST/STM32CubeIDE_2.0.0/STM32CubeIDE/plugins/com.st.stm32cube.ide.mcu.externaltools.gnu-tools-for-stm32.13.3.rel1.win32_1.0.100.202509120712/tools/bin/../lib/gcc/arm-none-eabi/13.3.1/thumb/v7e-m+fp/hard/crtbegin.o
                0x0800e264                        PROVIDE (__init_array_end = .)
                0x0800e264                        . = ALIGN (0x4)

.fini_array     0x0800e264        0x4
                0x0800e264                        . = ALIGN (0x4)
                [!provide]                        PROVIDE (__fini_array_start = .)
 *(SORT_BY_NAME(.fini_array.*))
 *(.fini_array*)
 .fini_array    0x0800e264        0x4 C:/ST/STM32CubeIDE_2.0.0/STM32CubeIDE/plugins/com.st.stm32cube.ide.mcu.externaltools.gnu-tools-for-stm32.13.3.rel1.win32_1.0.100.202509120712/tools/bin/../lib/gcc/arm-none-eabi/13.3.1/thumb/v7e-m+fp/hard/crtbegin.o
                [!provide]                        PROVIDE (__fini_array_end = .)
                0x0800e268                        . = ALIGN (0x4)
                0x0800e268                        _sidata = LOADADDR (.data)

.rel.dyn        0x0800e268        0x0
 .rel.iplt      0x0800e268        0x0 C:/ST/STM32CubeIDE_2.0.0/STM32CubeIDE/plugins/com.st.stm32cube.ide.mcu.externaltools.gnu-tools-for-stm32.13.3.rel1.win32_1.0.100.202509120712/tools/bin/../lib/gcc/arm-none-eabi/13.3.1/thumb/v7e-m+fp/hard/crtbegin.o

.data           0x20000000      0x1e0 load address 0x0800e268
                0x20000000                        . = ALIGN (0x4)
                0x20000000                        _sdata = .
 *(.data)
 *(.data*)
 .data.SystemCoreClock
                0x20000000        0x4 ./Core/Src/system_stm32g4xx.o
                0x20000000                SystemCoreClock
 .data.uwTickPrio
                0x20000004        0x4 ./Drivers/STM32G4xx_HAL_Driver/Src/stm32g4xx_hal.o
                0x20000004                uwTickPrio
 .data.uwTickFreq
                0x20000008        0x4 ./Drivers/STM32G4xx_HAL_Driver/Src/stm32g4xx_hal.o
                0x20000008                uwTickFreq
 .data.USBD_CDC_DeviceQualifierDesc
                0x2000000c        0xa ./Middlewares/ST/STM32_USB_Device_Library/Class/CDC/Src/usbd_cdc.o
 *fill*         0x20000016        0x2 
 .data.USBD_CDC
                0x20000018       0x38 ./Middlewares/ST/STM32_USB_Device_Library/Class/CDC/Src/usbd_cdc.o
                0x20000018                USBD_CDC
 .data.USBD_CDC_CfgHSDesc
                0x20000050       0x43 ./Middlewares/ST/STM32_USB_Device_Library/Class/CDC/Src/usbd_cdc.o
 *fill*         0x20000093        0x1 
 .data.USBD_CDC_CfgFSDesc
                0x20000094       0x43 ./Middlewares/ST/STM32_USB_Device_Library/Class/CDC/Src/usbd_cdc.o
 *fill*         0x200000d7        0x1 
 .data.USBD_CDC_OtherSpeedCfgDesc
                0x200000d8       0x43 ./Middlewares/ST/STM32_USB_Device_Library/Class/CDC/Src/usbd_cdc.o
 *fill*         0x2000011b        0x1 
 .data.USBD_Interface_fops_FS
                0x2000011c       0x14 ./USB_Device/App/usbd_cdc_if.o
                0x2000011c                USBD_Interface_fops_FS
 .data.CDC_Desc
                0x20000130       0x20 ./USB_Device/App/usbd_desc.o
                0x20000130                CDC_Desc
 .data.USBD_CDC_DeviceDesc
                0x20000150       0x12 ./USB_Device/App/usbd_desc.o
                0x20000150                USBD_CDC_DeviceDesc
 *fill*         0x20000162        0x2 
 .data.USBD_LangIDDesc
                0x20000164        0x4 ./USB_Device/App/usbd_desc.o
                0x20000164                USBD_LangIDDesc
 .data.USBD_StringSerial
                0x20000168       0x1a ./USB_Device/App/usbd_desc.o
                0x20000168                USBD_StringSerial
 *fill*         0x20000182        0x2 
 .data.__sglue  0x20000184        0xc C:/ST/STM32CubeIDE_2.0.0/STM32CubeIDE/plugins/com.st.stm32cube.ide.mcu.externaltools.gnu-tools-for-stm32.13.3.rel1.win32_1.0.100.202509120712/tools/bin/../lib/gcc/arm-none-eabi/13.3.1/../../../../arm-none-eabi/lib/thumb/v7e-m+fp/hard\libc_nano.a(libc_a-findfp.o)
                0x20000184                __sglue
 .data._impure_ptr
                0x20000190        0x4 C:/ST/STM32CubeIDE_2.0.0/STM32CubeIDE/plugins/com.st.stm32cube.ide.mcu.externaltools.gnu-tools-for-stm32.13.3.rel1.win32_1.0.100.202509120712/tools/bin/../lib/gcc/arm-none-eabi/13.3.1/../../../../arm-none-eabi/lib/thumb/v7e-m+fp/hard\libc_nano.a(libc_a-impure.o)
                0x20000190                _impure_ptr
 .data._impure_data
                0x20000194       0x4c C:/ST/STM32CubeIDE_2.0.0/STM32CubeIDE/plugins/com.st.stm32cube.ide.mcu.externaltools.gnu-tools-for-stm32.13.3.rel1.win32_1.0.100.202509120712/tools/bin/../lib/gcc/arm-none-eabi/13.3.1/../../../../arm-none-eabi/lib/thumb/v7e-m+fp/hard\libc_nano.a(libc_a-impure.o)
                0x20000194                _impure_data
 *(.RamFunc)
 *(.RamFunc*)
                0x200001e0                        . = ALIGN (0x4)
                0x200001e0                        _edata = .

.igot.plt       0x200001e0        0x0 load address 0x0800e448
 .igot.plt      0x200001e0        0x0 C:/ST/STM32CubeIDE_2.0.0/STM32CubeIDE/plugins/com.st.stm32cube.ide.mcu.externaltools.gnu-tools-for-stm32.13.3.rel1.win32_1.0.100.202509120712/tools/bin/../lib/gcc/arm-none-eabi/13.3.1/thumb/v7e-m+fp/hard/crtbegin.o
                0x200001e0                        . = ALIGN (0x4)

.bss            0x200001e0     0x17cc load address 0x0800e448
                0x200001e0                        _sbss = .
                0x200001e0                        __bss_start__ = _sbss
 *(.bss)
 .bss           0x200001e0       0x1c C:/ST/STM32CubeIDE_2.0.0/STM32CubeIDE/plugins/com.st.stm32cube.ide.mcu.externaltools.gnu-tools-for-stm32.13.3.rel1.win32_1.0.100.202509120712/tools/bin/../lib/gcc/arm-none-eabi/13.3.1/thumb/v7e-m+fp/hard/crtbegin.o
 *(.bss*)
 .bss.hspi1     0x200001fc       0x64 ./Core/Src/custom_bus.o
                0x200001fc                hspi1
 .bss.hadc1     0x20000260       0x6c ./Core/Src/main.o
                0x20000260                hadc1
 .bss.hadc2     0x200002cc       0x6c ./Core/Src/main.o
                0x200002cc                hadc2
 .bss.hdma_adc1
                0x20000338       0x60 ./Core/Src/main.o
                0x20000338                hdma_adc1
 .bss.hdma_adc2
                0x20000398       0x60 ./Core/Src/main.o
                0x20000398                hdma_adc2
 .bss.hcomp1    0x200003f8       0x24 ./Core/Src/main.o
                0x200003f8                hcomp1
 .bss.hcomp2    0x2000041c       0x24 ./Core/Src/main.o
                0x2000041c                hcomp2
 .bss.hcomp4    0x20000440       0x24 ./Core/Src/main.o
                0x20000440                hcomp4
 .bss.hdac1     0x20000464       0x14 ./Core/Src/main.o
                0x20000464                hdac1
 .bss.hdac3     0x20000478       0x14 ./Core/Src/main.o
                0x20000478                hdac3
 .bss.hfdcan1   0x2000048c       0x64 ./Core/Src/main.o
                0x2000048c                hfdcan1
 .bss.hi2c2     0x200004f0       0x54 ./Core/Src/main.o
                0x200004f0                hi2c2
 .bss.hiwdg     0x20000544       0x10 ./Core/Src/main.o
                0x20000544                hiwdg
 .bss.huart1    0x20000554       0x94 ./Core/Src/main.o
                0x20000554                huart1
 .bss.HAL_RCC_ADC12_CLK_ENABLED
                0x200005e8        0x4 ./Core/Src/stm32g4xx_hal_msp.o
 .bss.__sbrk_heap_end
                0x200005ec        0x4 ./Core/Src/sysmem.o
 .bss.eeprom    0x200005f0        0xc ./Core/System/system.o
                0x200005f0                eeprom
 .bss.hadR      0x200005fc        0xc ./Core/System/system.o
                0x200005fc                hadR
 .bss.hadG      0x20000608        0xc ./Core/System/system.o
                0x20000608                hadG
 .bss.hadB      0x20000614        0xc ./Core/System/system.o
                0x20000614                hadB
 .bss.hdacR     0x20000620       0x14 ./Core/System/system.o
                0x20000620                hdacR
 .bss.hdacG     0x20000634       0x14 ./Core/System/system.o
                0x20000634                hdacG
 .bss.hdacB     0x20000648       0x14 ./Core/System/system.o
                0x20000648                hdacB
 .bss.adc1_buf  0x2000065c       0x1c ./Core/System/system.o
                0x2000065c                adc1_buf
 .bss.adc2_buf  0x20000678       0x14 ./Core/System/system.o
                0x20000678                adc2_buf
 .bss.uwTick    0x2000068c        0x4 ./Drivers/STM32G4xx_HAL_Driver/Src/stm32g4xx_hal.o
                0x2000068c                uwTick
 .bss.cfgidx.0  0x20000690        0x1 ./Middlewares/ST/STM32_USB_Device_Library/Core/Src/usbd_ctlreq.o
 *fill*         0x20000691        0x3 
 .bss.hUsbDeviceFS
                0x20000694      0x2d0 ./USB_Device/App/usb_device.o
                0x20000694                hUsbDeviceFS
 .bss.UserRxBufferFS
                0x20000964      0x400 ./USB_Device/App/usbd_cdc_if.o
                0x20000964                UserRxBufferFS
 .bss.UserTxBufferFS
                0x20000d64      0x400 ./USB_Device/App/usbd_cdc_if.o
                0x20000d64                UserTxBufferFS
 .bss.USBD_StrDesc
                0x20001164      0x200 ./USB_Device/App/usbd_desc.o
                0x20001164                USBD_StrDesc
 .bss.hpcd_USB_FS
                0x20001364      0x2dc ./USB_Device/Target/usbd_conf.o
                0x20001364                hpcd_USB_FS
 .bss.mem.0     0x20001640      0x220 ./USB_Device/Target/usbd_conf.o
 .bss.__sf      0x20001860      0x138 C:/ST/STM32CubeIDE_2.0.0/STM32CubeIDE/plugins/com.st.stm32cube.ide.mcu.externaltools.gnu-tools-for-stm32.13.3.rel1.win32_1.0.100.202509120712/tools/bin/../lib/gcc/arm-none-eabi/13.3.1/../../../../arm-none-eabi/lib/thumb/v7e-m+fp/hard\libc_nano.a(libc_a-findfp.o)
                0x20001860                __sf
 .bss.__stdio_exit_handler
                0x20001998        0x4 C:/ST/STM32CubeIDE_2.0.0/STM32CubeIDE/plugins/com.st.stm32cube.ide.mcu.externaltools.gnu-tools-for-stm32.13.3.rel1.win32_1.0.100.202509120712/tools/bin/../lib/gcc/arm-none-eabi/13.3.1/../../../../arm-none-eabi/lib/thumb/v7e-m+fp/hard\libc_nano.a(libc_a-findfp.o)
                0x20001998                __stdio_exit_handler
 .bss.errno     0x2000199c        0x4 C:/ST/STM32CubeIDE_2.0.0/STM32CubeIDE/plugins/com.st.stm32cube.ide.mcu.externaltools.gnu-tools-for-stm32.13.3.rel1.win32_1.0.100.202509120712/tools/bin/../lib/gcc/arm-none-eabi/13.3.1/../../../../arm-none-eabi/lib/thumb/v7e-m+fp/hard\libc_nano.a(libc_a-reent.o)
                0x2000199c                errno
 .bss.__lock___malloc_recursive_mutex
                0x200019a0        0x1 C:/ST/STM32CubeIDE_2.0.0/STM32CubeIDE/plugins/com.st.stm32cube.ide.mcu.externaltools.gnu-tools-for-stm32.13.3.rel1.win32_1.0.100.202509120712/tools/bin/../lib/gcc/arm-none-eabi/13.3.1/../../../../arm-none-eabi/lib/thumb/v7e-m+fp/hard\libc_nano.a(libc_a-lock.o)
                0x200019a0                __lock___malloc_recursive_mutex
 .bss.__lock___sfp_recursive_mutex
                0x200019a1        0x1 C:/ST/STM32CubeIDE_2.0.0/STM32CubeIDE/plugins/com.st.stm32cube.ide.mcu.externaltools.gnu-tools-for-stm32.13.3.rel1.win32_1.0.100.202509120712/tools/bin/../lib/gcc/arm-none-eabi/13.3.1/../../../../arm-none-eabi/lib/thumb/v7e-m+fp/hard\libc_nano.a(libc_a-lock.o)
                0x200019a1                __lock___sfp_recursive_mutex
 *fill*         0x200019a2        0x2 
 .bss.__malloc_sbrk_start
                0x200019a4        0x4 C:/ST/STM32CubeIDE_2.0.0/STM32CubeIDE/plugins/com.st.stm32cube.ide.mcu.externaltools.gnu-tools-for-stm32.13.3.rel1.win32_1.0.100.202509120712/tools/bin/../lib/gcc/arm-none-eabi/13.3.1/../../../../arm-none-eabi/lib/thumb/v7e-m+fp/hard\libc_nano.a(libc_a-mallocr.o)
                0x200019a4                __malloc_sbrk_start
 .bss.__malloc_free_list
                0x200019a8        0x4 C:/ST/STM32CubeIDE_2.0.0/STM32CubeIDE/plugins/com.st.stm32cube.ide.mcu.externaltools.gnu-tools-for-stm32.13.3.rel1.win32_1.0.100.202509120712/tools/bin/../lib/gcc/arm-none-eabi/13.3.1/../../../../arm-none-eabi/lib/thumb/v7e-m+fp/hard\libc_nano.a(libc_a-mallocr.o)
                0x200019a8                __malloc_free_list
 *(COMMON)
                0x200019ac                        . = ALIGN (0x4)
                0x200019ac                        _ebss = .
                0x200019ac                        __bss_end__ = _ebss

._user_heap_stack
                0x200019ac      0x604 load address 0x0800e448
                0x200019b0                        . = ALIGN (0x8)
 *fill*         0x200019ac        0x4 
                [!provide]                        PROVIDE (end = .)
                0x200019b0                        PROVIDE (_end = .)
                0x20001bb0                        . = (. + _Min_Heap_Size)
 *fill*         0x200019b0      0x200 
                0x20001fb0                        . = (. + _Min_Stack_Size)
 *fill*         0x20001bb0      0x400 
                0x20001fb0                        . = ALIGN (0x8)

/DISCARD/
 libc.a(*)
 libm.a(*)
 libgcc.a(*)

.ARM.attributes
                0x00000000       0x30
 *(.ARM.attributes)
 .ARM.attributes
                0x00000000       0x22 C:/ST/STM32CubeIDE_2.0.0/STM32CubeIDE/plugins/com.st.stm32cube.ide.mcu.externaltools.gnu-tools-for-stm32.13.3.rel1.win32_1.0.100.202509120712/tools/bin/../lib/gcc/arm-none-eabi/13.3.1/thumb/v7e-m+fp/hard/crti.o
 .ARM.attributes
                0x00000022       0x34 C:/ST/STM32CubeIDE_2.0.0/STM32CubeIDE/plugins/com.st.stm32cube.ide.mcu.externaltools.gnu-tools-for-stm32.13.3.rel1.win32_1.0.100.202509120712/tools/bin/../lib/gcc/arm-none-eabi/13.3.1/thumb/v7e-m+fp/hard/crtbegin.o
 .ARM.attributes
                0x00000056       0x34 ./Core/AD5160/ad5160.o
 .ARM.attributes
                0x0000008a       0x34 ./Core/DAC8551/dac8551.o
 .ARM.attributes
                0x000000be       0x34 ./Core/Eeprom/ee.o
 .ARM.attributes
                0x000000f2       0x34 ./Core/Src/custom_bus.o
 .ARM.attributes
                0x00000126       0x34 ./Core/Src/main.o
 .ARM.attributes
                0x0000015a       0x34 ./Core/Src/stm32g4xx_hal_msp.o
 .ARM.attributes
                0x0000018e       0x34 ./Core/Src/stm32g4xx_it.o
 .ARM.attributes
                0x000001c2       0x34 ./Core/Src/syscalls.o
 .ARM.attributes
                0x000001f6       0x34 ./Core/Src/sysmem.o
 .ARM.attributes
                0x0000022a       0x34 ./Core/Src/system_stm32g4xx.o
 .ARM.attributes
                0x0000025e       0x21 ./Core/Startup/startup_stm32g431rbtx.o
 .ARM.attributes
                0x0000027f       0x34 ./Core/System/system.o
 .ARM.attributes
                0x000002b3       0x34 ./Drivers/STM32G4xx_HAL_Driver/Src/stm32g4xx_hal.o
 .ARM.attributes
                0x000002e7       0x34 ./Drivers/STM32G4xx_HAL_Driver/Src/stm32g4xx_hal_adc.o
 .ARM.attributes
                0x0000031b       0x34 ./Drivers/STM32G4xx_HAL_Driver/Src/stm32g4xx_hal_adc_ex.o
 .ARM.attributes
                0x0000034f       0x34 ./Drivers/STM32G4xx_HAL_Driver/Src/stm32g4xx_hal_comp.o
 .ARM.attributes
                0x00000383       0x34 ./Drivers/STM32G4xx_HAL_Driver/Src/stm32g4xx_hal_cortex.o
 .ARM.attributes
                0x000003b7       0x34 ./Drivers/STM32G4xx_HAL_Driver/Src/stm32g4xx_hal_dac.o
 .ARM.attributes
                0x000003eb       0x34 ./Drivers/STM32G4xx_HAL_Driver/Src/stm32g4xx_hal_dma.o
 .ARM.attributes
                0x0000041f       0x34 ./Drivers/STM32G4xx_HAL_Driver/Src/stm32g4xx_hal_fdcan.o
 .ARM.attributes
                0x00000453       0x34 ./Drivers/STM32G4xx_HAL_Driver/Src/stm32g4xx_hal_gpio.o
 .ARM.attributes
                0x00000487       0x34 ./Drivers/STM32G4xx_HAL_Driver/Src/stm32g4xx_hal_i2c.o