Archive member included to satisfy reference by file (symbol)

C:/ST/STM32CubeIDE_2.0.0/STM32CubeIDE/plugins/com.st.stm32cube.ide.mcu.externaltools.gnu-tools-for-stm32.13.3.rel1.win32_1.0.100.202509120712/tools/bin/../lib/gcc/arm-none-eabi/13.3.1/../../../../arm-none-eabi/lib/thumb/v7e-m+fp/hard\libc_nano.a(libc_a-exit.o)
                              C:/ST/STM32CubeIDE_2.0.0/STM32CubeIDE/plugins/com.st.stm32cube.ide.mcu.externaltools.gnu-tools-for-stm32.13.3.rel1.win32_1.0.100.202509120712/tools/bin/../lib/gcc/arm-none-eabi/13.3.1/../../../../arm-none-eabi/lib/thumb/v7e-m+fp/hard/crt0.o (exit)
C:/ST/STM32CubeIDE_2.0.0/STM32CubeIDE/plugins/com.st.stm32cube.ide.mcu.externaltools.gnu-tools-for-stm32.13.3.rel1.win32_1.0.100.202509120712/tools/bin/../lib/gcc/arm-none-eabi/13.3.1/../../../../arm-none-eabi/lib/thumb/v7e-m+fp/hard\libc_nano.a(libc_a-findfp.o)
                              C:/ST/STM32CubeIDE_2.0.0/STM32CubeIDE/plugins/com.st.stm32cube.ide.mcu.externaltools.gnu-tools-for-stm32.13.3.rel1.win32_1.0.100.202509120712/tools/bin/../lib/gcc/arm-none-eabi/13.3.1/../../../../arm-none-eabi/lib/thumb/v7e-m+fp/hard\libc_nano.a(libc_a-exit.o) (__stdio_exit_handler)
C:/ST/STM32CubeIDE_2.0.0/STM32CubeIDE/plugins/com.st.stm32cube.ide.mcu.externaltools.gnu-tools-for-stm32.13.3.rel1.win32_1.0.100.202509120712/tools/bin/../lib/gcc/arm-none-eabi/13.3.1/../../../../arm-none-eabi/lib/thumb/v7e-m+fp/hard\libc_nano.a(libc_a-fwalk.o)
                              C:/ST/STM32CubeIDE_2.0.0/STM32CubeIDE/plugins/com.st.stm32cube.ide.mcu.externaltools.gnu-tools-for-stm32.13.3.rel1.win32_1.0.100.202509120712/tools/bin/../lib/gcc/arm-none-eabi/13.3.1/../../../../arm-none-eabi/lib/thumb/v7e-m+fp/hard\libc_nano.a(libc_a-findfp.o) (_fwalk_sglue)
C:/ST/STM32CubeIDE_2.0.0/STM32CubeIDE/plugins/com.st.stm32cube.ide.mcu.externaltools.gnu-tools-for-stm32.13.3.rel1.win32_1.0.100.202509120712/tools/bin/../lib/gcc/arm-none-eabi/13.3.1/../../../../arm-none-eabi/lib/thumb/v7e-m+fp/hard\libc_nano.a(libc_a-printf.o)
                              ./Core/System/system.o (printf)
C:/ST/STM32CubeIDE_2.0.0/STM32CubeIDE/plugins/com.st.stm32cube.ide.mcu.externaltools.gnu-tools-for-stm32.13.3.rel1.win32_1.0.100.202509120712/tools/bin/../lib/gcc/arm-none-eabi/13.3.1/../../../../arm-none-eabi/lib/thumb/v7e-m+fp/hard\libc_nano.a(libc_a-puts.o)
                              ./Core/System/system.o (puts)
C:/ST/STM32CubeIDE_2.0.0/STM32CubeIDE/plugins/com.st.stm32cube.ide.mcu.externaltools.gnu-tools-for-stm32.13.3.rel1.win32_1.0.100.202509120712/tools/bin/../lib/gcc/arm-none-eabi/13.3.1/../../../../arm-none-eabi/lib/thumb/v7e-m+fp/hard\libc_nano.a(libc_a-stdio.o)
                              C:/ST/STM32CubeIDE_2.0.0/STM32CubeIDE/plugins/com.st.stm32cube.ide.mcu.externaltools.gnu-tools-for-stm32.13.3.rel1.win32_1.0.100.202509120712/tools/bin/../lib/gcc/arm-none-eabi/13.3.1/../../../../arm-none-eabi/lib/thumb/v7e-m+fp/hard\libc_nano.a(libc_a-findfp.o) (__sread)
C:/ST/STM32CubeIDE_2.0.0/STM32CubeIDE/plugins/com.st.stm32cube.ide.mcu.externaltools.gnu-tools-for-stm32.13.3.rel1.win32_1.0.100.202509120712/tools/bin/../lib/gcc/arm-none-eabi/13.3.1/../../../../arm-none-eabi/lib/thumb/v7e-m+fp/hard\libc_nano.a(libc_a-wbuf.o)
                              C:/ST/STM32CubeIDE_2.0.0/STM32CubeIDE/plugins/com.st.stm32cube.ide.mcu.externaltools.gnu-tools-for-stm32.13.3.rel1.win32_1.0.100.202509120712/tools/bin/../lib/gcc/arm-none-eabi/13.3.1/../../../../arm-none-eabi/lib/thumb/v7e-m+fp/hard\libc_nano.a(libc_a-puts.o) (__swbuf_r)
C:/ST/STM32CubeIDE_2.0.0/STM32CubeIDE/plugins/com.st.stm32cube.ide.mcu.externaltools.gnu-tools-for-stm32.13.3.rel1.win32_1.0.100.202509120712/tools/bin/../lib/gcc/arm-none-eabi/13.3.1/../../../../arm-none-eabi/lib/thumb/v7e-m+fp/hard\libc_nano.a(libc_a-wsetup.o)
                              C:/ST/STM32CubeIDE_2.0.0/STM32CubeIDE/plugins/com.st.stm32cube.ide.mcu.externaltools.gnu-tools-for-stm32.13.3.rel1.win32_1.0.100.202509120712/tools/bin/../lib/gcc/arm-none-eabi/13.3.1/../../../../arm-none-eabi/lib/thumb/v7e-m+fp/hard\libc_nano.a(libc_a-puts.o) (__swsetup_r)
C:/ST/STM32CubeIDE_2.0.0/STM32CubeIDE/plugins/com.st.stm32cube.ide.mcu.externaltools.gnu-tools-for-stm32.13.3.rel1.win32_1.0.100.202509120712/tools/bin/../lib/gcc/arm-none-eabi/13.3.1/../../../../arm-none-eabi/lib/thumb/v7e-m+fp/hard\libc_nano.a(libc_a-memset.o)
                              C:/ST/STM32CubeIDE_2.0.0/STM32CubeIDE/plugins/com.st.stm32cube.ide.mcu.externaltools.gnu-tools-for-stm32.13.3.rel1.win32_1.0.100.202509120712/tools/bin/../lib/gcc/arm-none-eabi/13.3.1/../../../../arm-none-eabi/lib/thumb/v7e-m+fp/hard/crt0.o (memset)
C:/ST/STM32CubeIDE_2.0.0/STM32CubeIDE/plugins/com.st.stm32cube.ide.mcu.externaltools.gnu-tools-for-stm32.13.3.rel1.win32_1.0.100.202509120712/tools/bin/../lib/gcc/arm-none-eabi/13.3.1/../../../../arm-none-eabi/lib/thumb/v7e-m+fp/hard\libc_nano.a(libc_a-closer.o)
[...]
Memory Configuration

Name             Origin             Length             Attributes
RAM              0x20000000         0x00008000         xrw
FLASH            0x08000000         0x00020000         xr
*default*        0x00000000         0xffffffff

Linker script and memory map

LOAD C:/ST/STM32CubeIDE_2.0.0/STM32CubeIDE/plugins/com.st.stm32cube.ide.mcu.externaltools.gnu-tools-for-stm32.13.3.rel1.win32_1.0.100.202509120712/tools/bin/../lib/gcc/arm-none-eabi/13.3.1/thumb/v7e-m+fp/hard/crti.o
LOAD C:/ST/STM32CubeIDE_2.0.0/STM32CubeIDE/plugins/com.st.stm32cube.ide.mcu.externaltools.gnu-tools-for-stm32.13.3.rel1.win32_1.0.100.202509120712/tools/bin/../lib/gcc/arm-none-eabi/13.3.1/thumb/v7e-m+fp/hard/crtbegin.o
LOAD C:/ST/STM32CubeIDE_2.0.0/STM32CubeIDE/plugins/com.st.stm32cube.ide.mcu.externaltools.gnu-tools-for-stm32.13.3.rel1.win32_1.0.100.202509120712/tools/bin/../lib/gcc/arm-none-eabi/13.3.1/../../../../arm-none-eabi/lib/thumb/v7e-m+fp/hard/crt0.o
LOAD ./Core/AD5160/ad5160.o
LOAD ./Core/DAC8551/dac8551.o
LOAD ./Core/Eeprom/ee.o
LOAD ./Core/RGB/rgb.o
LOAD ./Core/Src/custom_bus.o
LOAD ./Core/Src/main.o
LOAD ./Core/Src/stm32g4xx_hal_msp.o
LOAD ./Core/Src/stm32g4xx_it.o
LOAD ./Core/Src/syscalls.o
LOAD ./Core/Src/sysmem.o
LOAD ./Core/Src/system_stm32g4xx.o
LOAD ./Core/Startup/startup_stm32g431rbtx.o
LOAD ./Core/System/system.o
LOAD ./Core/lsm6dsox_app/lsm6dsox_app.o
LOAD ./Drivers/BSP/Components/lsm6dsox/lsm6dsox.o
LOAD ./Drivers/BSP/Components/lsm6dsox/lsm6dsox_reg.o
LOAD ./Drivers/STM32G4xx_HAL_Driver/Src/stm32g4xx_hal.o
LOAD ./Drivers/STM32G4xx_HAL_Driver/Src/stm32g4xx_hal_adc.o
LOAD ./Drivers/STM32G4xx_HAL_Driver/Src/stm32g4xx_hal_adc_ex.o
LOAD ./Drivers/STM32G4xx_HAL_Driver/Src/stm32g4xx_hal_comp.o
LOAD ./Drivers/STM32G4xx_HAL_Driver/Src/stm32g4xx_hal_cortex.o
LOAD ./Drivers/STM32G4xx_HAL_Driver/Src/stm32g4xx_hal_crc.o
LOAD ./Drivers/STM32G4xx_HAL_Driver/Src/stm32g4xx_hal_crc_ex.o
LOAD ./Drivers/STM32G4xx_HAL_Driver/Src/stm32g4xx_hal_dac.o
LOAD ./Drivers/STM32G4xx_HAL_Driver/Src/stm32g4xx_hal_dac_ex.o
LOAD ./Drivers/STM32G4xx_HAL_Driver/Src/stm32g4xx_hal_dma.o
LOAD ./Drivers/STM32G4xx_HAL_Driver/Src/stm32g4xx_hal_dma_ex.o
LOAD ./Drivers/STM32G4xx_HAL_Driver/Src/stm32g4xx_hal_exti.o
LOAD ./Drivers/STM32G4xx_HAL_Driver/Src/stm32g4xx_hal_fdcan.o
LOAD ./Drivers/STM32G4xx_HAL_Driver/Src/stm32g4xx_hal_flash.o
LOAD ./Drivers/STM32G4xx_HAL_Driver/Src/stm32g4xx_hal_flash_ex.o
LOAD ./Drivers/STM32G4xx_HAL_Driver/Src/stm32g4xx_hal_flash_ramfunc.o
LOAD ./Drivers/STM32G4xx_HAL_Driver/Src/stm32g4xx_hal_gpio.o
LOAD ./Drivers/STM32G4xx_HAL_Driver/Src/stm32g4xx_hal_i2c.o
LOAD ./Drivers/STM32G4xx_HAL_Driver/Src/stm32g4xx_hal_i2c_ex.o
LOAD ./Drivers/STM32G4xx_HAL_Driver/Src/stm32g4xx_hal_iwdg.o
LOAD ./Drivers/STM32G4xx_HAL_Driver/Src/stm32g4xx_hal_pcd.o
LOAD ./Drivers/STM32G4xx_HAL_Driver/Src/stm32g4xx_hal_pcd_ex.o
LOAD ./Drivers/STM32G4xx_HAL_Driver/Src/stm32g4xx_hal_pwr.o
LOAD ./Drivers/STM32G4xx_HAL_Driver/Src/stm32g4xx_hal_pwr_ex.o
LOAD ./Drivers/STM32G4xx_HAL_Driver/Src/stm32g4xx_hal_rcc.o
LOAD ./Drivers/STM32G4xx_HAL_Driver/Src/stm32g4xx_hal_rcc_ex.o
LOAD ./Drivers/STM32G4xx_HAL_Driver/Src/stm32g4xx_hal_spi.o
LOAD ./Drivers/STM32G4xx_HAL_Driver/Src/stm32g4xx_hal_spi_ex.o
LOAD ./Drivers/STM32G4xx_HAL_Driver/Src/stm32g4xx_hal_uart.o
LOAD ./Drivers/STM32G4xx_HAL_Driver/Src/stm32g4xx_hal_uart_ex.o
LOAD ./Drivers/STM32G4xx_HAL_Driver/Src/stm32g4xx_ll_adc.o
LOAD ./Drivers/STM32G4xx_HAL_Driver/Src/stm32g4xx_ll_usb.o
LOAD ./Middlewares/ST/STM32_USB_Device_Library/Class/CDC/Src/usbd_cdc.o
LOAD ./Middlewares/ST/STM32_USB_Device_Library/Core/Src/usbd_core.o
LOAD ./Middlewares/ST/STM32_USB_Device_Library/Core/Src/usbd_ctlreq.o
LOAD ./Middlewares/ST/STM32_USB_Device_Library/Core/Src/usbd_ioreq.o
LOAD ./USB_Device/App/usb_device.o
LOAD ./USB_Device/App/usbd_cdc_if.o
LOAD ./USB_Device/App/usbd_desc.o
LOAD ./USB_Device/Target/usbd_conf.o
LOAD ./X-CUBE-MEMS1/Target/custom_motion_sensors.o
LOAD ./X-CUBE-MEMS1/Target/custom_motion_sensors_ex.o
START GROUP
LOAD C:/ST/STM32CubeIDE_2.0.0/STM32CubeIDE/plugins/com.st.stm32cube.ide.mcu.externaltools.gnu-tools-for-stm32.13.3.rel1.win32_1.0.100.202509120712/tools/bin/../lib/gcc/arm-none-eabi/13.3.1/../../../../arm-none-eabi/lib/thumb/v7e-m+fp/hard\libc_nano.a
LOAD C:/ST/STM32CubeIDE_2.0.0/STM32CubeIDE/plugins/com.st.stm32cube.ide.mcu.externaltools.gnu-tools-for-stm32.13.3.rel1.win32_1.0.100.202509120712/tools/bin/../lib/gcc/arm-none-eabi/13.3.1/../../../../arm-none-eabi/lib/thumb/v7e-m+fp/hard\libm.a
END GROUP
START GROUP
LOAD C:/ST/STM32CubeIDE_2.0.0/STM32CubeIDE/plugins/com.st.stm32cube.ide.mcu.externaltools.gnu-tools-for-stm32.13.3.rel1.win32_1.0.100.202509120712/tools/bin/../lib/gcc/arm-none-eabi/13.3.1/thumb/v7e-m+fp/hard\libgcc.a
LOAD C:/ST/STM32CubeIDE_2.0.0/STM32CubeIDE/plugins/com.st.stm32cube.ide.mcu.externaltools.gnu-tools-for-stm32.13.3.rel1.win32_1.0.100.202509120712/tools/bin/../lib/gcc/arm-none-eabi/13.3.1/../../../../arm-none-eabi/lib/thumb/v7e-m+fp/hard\libc_nano.a
END GROUP
START GROUP
LOAD C:/ST/STM32CubeIDE_2.0.0/STM32CubeIDE/plugins/com.st.stm32cube.ide.mcu.externaltools.gnu-tools-for-stm32.13.3.rel1.win32_1.0.100.202509120712/tools/bin/../lib/gcc/arm-none-eabi/13.3.1/thumb/v7e-m+fp/hard\libgcc.a
LOAD C:/ST/STM32CubeIDE_2.0.0/STM32CubeIDE/plugins/com.st.stm32cube.ide.mcu.externaltools.gnu-tools-for-stm32.13.3.rel1.win32_1.0.100.202509120712/tools/bin/../lib/gcc/arm-none-eabi/13.3.1/../../../../arm-none-eabi/lib/thumb/v7e-m+fp/hard\libc_nano.a
LOAD C:/ST/STM32CubeIDE_2.0.0/STM32CubeIDE/plugins/com.st.stm32cube.ide.mcu.externaltools.gnu-tools-for-stm32.13.3.rel1.win32_1.0.100.202509120712/tools/bin/../lib/gcc/arm-none-eabi/13.3.1/../../../../arm-none-eabi/lib/thumb/v7e-m+fp/hard\libnosys.a
END GROUP
START GROUP
LOAD C:/ST/STM32CubeIDE_2.0.0/STM32CubeIDE/plugins/com.st.stm32cube.ide.mcu.externaltools.gnu-tools-for-stm32.13.3.rel1.win32_1.0.100.202509120712/tools/bin/../lib/gcc/arm-none-eabi/13.3.1/thumb/v7e-m+fp/hard\libgcc.a
LOAD C:/ST/STM32CubeIDE_2.0.0/STM32CubeIDE/plugins/com.st.stm32cube.ide.mcu.externaltools.gnu-tools-for-stm32.13.3.rel1.win32_1.0.100.202509120712/tools/bin/../lib/gcc/arm-none-eabi/13.3.1/../../../../arm-none-eabi/lib/thumb/v7e-m+fp/hard\libc_nano.a
LOAD C:/ST/STM32CubeIDE_2.0.0/STM32CubeIDE/plugins/com.st.stm32cube.ide.mcu.externaltools.gnu-tools-for-stm32.13.3.rel1.win32_1.0.100.202509120712/tools/bin/../lib/gcc/arm-none-eabi/13.3.1/../../../../arm-none-eabi/lib/thumb/v7e-m+fp/hard\libnosys.a
END GROUP
LOAD C:/ST/STM32CubeIDE_2.0.0/STM32CubeIDE/plugins/com.st.stm32cube.ide.mcu.externaltools.gnu-tools-for-stm32.13.3.rel1.win32_1.0.100.202509120712/tools/bin/../lib/gcc/arm-none-eabi/13.3.1/thumb/v7e-m+fp/hard/crtend.o
LOAD C:/ST/STM32CubeIDE_2.0.0/STM32CubeIDE/plugins/com.st.stm32cube.ide.mcu.externaltools.gnu-tools-for-stm32.13.3.rel1.win32_1.0.100.202509120712/tools/bin/../lib/gcc/arm-none-eabi/13.3.1/thumb/v7e-m+fp/hard/crtn.o
                0x20008000                        _estack = (ORIGIN (RAM) + LENGTH (RAM))
                0x00000200                        _Min_Heap_Size = 0x200
                0x00000400                        _Min_Stack_Size = 0x400

.isr_vector     0x08000000      0x1d8
                0x08000000                        . = ALIGN (0x4)
 *(.isr_vector)
 .isr_vector    0x08000000      0x1d8 ./Core/Startup/startup_stm32g431rbtx.o
                0x08000000                g_pfnVectors
                0x080001d8                        . = ALIGN (0x4)

.text           0x080001e0     0xeb3c
                0x080001e0                        . = ALIGN (0x4)
 *(.text)
 .text          0x080001e0       0x40 C:/ST/STM32CubeIDE_2.0.0/STM32CubeIDE/plugins/com.st.stm32cube.ide.mcu.externaltools.gnu-tools-for-stm32.13.3.rel1.win32_1.0.100.202509120712/tools/bin/../lib/gcc/arm-none-eabi/13.3.1/thumb/v7e-m+fp/hard/crtbegin.o
 .text          0x08000220       0xa0 C:/ST/STM32CubeIDE_2.0.0/STM32CubeIDE/plugins/com.st.stm32cube.ide.mcu.externaltools.gnu-tools-for-stm32.13.3.rel1.win32_1.0.100.202509120712/tools/bin/../lib/gcc/arm-none-eabi/13.3.1/../../../../arm-none-eabi/lib/thumb/v7e-m+fp/hard\libc_nano.a(libc_a-memchr.o)
                0x08000220                memchr
 .text          0x080002c0       0x30 C:/ST/STM32CubeIDE_2.0.0/STM32CubeIDE/plugins/com.st.stm32cube.ide.mcu.externaltools.gnu-tools-for-stm32.13.3.rel1.win32_1.0.100.202509120712/tools/bin/../lib/gcc/arm-none-eabi/13.3.1/thumb/v7e-m+fp/hard\libgcc.a(_aeabi_uldivmod.o)
                0x080002c0                __aeabi_uldivmod
 .text          0x080002f0      0x2f8 C:/ST/STM32CubeIDE_2.0.0/STM32CubeIDE/plugins/com.st.stm32cube.ide.mcu.externaltools.gnu-tools-for-stm32.13.3.rel1.win32_1.0.100.202509120712/tools/bin/../lib/gcc/arm-none-eabi/13.3.1/thumb/v7e-m+fp/hard\libgcc.a(_udivmoddi4.o)
                0x080002f0                __udivmoddi4
 .text          0x080005e8        0x4 C:/ST/STM32CubeIDE_2.0.0/STM32CubeIDE/plugins/com.st.stm32cube.ide.mcu.externaltools.gnu-tools-for-stm32.13.3.rel1.win32_1.0.100.202509120712/tools/bin/../lib/gcc/arm-none-eabi/13.3.1/thumb/v7e-m+fp/hard\libgcc.a(_dvmd_tls.o)
                0x080005e8                __aeabi_idiv0
                0x080005e8                __aeabi_ldiv0
 *(.text*)
 .text.AD5160_Init
                0x080005ec       0x44 ./Core/AD5160/ad5160.o
                0x080005ec                AD5160_Init
 .text.DAC8551_Init
                0x08000630       0x9e ./Core/DAC8551/dac8551.o
                0x08000630                DAC8551_Init
 .text.DAC8551_WriteValue
                0x080006ce       0x48 ./Core/DAC8551/dac8551.o
                0x080006ce                DAC8551_WriteValue
 .text.DAC8551_PowerUp
                0x08000716       0x26 ./Core/DAC8551/dac8551.o
                0x08000716                DAC8551_PowerUp
 .text.DAC8551_WriteCommand
                0x0800073c       0x86 ./Core/DAC8551/dac8551.o
 .text.DAC8551_ValidateHandle
                0x080007c2       0x4e ./Core/DAC8551/dac8551.o
 .text.eepromInit
                0x08000810       0xd4 ./Core/Eeprom/ee.o
                0x08000810                eepromInit
 .text.eepromWritePage
                0x080008e4       0x5c ./Core/Eeprom/ee.o
                0x080008e4                eepromWritePage
 .text.eepromReadPage
                0x08000940       0x4c ./Core/Eeprom/ee.o
                0x08000940                eepromReadPage
 .text.eepromFormat
                0x0800098c       0xb4 ./Core/Eeprom/ee.o
                0x0800098c                eepromFormat
 .text.BSP_SPI1_Init
                0x08000a40       0x60 ./Core/Src/custom_bus.o
                0x08000a40                BSP_SPI1_Init
 .text.MX_SPI1_Init
                0x08000aa0       0x84 ./Core/Src/custom_bus.o
                0x08000aa0                MX_SPI1_Init
 .text.SPI1_MspInit
                0x08000b24       0xb8 ./Core/Src/custom_bus.o
 .text.main     0x08000bdc       0x68 ./Core/Src/main.o
                0x08000bdc                main
 .text.SystemClock_Config
                0x08000c44       0x9a ./Core/Src/main.o
                0x08000c44                SystemClock_Config
 *fill*         0x08000cde        0x2 
 .text.MX_ADC1_Init
                0x08000ce0      0x1bc ./Core/Src/main.o
 .text.MX_ADC2_Init
                0x08000e9c      0x15c ./Core/Src/main.o
 .text.MX_COMP1_Init
                0x08000ff8       0x4c ./Core/Src/main.o
 .text.MX_COMP2_Init
                0x08001044       0x4c ./Core/Src/main.o
 .text.MX_COMP4_Init
                0x08001090       0x4c ./Core/Src/main.o
 .text.MX_CRC_Init
                0x080010dc       0x44 ./Core/Src/main.o
 .text.MX_DAC1_Init
                0x08001120       0x88 ./Core/Src/main.o
 .text.MX_DAC3_Init
                0x080011a8       0x74 ./Core/Src/main.o
 .text.MX_FDCAN1_Init
                0x0800121c       0x8c ./Core/Src/main.o
 .text.MX_I2C2_Init
                0x080012a8       0x80 ./Core/Src/main.o
 .text.MX_IWDG_Init
                0x08001328       0x3c ./Core/Src/main.o
 .text.MX_USART1_UART_Init
                0x08001364       0x98 ./Core/Src/main.o
 .text.MX_DMA_Init
                0x080013fc       0x64 ./Core/Src/main.o
 .text.MX_GPIO_Init
                0x08001460      0x16c ./Core/Src/main.o
 .text.__io_putchar
                0x080015cc       0x24 ./Core/Src/main.o
                0x080015cc                __io_putchar
 .text.Error_Handler
                0x080015f0        0xc ./Core/Src/main.o
                0x080015f0                Error_Handler
 .text.HAL_MspInit
                0x080015fc       0x58 ./Core/Src/stm32g4xx_hal_msp.o
                0x080015fc                HAL_MspInit
 .text.HAL_ADC_MspInit
                0x08001654      0x2a4 ./Core/Src/stm32g4xx_hal_msp.o
                0x08001654                HAL_ADC_MspInit
 .text.HAL_COMP_MspInit
                0x080018f8      0x168 ./Core/Src/stm32g4xx_hal_msp.o
                0x080018f8                HAL_COMP_MspInit
 .text.HAL_CRC_MspInit
                0x08001a60       0x40 ./Core/Src/stm32g4xx_hal_msp.o
                0x08001a60                HAL_CRC_MspInit
 .text.HAL_DAC_MspInit
                0x08001aa0       0x68 ./Core/Src/stm32g4xx_hal_msp.o
                0x08001aa0                HAL_DAC_MspInit
 .text.HAL_FDCAN_MspInit
                0x08001b08       0xb8 ./Core/Src/stm32g4xx_hal_msp.o
                0x08001b08                HAL_FDCAN_MspInit
 .text.HAL_I2C_MspInit
                0x08001bc0       0xb0 ./Core/Src/stm32g4xx_hal_msp.o
                0x08001bc0                HAL_I2C_MspInit
 .text.HAL_UART_MspInit
                0x08001c70       0xb0 ./Core/Src/stm32g4xx_hal_msp.o
                0x08001c70                HAL_UART_MspInit
 .text.NMI_Handler
                0x08001d20        0x8 ./Core/Src/stm32g4xx_it.o
                0x08001d20                NMI_Handler
 .text.HardFault_Handler
                0x08001d28        0x8 ./Core/Src/stm32g4xx_it.o
                0x08001d28                HardFault_Handler
 .text.MemManage_Handler
                0x08001d30        0x8 ./Core/Src/stm32g4xx_it.o
                0x08001d30                MemManage_Handler
 .text.BusFault_Handler
                0x08001d38        0x8 ./Core/Src/stm32g4xx_it.o
                0x08001d38                BusFault_Handler
 .text.UsageFault_Handler
                0x08001d40        0x8 ./Core/Src/stm32g4xx_it.o
                0x08001d40                UsageFault_Handler
 .text.SVC_Handler
                0x08001d48        0xe ./Core/Src/stm32g4xx_it.o
                0x08001d48                SVC_Handler
 .text.DebugMon_Handler
                0x08001d56        0xe ./Core/Src/stm32g4xx_it.o
                0x08001d56                DebugMon_Handler
 .text.PendSV_Handler
                0x08001d64        0xe ./Core/Src/stm32g4xx_it.o
                0x08001d64                PendSV_Handler
 .text.SysTick_Handler
                0x08001d72        0xc ./Core/Src/stm32g4xx_it.o
                0x08001d72                SysTick_Handler
 *fill*         0x08001d7e        0x2 
 .text.DMA1_Channel1_IRQHandler
                0x08001d80       0x14 ./Core/Src/stm32g4xx_it.o
                0x08001d80                DMA1_Channel1_IRQHandler
 .text.DMA1_Channel2_IRQHandler
                0x08001d94       0x14 ./Core/Src/stm32g4xx_it.o
                0x08001d94                DMA1_Channel2_IRQHandler
 .text.USB_LP_IRQHandler
                0x08001da8       0x14 ./Core/Src/stm32g4xx_it.o
                0x08001da8                USB_LP_IRQHandler
 .text.SPI1_IRQHandler
                0x08001dbc       0x14 ./Core/Src/stm32g4xx_it.o
                0x08001dbc                SPI1_IRQHandler
 .text._read    0x08001dd0       0x3a ./Core/Src/syscalls.o
                0x08001dd0                _read
 .text._write   0x08001e0a       0x38 ./Core/Src/syscalls.o
                0x08001e0a                _write
 .text._close   0x08001e42       0x18 ./Core/Src/syscalls.o
                0x08001e42                _close
 .text._fstat   0x08001e5a       0x20 ./Core/Src/syscalls.o
                0x08001e5a                _fstat
 .text._isatty  0x08001e7a       0x16 ./Core/Src/syscalls.o
                0x08001e7a                _isatty
 .text._lseek   0x08001e90       0x1a ./Core/Src/syscalls.o
                0x08001e90                _lseek
 *fill*         0x08001eaa        0x2 
 .text._sbrk    0x08001eac       0x6c ./Core/Src/sysmem.o
                0x08001eac                _sbrk
 .text.SystemInit
                0x08001f18       0x24 ./Core/Src/system_stm32g4xx.o
                0x08001f18                SystemInit
 .text.Reset_Handler
                0x08001f3c       0x50 ./Core/Startup/startup_stm32g431rbtx.o
                0x08001f3c                Reset_Handler
 .text.Default_Handler
                0x08001f8c        0x2 ./Core/Startup/startup_stm32g431rbtx.o
                0x08001f8c                RTC_Alarm_IRQHandler
                0x08001f8c                EXTI2_IRQHandler
                0x08001f8c                TIM8_TRG_COM_IRQHandler
                0x08001f8c                TIM8_CC_IRQHandler
                0x08001f8c                TIM1_CC_IRQHandler
                0x08001f8c                USB_HP_IRQHandler
                0x08001f8c                CORDIC_IRQHandler
                0x08001f8c                EXTI3_IRQHandler
                0x08001f8c                I2C3_ER_IRQHandler
                0x08001f8c                EXTI0_IRQHandler
                0x08001f8c                I2C2_EV_IRQHandler
                0x08001f8c                FPU_IRQHandler
                0x08001f8c                FDCAN1_IT1_IRQHandler
                0x08001f8c                TIM1_UP_TIM16_IRQHandler
                0x08001f8c                ADC1_2_IRQHandler
                0x08001f8c                TIM6_DAC_IRQHandler
                0x08001f8c                TIM8_UP_IRQHandler
                0x08001f8c                DMA2_Channel2_IRQHandler
                0x08001f8c                DMA1_Channel4_IRQHandler
                0x08001f8c                USART3_IRQHandler
                0x08001f8c                TIM4_IRQHandler
                0x08001f8c                DMA2_Channel1_IRQHandler
                0x08001f8c                I2C1_EV_IRQHandler
                0x08001f8c                DMA1_Channel6_IRQHandler
                0x08001f8c                UART4_IRQHandler
                0x08001f8c                DMA2_Channel4_IRQHandler
                0x08001f8c                TIM3_IRQHandler
                0x08001f8c                RCC_IRQHandler
                0x08001f8c                Default_Handler
                0x08001f8c                RTC_TAMP_LSECSS_IRQHandler
                0x08001f8c                FMAC_IRQHandler
                0x08001f8c                EXTI15_10_IRQHandler
                0x08001f8c                TIM7_IRQHandler
                0x08001f8c                UCPD1_IRQHandler
                0x08001f8c                I2C3_EV_IRQHandler
                0x08001f8c                EXTI9_5_IRQHandler
                0x08001f8c                RTC_WKUP_IRQHandler
                0x08001f8c                PVD_PVM_IRQHandler
                0x08001f8c                SPI2_IRQHandler
                0x08001f8c                DMA2_Channel5_IRQHandler
                0x08001f8c                CRS_IRQHandler
                0x08001f8c                DMA1_Channel5_IRQHandler
                0x08001f8c                EXTI4_IRQHandler
                0x08001f8c                RNG_IRQHandler
                0x08001f8c                TIM1_TRG_COM_TIM17_IRQHandler
                0x08001f8c                DMA1_Channel3_IRQHandler
                0x08001f8c                WWDG_IRQHandler
                0x08001f8c                LPUART1_IRQHandler
                0x08001f8c                DMA2_Channel6_IRQHandler
                0x08001f8c                FDCAN1_IT0_IRQHandler
                0x08001f8c                TIM2_IRQHandler
                0x08001f8c                COMP1_2_3_IRQHandler
                0x08001f8c                EXTI1_IRQHandler
                0x08001f8c                USART2_IRQHandler
                0x08001f8c                I2C2_ER_IRQHandler
                0x08001f8c                TIM8_BRK_IRQHandler
                0x08001f8c                FLASH_IRQHandler
                0x08001f8c                USART1_IRQHandler
                0x08001f8c                SPI3_IRQHandler
                0x08001f8c                I2C1_ER_IRQHandler
                0x08001f8c                LPTIM1_IRQHandler
                0x08001f8c                DMAMUX_OVR_IRQHandler
                0x08001f8c                USBWakeUp_IRQHandler
                0x08001f8c                SAI1_IRQHandler
                0x08001f8c                DMA2_Channel3_IRQHandler
                0x08001f8c                COMP4_IRQHandler
                0x08001f8c                TIM1_BRK_TIM15_IRQHandler
 *fill*         0x08001f8e        0x2 
 .text.systemTask
                0x08001f90       0x38 ./Core/System/system.o
                0x08001f90                systemTask
 .text.systemInit
                0x08001fc8      0x178 ./Core/System/system.o
                0x08001fc8                systemInit
 .text.HAL_ADC_ConvCpltCallback
                0x08002140       0x28 ./Core/System/system.o
                0x08002140                HAL_ADC_ConvCpltCallback
 .text.HAL_Init
                0x08002168       0x30 ./Drivers/STM32G4xx_HAL_Driver/Src/stm32g4xx_hal.o
                0x08002168                HAL_Init
 .text.HAL_InitTick
                0x08002198       0x74 ./Drivers/STM32G4xx_HAL_Driver/Src/stm32g4xx_hal.o
                0x08002198                HAL_InitTick
 .text.HAL_IncTick
                0x0800220c       0x24 ./Drivers/STM32G4xx_HAL_Driver/Src/stm32g4xx_hal.o
                0x0800220c                HAL_IncTick
 .text.HAL_GetTick
                0x08002230       0x18 ./Drivers/STM32G4xx_HAL_Driver/Src/stm32g4xx_hal.o
                0x08002230                HAL_GetTick
 .text.HAL_Delay
                0x08002248       0x44 ./Drivers/STM32G4xx_HAL_Driver/Src/stm32g4xx_hal.o
                0x08002248                HAL_Delay
 .text.HAL_SYSCFG_VREFBUF_VoltageScalingConfig
                0x0800228c       0x28 ./Drivers/STM32G4xx_HAL_Driver/Src/stm32g4xx_hal.o
                0x0800228c                HAL_SYSCFG_VREFBUF_VoltageScalingConfig
 .text.HAL_SYSCFG_VREFBUF_HighImpedanceConfig
                0x080022b4       0x28 ./Drivers/STM32G4xx_HAL_Driver/Src/stm32g4xx_hal.o
                0x080022b4                HAL_SYSCFG_VREFBUF_HighImpedanceConfig
 .text.HAL_SYSCFG_EnableVREFBUF
                0x080022dc       0x48 ./Drivers/STM32G4xx_HAL_Driver/Src/stm32g4xx_hal.o
                0x080022dc                HAL_SYSCFG_EnableVREFBUF
 .text.LL_ADC_SetCommonClock
                0x08002324       0x26 ./Drivers/STM32G4xx_HAL_Driver/Src/stm32g4xx_hal_adc.o
 .text.LL_ADC_SetCommonPathInternalCh
                0x0800234a       0x26 ./Drivers/STM32G4xx_HAL_Driver/Src/stm32g4xx_hal_adc.o
 .text.LL_ADC_GetCommonPathInternalCh
                0x08002370       0x1c ./Drivers/STM32G4xx_HAL_Driver/Src/stm32g4xx_hal_adc.o
 .text.LL_ADC_SetOffset
                0x0800238c       0x48 ./Drivers/STM32G4xx_HAL_Driver/Src/stm32g4xx_hal_adc.o
 .text.LL_ADC_GetOffsetChannel
                0x080023d4       0x2c ./Drivers/STM32G4xx_HAL_Driver/Src/stm32g4xx_hal_adc.o
 .text.LL_ADC_SetOffsetState
                0x08002400       0x36 ./Drivers/STM32G4xx_HAL_Driver/Src/stm32g4xx_hal_adc.o
 .text.LL_ADC_SetOffsetSign
                0x08002436       0x36 ./Drivers/STM32G4xx_HAL_Driver/Src/stm32g4xx_hal_adc.o
 .text.LL_ADC_SetOffsetSaturation
                0x0800246c       0x36 ./Drivers/STM32G4xx_HAL_Driver/Src/stm32g4xx_hal_adc.o
 .text.LL_ADC_SetSamplingTimeCommonConfig
                0x080024a2       0x26 ./Drivers/STM32G4xx_HAL_Driver/Src/stm32g4xx_hal_adc.o
 .text.LL_ADC_REG_IsTriggerSourceSWStart
                0x080024c8       0x26 ./Drivers/STM32G4xx_HAL_Driver/Src/stm32g4xx_hal_adc.o
 .text.LL_ADC_REG_SetSequencerRanks
                0x080024ee       0x58 ./Drivers/STM32G4xx_HAL_Driver/Src/stm32g4xx_hal_adc.o
 .text.LL_ADC_SetChannelSamplingTime
                0x08002546       0x56 ./Drivers/STM32G4xx_HAL_Driver/Src/stm32g4xx_hal_adc.o
 .text.LL_ADC_SetChannelSingleDiff
                0x0800259c       0x48 ./Drivers/STM32G4xx_HAL_Driver/Src/stm32g4xx_hal_adc.o
 .text.LL_ADC_GetMultimode
                0x080025e4       0x1c ./Drivers/STM32G4xx_HAL_Driver/Src/stm32g4xx_hal_adc.o
 .text.LL_ADC_DisableDeepPowerDown
                0x08002600       0x24 ./Drivers/STM32G4xx_HAL_Driver/Src/stm32g4xx_hal_adc.o
 .text.LL_ADC_IsDeepPowerDownEnabled
                0x08002624       0x28 ./Drivers/STM32G4xx_HAL_Driver/Src/stm32g4xx_hal_adc.o
 .text.LL_ADC_EnableInternalRegulator
                0x0800264c       0x28 ./Drivers/STM32G4xx_HAL_Driver/Src/stm32g4xx_hal_adc.o
 .text.LL_ADC_IsInternalRegulatorEnabled
                0x08002674       0x28 ./Drivers/STM32G4xx_HAL_Driver/Src/stm32g4xx_hal_adc.o
 .text.LL_ADC_Enable
                0x0800269c       0x28 ./Drivers/STM32G4xx_HAL_Driver/Src/stm32g4xx_hal_adc.o
 .text.LL_ADC_Disable
                0x080026c4       0x28 ./Drivers/STM32G4xx_HAL_Driver/Src/stm32g4xx_hal_adc.o
 .text.LL_ADC_IsEnabled
                0x080026ec       0x26 ./Drivers/STM32G4xx_HAL_Driver/Src/stm32g4xx_hal_adc.o
 .text.LL_ADC_IsDisableOngoing
                0x08002712       0x26 ./Drivers/STM32G4xx_HAL_Driver/Src/stm32g4xx_hal_adc.o
 .text.LL_ADC_REG_StartConversion
                0x08002738       0x28 ./Drivers/STM32G4xx_HAL_Driver/Src/stm32g4xx_hal_adc.o
 .text.LL_ADC_REG_IsConversionOngoing
                0x08002760       0x26 ./Drivers/STM32G4xx_HAL_Driver/Src/stm32g4xx_hal_adc.o
 .text.LL_ADC_INJ_IsConversionOngoing
                0x08002786       0x26 ./Drivers/STM32G4xx_HAL_Driver/Src/stm32g4xx_hal_adc.o
 .text.HAL_ADC_Init
                0x080027ac      0x308 ./Drivers/STM32G4xx_HAL_Driver/Src/stm32g4xx_hal_adc.o
                0x080027ac                HAL_ADC_Init
 .text.HAL_ADC_Start_DMA
                0x08002ab4      0x168 ./Drivers/STM32G4xx_HAL_Driver/Src/stm32g4xx_hal_adc.o
                0x08002ab4                HAL_ADC_Start_DMA
 .text.HAL_ADC_ConvHalfCpltCallback
                0x08002c1c       0x14 ./Drivers/STM32G4xx_HAL_Driver/Src/stm32g4xx_hal_adc.o
                0x08002c1c                HAL_ADC_ConvHalfCpltCallback
 .text.HAL_ADC_ErrorCallback
                0x08002c30       0x14 ./Drivers/STM32G4xx_HAL_Driver/Src/stm32g4xx_hal_adc.o
                0x08002c30                HAL_ADC_ErrorCallback
 .text.HAL_ADC_ConfigChannel
                0x08002c44      0x7e0 ./Drivers/STM32G4xx_HAL_Driver/Src/stm32g4xx_hal_adc.o
                0x08002c44                HAL_ADC_ConfigChannel
 .text.ADC_Enable
                0x08003424      0x10c ./Drivers/STM32G4xx_HAL_Driver/Src/stm32g4xx_hal_adc.o
                0x08003424                ADC_Enable
 .text.ADC_Disable
                0x08003530       0xbe ./Drivers/STM32G4xx_HAL_Driver/Src/stm32g4xx_hal_adc.o
                0x08003530                ADC_Disable
 .text.ADC_DMAConvCplt
                0x080035ee       0xd8 ./Drivers/STM32G4xx_HAL_Driver/Src/stm32g4xx_hal_adc.o
                0x080035ee                ADC_DMAConvCplt
 .text.ADC_DMAHalfConvCplt
                0x080036c6       0x1c ./Drivers/STM32G4xx_HAL_Driver/Src/stm32g4xx_hal_adc.o
                0x080036c6                ADC_DMAHalfConvCplt
 .text.ADC_DMAError
                0x080036e2       0x34 ./Drivers/STM32G4xx_HAL_Driver/Src/stm32g4xx_hal_adc.o
                0x080036e2                ADC_DMAError
 .text.LL_ADC_IsEnabled
                0x08003716       0x26 ./Drivers/STM32G4xx_HAL_Driver/Src/stm32g4xx_hal_adc_ex.o
 .text.LL_ADC_StartCalibration
                0x0800373c       0x32 ./Drivers/STM32G4xx_HAL_Driver/Src/stm32g4xx_hal_adc_ex.o
 .text.LL_ADC_IsCalibrationOnGoing
                0x0800376e       0x28 ./Drivers/STM32G4xx_HAL_Driver/Src/stm32g4xx_hal_adc_ex.o
 .text.LL_ADC_REG_IsConversionOngoing
                0x08003796       0x26 ./Drivers/STM32G4xx_HAL_Driver/Src/stm32g4xx_hal_adc_ex.o
 .text.HAL_ADCEx_Calibration_Start
                0x080037bc       0xc4 ./Drivers/STM32G4xx_HAL_Driver/Src/stm32g4xx_hal_adc_ex.o
                0x080037bc                HAL_ADCEx_Calibration_Start
 .text.HAL_ADCEx_MultiModeConfigChannel
                0x08003880      0x148 ./Drivers/STM32G4xx_HAL_Driver/Src/stm32g4xx_hal_adc_ex.o
                0x08003880                HAL_ADCEx_MultiModeConfigChannel
 .text.LL_EXTI_EnableIT_0_31
                0x080039c8       0x24 ./Drivers/STM32G4xx_HAL_Driver/Src/stm32g4xx_hal_comp.o
 .text.LL_EXTI_DisableIT_0_31
                0x080039ec       0x28 ./Drivers/STM32G4xx_HAL_Driver/Src/stm32g4xx_hal_comp.o
 .text.LL_EXTI_EnableEvent_0_31
                0x08003a14       0x24 ./Drivers/STM32G4xx_HAL_Driver/Src/stm32g4xx_hal_comp.o
 .text.LL_EXTI_DisableEvent_0_31
                0x08003a38       0x28 ./Drivers/STM32G4xx_HAL_Driver/Src/stm32g4xx_hal_comp.o
 .text.LL_EXTI_EnableRisingTrig_0_31
                0x08003a60       0x24 ./Drivers/STM32G4xx_HAL_Driver/Src/stm32g4xx_hal_comp.o
 .text.LL_EXTI_DisableRisingTrig_0_31
                0x08003a84       0x28 ./Drivers/STM32G4xx_HAL_Driver/Src/stm32g4xx_hal_comp.o
 .text.LL_EXTI_EnableFallingTrig_0_31
                0x08003aac       0x24 ./Drivers/STM32G4xx_HAL_Driver/Src/stm32g4xx_hal_comp.o
 .text.LL_EXTI_DisableFallingTrig_0_31
                0x08003ad0       0x28 ./Drivers/STM32G4xx_HAL_Driver/Src/stm32g4xx_hal_comp.o
 .text.LL_EXTI_ClearFlag_0_31
                0x08003af8       0x20 ./Drivers/STM32G4xx_HAL_Driver/Src/stm32g4xx_hal_comp.o
 .text.HAL_COMP_Init
                0x08003b18      0x1b8 ./Drivers/STM32G4xx_HAL_Driver/Src/stm32g4xx_hal_comp.o
                0x08003b18                HAL_COMP_Init
 .text.__NVIC_SetPriorityGrouping
                0x08003cd0       0x48 ./Drivers/STM32G4xx_HAL_Driver/Src/stm32g4xx_hal_cortex.o
 .text.__NVIC_GetPriorityGrouping
                0x08003d18       0x1c ./Drivers/STM32G4xx_HAL_Driver/Src/stm32g4xx_hal_cortex.o
 .text.__NVIC_EnableIRQ
                0x08003d34       0x3c ./Drivers/STM32G4xx_HAL_Driver/Src/stm32g4xx_hal_cortex.o
 .text.__NVIC_SetPriority
                0x08003d70       0x54 ./Drivers/STM32G4xx_HAL_Driver/Src/stm32g4xx_hal_cortex.o
 .text.NVIC_EncodePriority
                0x08003dc4       0x66 ./Drivers/STM32G4xx_HAL_Driver/Src/stm32g4xx_hal_cortex.o
 *fill*         0x08003e2a        0x2 
 .text.SysTick_Config
                0x08003e2c       0x44 ./Drivers/STM32G4xx_HAL_Driver/Src/stm32g4xx_hal_cortex.o
 .text.HAL_NVIC_SetPriorityGrouping
                0x08003e70       0x16 ./Drivers/STM32G4xx_HAL_Driver/Src/stm32g4xx_hal_cortex.o
                0x08003e70                HAL_NVIC_SetPriorityGrouping
 .text.HAL_NVIC_SetPriority
                0x08003e86       0x34 ./Drivers/STM32G4xx_HAL_Driver/Src/stm32g4xx_hal_cortex.o
                0x08003e86                HAL_NVIC_SetPriority
 .text.HAL_NVIC_EnableIRQ
                0x08003eba       0x1c ./Drivers/STM32G4xx_HAL_Driver/Src/stm32g4xx_hal_cortex.o
                0x08003eba                HAL_NVIC_EnableIRQ
 .text.HAL_SYSTICK_Config
                0x08003ed6       0x18 ./Drivers/STM32G4xx_HAL_Driver/Src/stm32g4xx_hal_cortex.o
                0x08003ed6                HAL_SYSTICK_Config
 *fill*         0x08003eee        0x2 
 .text.HAL_CRC_Init
                0x08003ef0       0xc8 ./Drivers/STM32G4xx_HAL_Driver/Src/stm32g4xx_hal_crc.o
                0x08003ef0                HAL_CRC_Init
 .text.HAL_CRCEx_Polynomial_Set
                0x08003fb8      0x11c ./Drivers/STM32G4xx_HAL_Driver/Src/stm32g4xx_hal_crc_ex.o
                0x08003fb8                HAL_CRCEx_Polynomial_Set
 .text.HAL_DAC_Init
                0x080040d4       0x44 ./Drivers/STM32G4xx_HAL_Driver/Src/stm32g4xx_hal_dac.o
                0x080040d4                HAL_DAC_Init
 .text.HAL_DAC_ConfigChannel
                0x08004118      0x374 ./Drivers/STM32G4xx_HAL_Driver/Src/stm32g4xx_hal_dac.o
                0x08004118                HAL_DAC_ConfigChannel
 .text.HAL_DMA_Init
                0x0800448c      0x150 ./Drivers/STM32G4xx_HAL_Driver/Src/stm32g4xx_hal_dma.o
                0x0800448c                HAL_DMA_Init
 .text.HAL_DMA_Start_IT
                0x080045dc       0xf6 ./Drivers/STM32G4xx_HAL_Driver/Src/stm32g4xx_hal_dma.o
                0x080045dc                HAL_DMA_Start_IT
 .text.HAL_DMA_Abort_IT
                0x080046d2       0xce ./Drivers/STM32G4xx_HAL_Driver/Src/stm32g4xx_hal_dma.o
                0x080046d2                HAL_DMA_Abort_IT
 .text.HAL_DMA_IRQHandler
                0x080047a0      0x15e ./Drivers/STM32G4xx_HAL_Driver/Src/stm32g4xx_hal_dma.o
                0x080047a0                HAL_DMA_IRQHandler
 .text.DMA_SetConfig
                0x080048fe       0x7c ./Drivers/STM32G4xx_HAL_Driver/Src/stm32g4xx_hal_dma.o
 *fill*         0x0800497a        0x2 
 .text.DMA_CalcDMAMUXChannelBaseAndMask
                0x0800497c       0x7c ./Drivers/STM32G4xx_HAL_Driver/Src/stm32g4xx_hal_dma.o
 .text.DMA_CalcDMAMUXRequestGenBaseAndMask
                0x080049f8       0x48 ./Drivers/STM32G4xx_HAL_Driver/Src/stm32g4xx_hal_dma.o
 .text.HAL_FDCAN_Init
                0x08004a40      0x2b4 ./Drivers/STM32G4xx_HAL_Driver/Src/stm32g4xx_hal_fdcan.o
                0x08004a40                HAL_FDCAN_Init
 .text.FDCAN_CalcultateRamBlockAddresses
                0x08004cf4       0xac ./Drivers/STM32G4xx_HAL_Driver/Src/stm32g4xx_hal_fdcan.o
 .text.HAL_GPIO_Init
                0x08004da0      0x304 ./Drivers/STM32G4xx_HAL_Driver/Src/stm32g4xx_hal_gpio.o
                0x08004da0                HAL_GPIO_Init
 .text.HAL_GPIO_WritePin
                0x080050a4       0x30 ./Drivers/STM32G4xx_HAL_Driver/Src/stm32g4xx_hal_gpio.o
                0x080050a4                HAL_GPIO_WritePin
 .text.HAL_GPIO_TogglePin
                0x080050d4       0x34 ./Drivers/STM32G4xx_HAL_Driver/Src/stm32g4xx_hal_gpio.o
                0x080050d4                HAL_GPIO_TogglePin
 .text.HAL_I2C_Init
                0x08005108      0x136 ./Drivers/STM32G4xx_HAL_Driver/Src/stm32g4xx_hal_i2c.o
                0x08005108                HAL_I2C_Init
 *fill*         0x0800523e        0x2 
 .text.HAL_I2C_Mem_Write
                0x08005240      0x228 ./Drivers/STM32G4xx_HAL_Driver/Src/stm32g4xx_hal_i2c.o
                0x08005240                HAL_I2C_Mem_Write
 .text.HAL_I2C_Mem_Read
                0x08005468      0x234 ./Drivers/STM32G4xx_HAL_Driver/Src/stm32g4xx_hal_i2c.o
                0x08005468                HAL_I2C_Mem_Read
 .text.I2C_RequestMemoryWrite
                0x0800569c       0xa8 ./Drivers/STM32G4xx_HAL_Driver/Src/stm32g4xx_hal_i2c.o
 .text.I2C_RequestMemoryRead
                0x08005744       0xa8 ./Drivers/STM32G4xx_HAL_Driver/Src/stm32g4xx_hal_i2c.o
 .text.I2C_Flush_TXDR
                0x080057ec       0x48 ./Drivers/STM32G4xx_HAL_Driver/Src/stm32g4xx_hal_i2c.o
 .text.I2C_WaitOnFlagUntilTimeout
                0x08005834       0xb2 ./Drivers/STM32G4xx_HAL_Driver/Src/stm32g4xx_hal_i2c.o
 .text.I2C_WaitOnTXISFlagUntilTimeout
                0x080058e6       0x8e ./Drivers/STM32G4xx_HAL_Driver/Src/stm32g4xx_hal_i2c.o
 .text.I2C_WaitOnSTOPFlagUntilTimeout
                0x08005974       0x86 ./Drivers/STM32G4xx_HAL_Driver/Src/stm32g4xx_hal_i2c.o
 *fill*         0x080059fa        0x2 
 .text.I2C_IsErrorOccurred
                0x080059fc      0x1c0 ./Drivers/STM32G4xx_HAL_Driver/Src/stm32g4xx_hal_i2c.o
 .text.I2C_TransferConfig
                0x08005bbc       0x64 ./Drivers/STM32G4xx_HAL_Driver/Src/stm32g4xx_hal_i2c.o
 .text.HAL_I2CEx_ConfigAnalogFilter
                0x08005c20       0x96 ./Drivers/STM32G4xx_HAL_Driver/Src/stm32g4xx_hal_i2c_ex.o
                0x08005c20                HAL_I2CEx_ConfigAnalogFilter
 .text.HAL_I2CEx_ConfigDigitalFilter
                0x08005cb6       0x98 ./Drivers/STM32G4xx_HAL_Driver/Src/stm32g4xx_hal_i2c_ex.o
                0x08005cb6                HAL_I2CEx_ConfigDigitalFilter
 .text.HAL_IWDG_Init
                0x08005d4e       0x9e ./Drivers/STM32G4xx_HAL_Driver/Src/stm32g4xx_hal_iwdg.o
                0x08005d4e                HAL_IWDG_Init
 .text.HAL_IWDG_Refresh
                0x08005dec       0x20 ./Drivers/STM32G4xx_HAL_Driver/Src/stm32g4xx_hal_iwdg.o
                0x08005dec                HAL_IWDG_Refresh
 .text.HAL_PCD_Init
                0x08005e0c      0x19c ./Drivers/STM32G4xx_HAL_Driver/Src/stm32g4xx_hal_pcd.o
                0x08005e0c                HAL_PCD_Init
 .text.HAL_PCD_Start
                0x08005fa8       0x44 ./Drivers/STM32G4xx_HAL_Driver/Src/stm32g4xx_hal_pcd.o
                0x08005fa8                HAL_PCD_Start
 .text.HAL_PCD_IRQHandler
                0x08005fec      0x24e ./Drivers/STM32G4xx_HAL_Driver/Src/stm32g4xx_hal_pcd.o
                0x08005fec                HAL_PCD_IRQHandler
 .text.HAL_PCD_SetAddress
                0x0800623a       0x48 ./Drivers/STM32G4xx_HAL_Driver/Src/stm32g4xx_hal_pcd.o
                0x0800623a                HAL_PCD_SetAddress
 .text.HAL_PCD_EP_Open
                0x08006282       0xbe ./Drivers/STM32G4xx_HAL_Driver/Src/stm32g4xx_hal_pcd.o
                0x08006282                HAL_PCD_EP_Open
 .text.HAL_PCD_EP_Close
                0x08006340       0x90 ./Drivers/STM32G4xx_HAL_Driver/Src/stm32g4xx_hal_pcd.o
                0x08006340                HAL_PCD_EP_Close
 .text.HAL_PCD_EP_Receive
                0x080063d0       0x62 ./Drivers/STM32G4xx_HAL_Driver/Src/stm32g4xx_hal_pcd.o
                0x080063d0                HAL_PCD_EP_Receive
 .text.HAL_PCD_EP_GetRxCount
                0x08006432       0x30 ./Drivers/STM32G4xx_HAL_Driver/Src/stm32g4xx_hal_pcd.o
                0x08006432                HAL_PCD_EP_GetRxCount
 .text.HAL_PCD_EP_Transmit
                0x08006462       0x6e ./Drivers/STM32G4xx_HAL_Driver/Src/stm32g4xx_hal_pcd.o
                0x08006462                HAL_PCD_EP_Transmit
 .text.HAL_PCD_EP_SetStall
                0x080064d0       0xa4 ./Drivers/STM32G4xx_HAL_Driver/Src/stm32g4xx_hal_pcd.o
                0x080064d0                HAL_PCD_EP_SetStall
 .text.HAL_PCD_EP_ClrStall
                0x08006574       0xa8 ./Drivers/STM32G4xx_HAL_Driver/Src/stm32g4xx_hal_pcd.o
                0x08006574                HAL_PCD_EP_ClrStall
 .text.PCD_EP_ISR_Handler
                0x0800661c      0x68e ./Drivers/STM32G4xx_HAL_Driver/Src/stm32g4xx_hal_pcd.o
 .text.HAL_PCD_EP_DB_Receive
                0x08006caa      0x212 ./Drivers/STM32G4xx_HAL_Driver/Src/stm32g4xx_hal_pcd.o
 .text.HAL_PCD_EP_DB_Transmit
                0x08006ebc      0x878 ./Drivers/STM32G4xx_HAL_Driver/Src/stm32g4xx_hal_pcd.o
 .text.HAL_PCDEx_PMAConfig
                0x08007734       0x86 ./Drivers/STM32G4xx_HAL_Driver/Src/stm32g4xx_hal_pcd_ex.o
                0x08007734                HAL_PCDEx_PMAConfig
 .text.HAL_PCDEx_ActivateLPM
                0x080077ba       0x54 ./Drivers/STM32G4xx_HAL_Driver/Src/stm32g4xx_hal_pcd_ex.o
                0x080077ba                HAL_PCDEx_ActivateLPM
 *fill*         0x0800780e        0x2 
 .text.HAL_PWREx_ControlVoltageScaling
                0x08007810      0x148 ./Drivers/STM32G4xx_HAL_Driver/Src/stm32g4xx_hal_pwr_ex.o
                0x08007810                HAL_PWREx_ControlVoltageScaling
 .text.HAL_PWREx_DisableUCPDDeadBattery
                0x08007958       0x20 ./Drivers/STM32G4xx_HAL_Driver/Src/stm32g4xx_hal_pwr_ex.o
                0x08007958                HAL_PWREx_DisableUCPDDeadBattery
 .text.HAL_RCC_OscConfig
                0x08007978      0x624 ./Drivers/STM32G4xx_HAL_Driver/Src/stm32g4xx_hal_rcc.o
                0x08007978                HAL_RCC_OscConfig
 .text.HAL_RCC_ClockConfig
                0x08007f9c      0x278 ./Drivers/STM32G4xx_HAL_Driver/Src/stm32g4xx_hal_rcc.o
                0x08007f9c                HAL_RCC_ClockConfig
 .text.HAL_RCC_GetSysClockFreq
                0x08008214       0xc4 ./Drivers/STM32G4xx_HAL_Driver/Src/stm32g4xx_hal_rcc.o
                0x08008214                HAL_RCC_GetSysClockFreq
 .text.HAL_RCC_GetHCLKFreq
                0x080082d8       0x18 ./Drivers/STM32G4xx_HAL_Driver/Src/stm32g4xx_hal_rcc.o
                0x080082d8                HAL_RCC_GetHCLKFreq
 .text.HAL_RCC_GetPCLK1Freq
                0x080082f0       0x2c ./Drivers/STM32G4xx_HAL_Driver/Src/stm32g4xx_hal_rcc.o
                0x080082f0                HAL_RCC_GetPCLK1Freq
 .text.HAL_RCC_GetPCLK2Freq
                0x0800831c       0x2c ./Drivers/STM32G4xx_HAL_Driver/Src/stm32g4xx_hal_rcc.o
                0x0800831c                HAL_RCC_GetPCLK2Freq
 .text.RCC_GetSysClockFreqFromPLLSource
                0x08008348       0x8c ./Drivers/STM32G4xx_HAL_Driver/Src/stm32g4xx_hal_rcc.o
 .text.HAL_RCCEx_PeriphCLKConfig
                0x080083d4      0x3e0 ./Drivers/STM32G4xx_HAL_Driver/Src/stm32g4xx_hal_rcc_ex.o
                0x080083d4                HAL_RCCEx_PeriphCLKConfig
 .text.HAL_SPI_Init
                0x080087b4      0x156 ./Drivers/STM32G4xx_HAL_Driver/Src/stm32g4xx_hal_spi.o
                0x080087b4                HAL_SPI_Init
 .text.HAL_SPI_MspInit
                0x0800890a       0x14 ./Drivers/STM32G4xx_HAL_Driver/Src/stm32g4xx_hal_spi.o
                0x0800890a                HAL_SPI_MspInit
 .text.HAL_SPI_Transmit
                0x0800891e      0x2ec ./Drivers/STM32G4xx_HAL_Driver/Src/stm32g4xx_hal_spi.o
                0x0800891e                HAL_SPI_Transmit
 *fill*         0x08008c0a        0x2 
 .text.HAL_SPI_IRQHandler
                0x08008c0c      0x200 ./Drivers/STM32G4xx_HAL_Driver/Src/stm32g4xx_hal_spi.o
                0x08008c0c                HAL_SPI_IRQHandler
 .text.HAL_SPI_ErrorCallback
                0x08008e0c       0x14 ./Drivers/STM32G4xx_HAL_Driver/Src/stm32g4xx_hal_spi.o
                0x08008e0c                HAL_SPI_ErrorCallback
 .text.HAL_SPI_GetState
                0x08008e20       0x1c ./Drivers/STM32G4xx_HAL_Driver/Src/stm32g4xx_hal_spi.o
                0x08008e20                HAL_SPI_GetState
 .text.SPI_DMAAbortOnError
                0x08008e3c       0x2a ./Drivers/STM32G4xx_HAL_Driver/Src/stm32g4xx_hal_spi.o
 *fill*         0x08008e66        0x2 
 .text.SPI_WaitFlagStateUntilTimeout
                0x08008e68      0x110 ./Drivers/STM32G4xx_HAL_Driver/Src/stm32g4xx_hal_spi.o
 .text.SPI_WaitFifoStateUntilTimeout
                0x08008f78      0x12c ./Drivers/STM32G4xx_HAL_Driver/Src/stm32g4xx_hal_spi.o
 .text.SPI_EndRxTxTransaction
                0x080090a4       0x8c ./Drivers/STM32G4xx_HAL_Driver/Src/stm32g4xx_hal_spi.o
 .text.HAL_UART_Init
                0x08009130       0xa0 ./Drivers/STM32G4xx_HAL_Driver/Src/stm32g4xx_hal_uart.o
                0x08009130                HAL_UART_Init
 .text.HAL_UART_Transmit
                0x080091d0      0x11c ./Drivers/STM32G4xx_HAL_Driver/Src/stm32g4xx_hal_uart.o
                0x080091d0                HAL_UART_Transmit
 .text.UART_SetConfig
                0x080092ec      0x598 ./Drivers/STM32G4xx_HAL_Driver/Src/stm32g4xx_hal_uart.o
                0x080092ec                UART_SetConfig
 .text.UART_AdvFeatureConfig
                0x08009884      0x144 ./Drivers/STM32G4xx_HAL_Driver/Src/stm32g4xx_hal_uart.o
                0x08009884                UART_AdvFeatureConfig
 .text.UART_CheckIdleState
                0x080099c8      0x154 ./Drivers/STM32G4xx_HAL_Driver/Src/stm32g4xx_hal_uart.o
                0x080099c8                UART_CheckIdleState
 .text.UART_WaitOnFlagUntilTimeout
                0x08009b1c       0xda ./Drivers/STM32G4xx_HAL_Driver/Src/stm32g4xx_hal_uart.o
                0x08009b1c                UART_WaitOnFlagUntilTimeout
 .text.UART_EndRxTransfer
                0x08009bf6       0xcc ./Drivers/STM32G4xx_HAL_Driver/Src/stm32g4xx_hal_uart.o
 .text.HAL_UARTEx_DisableFifoMode
                0x08009cc2       0x72 ./Drivers/STM32G4xx_HAL_Driver/Src/stm32g4xx_hal_uart_ex.o
                0x08009cc2                HAL_UARTEx_DisableFifoMode
 .text.HAL_UARTEx_SetTxFifoThreshold
                0x08009d34       0x7c ./Drivers/STM32G4xx_HAL_Driver/Src/stm32g4xx_hal_uart_ex.o
                0x08009d34                HAL_UARTEx_SetTxFifoThreshold
 .text.HAL_UARTEx_SetRxFifoThreshold
                0x08009db0       0x7c ./Drivers/STM32G4xx_HAL_Driver/Src/stm32g4xx_hal_uart_ex.o
                0x08009db0                HAL_UARTEx_SetRxFifoThreshold
 .text.UARTEx_SetNbDataToProcess
                0x08009e2c       0x9c ./Drivers/STM32G4xx_HAL_Driver/Src/stm32g4xx_hal_uart_ex.o
 .text.USB_EnableGlobalInt
                0x08009ec8       0x2e ./Drivers/STM32G4xx_HAL_Driver/Src/stm32g4xx_ll_usb.o
                0x08009ec8                USB_EnableGlobalInt
 .text.USB_DisableGlobalInt
                0x08009ef6       0x36 ./Drivers/STM32G4xx_HAL_Driver/Src/stm32g4xx_ll_usb.o
                0x08009ef6                USB_DisableGlobalInt
 .text.USB_DevInit
                0x08009f2c       0x3c ./Drivers/STM32G4xx_HAL_Driver/Src/stm32g4xx_ll_usb.o
                0x08009f2c                USB_DevInit
 .text.USB_ActivateEndpoint
                0x08009f68      0x9d0 ./Drivers/STM32G4xx_HAL_Driver/Src/stm32g4xx_ll_usb.o
                0x08009f68                USB_ActivateEndpoint
 .text.USB_DeactivateEndpoint
                0x0800a938      0x3da ./Drivers/STM32G4xx_HAL_Driver/Src/stm32g4xx_ll_usb.o
                0x0800a938                USB_DeactivateEndpoint
 .text.USB_EPStartXfer
                0x0800ad12      0xb5e ./Drivers/STM32G4xx_HAL_Driver/Src/stm32g4xx_ll_usb.o
                0x0800ad12                USB_EPStartXfer
 .text.USB_EPSetStall
                0x0800b870       0xa2 ./Drivers/STM32G4xx_HAL_Driver/Src/stm32g4xx_ll_usb.o
                0x0800b870                USB_EPSetStall
 .text.USB_EPClearStall
                0x0800b912      0x152 ./Drivers/STM32G4xx_HAL_Driver/Src/stm32g4xx_ll_usb.o
                0x0800b912                USB_EPClearStall
 .text.USB_SetDevAddress
                0x0800ba64       0x28 ./Drivers/STM32G4xx_HAL_Driver/Src/stm32g4xx_ll_usb.o
                0x0800ba64                USB_SetDevAddress
 .text.USB_DevConnect
                0x0800ba8c       0x2e ./Drivers/STM32G4xx_HAL_Driver/Src/stm32g4xx_ll_usb.o
                0x0800ba8c                USB_DevConnect
 .text.USB_ReadInterrupts
                0x0800baba       0x20 ./Drivers/STM32G4xx_HAL_Driver/Src/stm32g4xx_ll_usb.o
                0x0800baba                USB_ReadInterrupts
 .text.USB_WritePMA
                0x0800bada       0x86 ./Drivers/STM32G4xx_HAL_Driver/Src/stm32g4xx_ll_usb.o
                0x0800bada                USB_WritePMA
 .text.USB_ReadPMA
                0x0800bb60       0x98 ./Drivers/STM32G4xx_HAL_Driver/Src/stm32g4xx_ll_usb.o
                0x0800bb60                USB_ReadPMA
 .text.USBD_CDC_Init
                0x0800bbf8       0xfe ./Middlewares/ST/STM32_USB_Device_Library/Class/CDC/Src/usbd_cdc.o
 .text.USBD_CDC_DeInit
                0x0800bcf6       0x74 ./Middlewares/ST/STM32_USB_Device_Library/Class/CDC/Src/usbd_cdc.o
 *fill*         0x0800bd6a        0x2 
 .text.USBD_CDC_Setup
                0x0800bd6c      0x190 ./Middlewares/ST/STM32_USB_Device_Library/Class/CDC/Src/usbd_cdc.o
 .text.USBD_CDC_DataIn
                0x0800befc       0xca ./Middlewares/ST/STM32_USB_Device_Library/Class/CDC/Src/usbd_cdc.o
 .text.USBD_CDC_DataOut
                0x0800bfc6       0x56 ./Middlewares/ST/STM32_USB_Device_Library/Class/CDC/Src/usbd_cdc.o
 .text.USBD_CDC_EP0_RxReady
                0x0800c01c       0x58 ./Middlewares/ST/STM32_USB_Device_Library/Class/CDC/Src/usbd_cdc.o
 .text.USBD_CDC_GetFSCfgDesc
                0x0800c074       0x20 ./Middlewares/ST/STM32_USB_Device_Library/Class/CDC/Src/usbd_cdc.o
 .text.USBD_CDC_GetHSCfgDesc
                0x0800c094       0x20 ./Middlewares/ST/STM32_USB_Device_Library/Class/CDC/Src/usbd_cdc.o
 .text.USBD_CDC_GetOtherSpeedCfgDesc
                0x0800c0b4       0x20 ./Middlewares/ST/STM32_USB_Device_Library/Class/CDC/Src/usbd_cdc.o
 .text.USBD_CDC_GetDeviceQualifierDescriptor
                0x0800c0d4       0x20 ./Middlewares/ST/STM32_USB_Device_Library/Class/CDC/Src/usbd_cdc.o
                0x0800c0d4                USBD_CDC_GetDeviceQualifierDescriptor
 .text.USBD_CDC_RegisterInterface
                0x0800c0f4       0x2a ./Middlewares/ST/STM32_USB_Device_Library/Class/CDC/Src/usbd_cdc.o
                0x0800c0f4                USBD_CDC_RegisterInterface
 .text.USBD_CDC_SetTxBuffer
                0x0800c11e       0x3c ./Middlewares/ST/STM32_USB_Device_Library/Class/CDC/Src/usbd_cdc.o
                0x0800c11e                USBD_CDC_SetTxBuffer
 .text.USBD_CDC_SetRxBuffer
                0x0800c15a       0x32 ./Middlewares/ST/STM32_USB_Device_Library/Class/CDC/Src/usbd_cdc.o
                0x0800c15a                USBD_CDC_SetRxBuffer
 .text.USBD_CDC_ReceivePacket
                0x0800c18c       0x54 ./Middlewares/ST/STM32_USB_Device_Library/Class/CDC/Src/usbd_cdc.o
                0x0800c18c                USBD_CDC_ReceivePacket
 .text.USBD_Init
                0x0800c1e0       0x60 ./Middlewares/ST/STM32_USB_Device_Library/Core/Src/usbd_core.o
                0x0800c1e0                USBD_Init
 .text.USBD_RegisterClass
                0x0800c240       0x4e ./Middlewares/ST/STM32_USB_Device_Library/Core/Src/usbd_core.o
                0x0800c240                USBD_RegisterClass
 .text.USBD_Start
                0x0800c28e       0x18 ./Middlewares/ST/STM32_USB_Device_Library/Core/Src/usbd_core.o
                0x0800c28e                USBD_Start
 .text.USBD_RunTestMode
                0x0800c2a6       0x16 ./Middlewares/ST/STM32_USB_Device_Library/Core/Src/usbd_core.o
                0x0800c2a6                USBD_RunTestMode
 .text.USBD_SetClassConfig
                0x0800c2bc       0x38 ./Middlewares/ST/STM32_USB_Device_Library/Core/Src/usbd_core.o
                0x0800c2bc                USBD_SetClassConfig
 .text.USBD_ClrClassConfig
                0x0800c2f4       0x30 ./Middlewares/ST/STM32_USB_Device_Library/Core/Src/usbd_core.o
                0x0800c2f4                USBD_ClrClassConfig
 .text.USBD_LL_SetupStage
                0x0800c324       0xaa ./Middlewares/ST/STM32_USB_Device_Library/Core/Src/usbd_core.o
                0x0800c324                USBD_LL_SetupStage
 .text.USBD_LL_DataOutStage
                0x0800c3ce       0xc6 ./Middlewares/ST/STM32_USB_Device_Library/Core/Src/usbd_core.o
                0x0800c3ce                USBD_LL_DataOutStage
 .text.USBD_LL_DataInStage
                0x0800c494      0x12c ./Middlewares/ST/STM32_USB_Device_Library/Core/Src/usbd_core.o
                0x0800c494                USBD_LL_DataInStage
 .text.USBD_LL_Reset
                0x0800c5c0       0x9c ./Middlewares/ST/STM32_USB_Device_Library/Core/Src/usbd_core.o
                0x0800c5c0                USBD_LL_Reset
 .text.USBD_LL_SetSpeed
                0x0800c65c       0x20 ./Middlewares/ST/STM32_USB_Device_Library/Core/Src/usbd_core.o
                0x0800c65c                USBD_LL_SetSpeed
 .text.USBD_LL_Suspend
                0x0800c67c       0x2c ./Middlewares/ST/STM32_USB_Device_Library/Core/Src/usbd_core.o
                0x0800c67c                USBD_LL_Suspend
 .text.USBD_LL_Resume
                0x0800c6a8       0x30 ./Middlewares/ST/STM32_USB_Device_Library/Core/Src/usbd_core.o
                0x0800c6a8                USBD_LL_Resume
 .text.USBD_LL_SOF
                0x0800c6d8       0x44 ./Middlewares/ST/STM32_USB_Device_Library/Core/Src/usbd_core.o
                0x0800c6d8                USBD_LL_SOF
 .text.SWAPBYTE
                0x0800c71c       0x3e ./Middlewares/ST/STM32_USB_Device_Library/Core/Src/usbd_ctlreq.o
 *fill*         0x0800c75a        0x2 
 .text.USBD_StdDevReq
                0x0800c75c       0xdc ./Middlewares/ST/STM32_USB_Device_Library/Core/Src/usbd_ctlreq.o
                0x0800c75c                USBD_StdDevReq
 .text.USBD_StdItfReq
                0x0800c838       0x92 ./Middlewares/ST/STM32_USB_Device_Library/Core/Src/usbd_ctlreq.o
                0x0800c838                USBD_StdItfReq
 .text.USBD_StdEPReq
                0x0800c8ca      0x2c4 ./Middlewares/ST/STM32_USB_Device_Library/Core/Src/usbd_ctlreq.o
                0x0800c8ca                USBD_StdEPReq
 *fill*         0x0800cb8e        0x2 
 .text.USBD_GetDescriptor
                0x0800cb90      0x328 ./Middlewares/ST/STM32_USB_Device_Library/Core/Src/usbd_ctlreq.o
 .text.USBD_SetAddress
                0x0800ceb8       0x88 ./Middlewares/ST/STM32_USB_Device_Library/Core/Src/usbd_ctlreq.o
 .text.USBD_SetConfig
                0x0800cf40      0x14c ./Middlewares/ST/STM32_USB_Device_Library/Core/Src/usbd_ctlreq.o
 .text.USBD_GetConfig
                0x0800d08c       0x6c ./Middlewares/ST/STM32_USB_Device_Library/Core/Src/usbd_ctlreq.o
 .text.USBD_GetStatus
                0x0800d0f8       0x68 ./Middlewares/ST/STM32_USB_Device_Library/Core/Src/usbd_ctlreq.o
 .text.USBD_SetFeature
                0x0800d160       0x28 ./Middlewares/ST/STM32_USB_Device_Library/Core/Src/usbd_ctlreq.o
 .text.USBD_ClrFeature
                0x0800d188       0x44 ./Middlewares/ST/STM32_USB_Device_Library/Core/Src/usbd_ctlreq.o
 .text.USBD_ParseSetupRequest
                0x0800d1cc       0x74 ./Middlewares/ST/STM32_USB_Device_Library/Core/Src/usbd_ctlreq.o
                0x0800d1cc                USBD_ParseSetupRequest
 .text.USBD_CtlError
                0x0800d240       0x22 ./Middlewares/ST/STM32_USB_Device_Library/Core/Src/usbd_ctlreq.o
                0x0800d240                USBD_CtlError
 .text.USBD_GetString
                0x0800d262       0x8c ./Middlewares/ST/STM32_USB_Device_Library/Core/Src/usbd_ctlreq.o
                0x0800d262                USBD_GetString
 .text.USBD_GetLen
                0x0800d2ee       0x34 ./Middlewares/ST/STM32_USB_Device_Library/Core/Src/usbd_ctlreq.o
 .text.USBD_CtlSendData
                0x0800d322       0x36 ./Middlewares/ST/STM32_USB_Device_Library/Core/Src/usbd_ioreq.o
                0x0800d322                USBD_CtlSendData
 .text.USBD_CtlContinueSendData
                0x0800d358       0x22 ./Middlewares/ST/STM32_USB_Device_Library/Core/Src/usbd_ioreq.o
                0x0800d358                USBD_CtlContinueSendData
 .text.USBD_CtlPrepareRx
                0x0800d37a       0x3a ./Middlewares/ST/STM32_USB_Device_Library/Core/Src/usbd_ioreq.o
                0x0800d37a                USBD_CtlPrepareRx
 .text.USBD_CtlContinueRx
                0x0800d3b4       0x22 ./Middlewares/ST/STM32_USB_Device_Library/Core/Src/usbd_ioreq.o
                0x0800d3b4                USBD_CtlContinueRx
 .text.USBD_CtlSendStatus
                0x0800d3d6       0x26 ./Middlewares/ST/STM32_USB_Device_Library/Core/Src/usbd_ioreq.o
                0x0800d3d6                USBD_CtlSendStatus
 .text.USBD_CtlReceiveStatus
                0x0800d3fc       0x26 ./Middlewares/ST/STM32_USB_Device_Library/Core/Src/usbd_ioreq.o
                0x0800d3fc                USBD_CtlReceiveStatus
 *fill*         0x0800d422        0x2 
 .text.MX_USB_Device_Init
                0x0800d424       0x60 ./USB_Device/App/usb_device.o
                0x0800d424                MX_USB_Device_Init
 .text.CDC_Init_FS
                0x0800d484       0x28 ./USB_Device/App/usbd_cdc_if.o
 .text.CDC_DeInit_FS
                0x0800d4ac       0x10 ./USB_Device/App/usbd_cdc_if.o
 .text.CDC_Control_FS
                0x0800d4bc       0xbc ./USB_Device/App/usbd_cdc_if.o
 .text.CDC_Receive_FS
                0x0800d578       0x28 ./USB_Device/App/usbd_cdc_if.o
 .text.CDC_TransmitCplt_FS
                0x0800d5a0       0x22 ./USB_Device/App/usbd_cdc_if.o
 *fill*         0x0800d5c2        0x2 
 .text.USBD_CDC_DeviceDescriptor
                0x0800d5c4       0x24 ./USB_Device/App/usbd_desc.o
                0x0800d5c4                USBD_CDC_DeviceDescriptor
 .text.USBD_CDC_LangIDStrDescriptor
                0x0800d5e8       0x24 ./USB_Device/App/usbd_desc.o
                0x0800d5e8                USBD_CDC_LangIDStrDescriptor
 .text.USBD_CDC_ProductStrDescriptor
                0x0800d60c       0x3c ./USB_Device/App/usbd_desc.o
                0x0800d60c                USBD_CDC_ProductStrDescriptor
 .text.USBD_CDC_ManufacturerStrDescriptor
                0x0800d648       0x28 ./USB_Device/App/usbd_desc.o
                0x0800d648                USBD_CDC_ManufacturerStrDescriptor
 .text.USBD_CDC_SerialStrDescriptor
                0x0800d670       0x24 ./USB_Device/App/usbd_desc.o
                0x0800d670                USBD_CDC_SerialStrDescriptor
 .text.USBD_CDC_ConfigStrDescriptor
                0x0800d694       0x3c ./USB_Device/App/usbd_desc.o
                0x0800d694                USBD_CDC_ConfigStrDescriptor
 .text.USBD_CDC_InterfaceStrDescriptor
                0x0800d6d0       0x3c ./USB_Device/App/usbd_desc.o
                0x0800d6d0                USBD_CDC_InterfaceStrDescriptor
 .text.Get_SerialNum
                0x0800d70c       0x58 ./USB_Device/App/usbd_desc.o
 .text.IntToUnicode
                0x0800d764       0x7e ./USB_Device/App/usbd_desc.o
 *fill*         0x0800d7e2        0x2 
 .text.HAL_PCD_MspInit
                0x0800d7e4       0x78 ./USB_Device/Target/usbd_conf.o
                0x0800d7e4                HAL_PCD_MspInit
 .text.HAL_PCD_SetupStageCallback
                0x0800d85c       0x24 ./USB_Device/Target/usbd_conf.o
                0x0800d85c                HAL_PCD_SetupStageCallback
 .text.HAL_PCD_DataOutStageCallback
                0x0800d880       0x36 ./USB_Device/Target/usbd_conf.o
                0x0800d880                HAL_PCD_DataOutStageCallback
 .text.HAL_PCD_DataInStageCallback
                0x0800d8b6       0x34 ./USB_Device/Target/usbd_conf.o
                0x0800d8b6                HAL_PCD_DataInStageCallback
 .text.HAL_PCD_SOFCallback
                0x0800d8ea       0x1c ./USB_Device/Target/usbd_conf.o
                0x0800d8ea                HAL_PCD_SOFCallback
 .text.HAL_PCD_ResetCallback
                0x0800d906       0x3c ./USB_Device/Target/usbd_conf.o
                0x0800d906                HAL_PCD_ResetCallback
 *fill*         0x0800d942        0x2 
 .text.HAL_PCD_SuspendCallback
                0x0800d944       0x34 ./USB_Device/Target/usbd_conf.o
                0x0800d944                HAL_PCD_SuspendCallback
 .text.HAL_PCD_ResumeCallback
                0x0800d978       0x38 ./USB_Device/Target/usbd_conf.o
                0x0800d978                HAL_PCD_ResumeCallback
 .text.USBD_LL_Init
                0x0800d9b0       0xc0 ./USB_Device/Target/usbd_conf.o
                0x0800d9b0                USBD_LL_Init
 .text.USBD_LL_Start
                0x0800da70       0x36 ./USB_Device/Target/usbd_conf.o
                0x0800da70                USBD_LL_Start
 .text.USBD_LL_OpenEP
                0x0800daa6       0x4c ./USB_Device/Target/usbd_conf.o
                0x0800daa6                USBD_LL_OpenEP
 .text.USBD_LL_CloseEP
                0x0800daf2       0x3e ./USB_Device/Target/usbd_conf.o
                0x0800daf2                USBD_LL_CloseEP
 .text.USBD_LL_StallEP
                0x0800db30       0x3e ./USB_Device/Target/usbd_conf.o
                0x0800db30                USBD_LL_StallEP
 .text.USBD_LL_ClearStallEP
                0x0800db6e       0x3e ./USB_Device/Target/usbd_conf.o
                0x0800db6e                USBD_LL_ClearStallEP
 .text.USBD_LL_IsStallEP
                0x0800dbac       0x58 ./USB_Device/Target/usbd_conf.o
                0x0800dbac                USBD_LL_IsStallEP
 .text.USBD_LL_SetUSBAddress
                0x0800dc04       0x3e ./USB_Device/Target/usbd_conf.o
                0x0800dc04                USBD_LL_SetUSBAddress
 .text.USBD_LL_Transmit
                0x0800dc42       0x42 ./USB_Device/Target/usbd_conf.o
                0x0800dc42                USBD_LL_Transmit
 .text.USBD_LL_PrepareReceive
                0x0800dc84       0x42 ./USB_Device/Target/usbd_conf.o
                0x0800dc84                USBD_LL_PrepareReceive
 .text.USBD_LL_GetRxDataSize
                0x0800dcc6       0x26 ./USB_Device/Target/usbd_conf.o
                0x0800dcc6                USBD_LL_GetRxDataSize
 .text.HAL_PCDEx_LPM_Callback
                0x0800dcec       0x6c ./USB_Device/Target/usbd_conf.o
                0x0800dcec                HAL_PCDEx_LPM_Callback
 .text.USBD_static_malloc
                0x0800dd58       0x1c ./USB_Device/Target/usbd_conf.o
                0x0800dd58                USBD_static_malloc
 .text.USBD_static_free
                0x0800dd74       0x14 ./USB_Device/Target/usbd_conf.o
                0x0800dd74                USBD_static_free
 .text.SystemClockConfig_Resume
                0x0800dd88        0xc ./USB_Device/Target/usbd_conf.o
 .text.USBD_Get_USB_Status
                0x0800dd94       0x58 ./USB_Device/Target/usbd_conf.o
 .text.std      0x0800ddec       0x6c C:/ST/STM32CubeIDE_2.0.0/STM32CubeIDE/plugins/com.st.stm32cube.ide.mcu.externaltools.gnu-tools-for-stm32.13.3.rel1.win32_1.0.100.202509120712/tools/bin/../lib/gcc/arm-none-eabi/13.3.1/../../../../arm-none-eabi/lib/thumb/v7e-m+fp/hard\libc_nano.a(libc_a-findfp.o)
 .text.stdio_exit_handler
                0x0800de58       0x18 C:/ST/STM32CubeIDE_2.0.0/STM32CubeIDE/plugins/com.st.stm32cube.ide.mcu.externaltools.gnu-tools-for-stm32.13.3.rel1.win32_1.0.100.202509120712/tools/bin/../lib/gcc/arm-none-eabi/13.3.1/../../../../arm-none-eabi/lib/thumb/v7e-m+fp/hard\libc_nano.a(libc_a-findfp.o)
 .text.cleanup_stdio
                0x0800de70       0x40 C:/ST/STM32CubeIDE_2.0.0/STM32CubeIDE/plugins/com.st.stm32cube.ide.mcu.externaltools.gnu-tools-for-stm32.13.3.rel1.win32_1.0.100.202509120712/tools/bin/../lib/gcc/arm-none-eabi/13.3.1/../../../../arm-none-eabi/lib/thumb/v7e-m+fp/hard\libc_nano.a(libc_a-findfp.o)
 .text.global_stdio_init.part.0
                0x0800deb0       0x3c C:/ST/STM32CubeIDE_2.0.0/STM32CubeIDE/plugins/com.st.stm32cube.ide.mcu.externaltools.gnu-tools-for-stm32.13.3.rel1.win32_1.0.100.202509120712/tools/bin/../lib/gcc/arm-none-eabi/13.3.1/../../../../arm-none-eabi/lib/thumb/v7e-m+fp/hard\libc_nano.a(libc_a-findfp.o)
 .text.__sfp_lock_acquire
                0x0800deec        0xc C:/ST/STM32CubeIDE_2.0.0/STM32CubeIDE/plugins/com.st.stm32cube.ide.mcu.externaltools.gnu-tools-for-stm32.13.3.rel1.win32_1.0.100.202509120712/tools/bin/../lib/gcc/arm-none-eabi/13.3.1/../../../../arm-none-eabi/lib/thumb/v7e-m+fp/hard\libc_nano.a(libc_a-findfp.o)
                0x0800deec                __sfp_lock_acquire
 .text.__sfp_lock_release
                0x0800def8        0xc C:/ST/STM32CubeIDE_2.0.0/STM32CubeIDE/plugins/com.st.stm32cube.ide.mcu.externaltools.gnu-tools-for-stm32.13.3.rel1.win32_1.0.100.202509120712/tools/bin/../lib/gcc/arm-none-eabi/13.3.1/../../../../arm-none-eabi/lib/thumb/v7e-m+fp/hard\libc_nano.a(libc_a-findfp.o)
                0x0800def8                __sfp_lock_release
 .text.__sinit  0x0800df04       0x30 C:/ST/STM32CubeIDE_2.0.0/STM32CubeIDE/plugins/com.st.stm32cube.ide.mcu.externaltools.gnu-tools-for-stm32.13.3.rel1.win32_1.0.100.202509120712/tools/bin/../lib/gcc/arm-none-eabi/13.3.1/../../../../arm-none-eabi/lib/thumb/v7e-m+fp/hard\libc_nano.a(libc_a-findfp.o)
                0x0800df04                __sinit
 .text._fwalk_sglue
                0x0800df34       0x3c C:/ST/STM32CubeIDE_2.0.0/STM32CubeIDE/plugins/com.st.stm32cube.ide.mcu.externaltools.gnu-tools-for-stm32.13.3.rel1.win32_1.0.100.202509120712/tools/bin/../lib/gcc/arm-none-eabi/13.3.1/../../../../arm-none-eabi/lib/thumb/v7e-m+fp/hard\libc_nano.a(libc_a-fwalk.o)
                0x0800df34                _fwalk_sglue
 .text.printf   0x0800df70       0x24 C:/ST/STM32CubeIDE_2.0.0/STM32CubeIDE/plugins/com.st.stm32cube.ide.mcu.externaltools.gnu-tools-for-stm32.13.3.rel1.win32_1.0.100.202509120712/tools/bin/../lib/gcc/arm-none-eabi/13.3.1/../../../../arm-none-eabi/lib/thumb/v7e-m+fp/hard\libc_nano.a(libc_a-printf.o)
                0x0800df70                iprintf
                0x0800df70                printf
 .text._puts_r  0x0800df94       0xaa C:/ST/STM32CubeIDE_2.0.0/STM32CubeIDE/plugins/com.st.stm32cube.ide.mcu.externaltools.gnu-tools-for-stm32.13.3.rel1.win32_1.0.100.202509120712/tools/bin/../lib/gcc/arm-none-eabi/13.3.1/../../../../arm-none-eabi/lib/thumb/v7e-m+fp/hard\libc_nano.a(libc_a-puts.o)
                0x0800df94                _puts_r
 *fill*         0x0800e03e        0x2 
 .text.puts     0x0800e040       0x10 C:/ST/STM32CubeIDE_2.0.0/STM32CubeIDE/plugins/com.st.stm32cube.ide.mcu.externaltools.gnu-tools-for-stm32.13.3.rel1.win32_1.0.100.202509120712/tools/bin/../lib/gcc/arm-none-eabi/13.3.1/../../../../arm-none-eabi/lib/thumb/v7e-m+fp/hard\libc_nano.a(libc_a-puts.o)
                0x0800e040                puts
 .text.__sread  0x0800e050       0x22 C:/ST/STM32CubeIDE_2.0.0/STM32CubeIDE/plugins/com.st.stm32cube.ide.mcu.externaltools.gnu-tools-for-stm32.13.3.rel1.win32_1.0.100.202509120712/tools/bin/../lib/gcc/arm-none-eabi/13.3.1/../../../../arm-none-eabi/lib/thumb/v7e-m+fp/hard\libc_nano.a(libc_a-stdio.o)
                0x0800e050                __sread
 .text.__swrite
                0x0800e072       0x38 C:/ST/STM32CubeIDE_2.0.0/STM32CubeIDE/plugins/com.st.stm32cube.ide.mcu.externaltools.gnu-tools-for-stm32.13.3.rel1.win32_1.0.100.202509120712/tools/bin/../lib/gcc/arm-none-eabi/13.3.1/../../../../arm-none-eabi/lib/thumb/v7e-m+fp/hard\libc_nano.a(libc_a-stdio.o)
                0x0800e072                __swrite
 .text.__sseek  0x0800e0aa       0x24 C:/ST/STM32CubeIDE_2.0.0/STM32CubeIDE/plugins/com.st.stm32cube.ide.mcu.externaltools.gnu-tools-for-stm32.13.3.rel1.win32_1.0.100.202509120712/tools/bin/../lib/gcc/arm-none-eabi/13.3.1/../../../../arm-none-eabi/lib/thumb/v7e-m+fp/hard\libc_nano.a(libc_a-stdio.o)
                0x0800e0aa                __sseek
 .text.__sclose
                0x0800e0ce        0x8 C:/ST/STM32CubeIDE_2.0.0/STM32CubeIDE/plugins/com.st.stm32cube.ide.mcu.externaltools.gnu-tools-for-stm32.13.3.rel1.win32_1.0.100.202509120712/tools/bin/../lib/gcc/arm-none-eabi/13.3.1/../../../../arm-none-eabi/lib/thumb/v7e-m+fp/hard\libc_nano.a(libc_a-stdio.o)
                0x0800e0ce                __sclose
 .text.__swbuf_r
                0x0800e0d6       0x7c C:/ST/STM32CubeIDE_2.0.0/STM32CubeIDE/plugins/com.st.stm32cube.ide.mcu.externaltools.gnu-tools-for-stm32.13.3.rel1.win32_1.0.100.202509120712/tools/bin/../lib/gcc/arm-none-eabi/13.3.1/../../../../arm-none-eabi/lib/thumb/v7e-m+fp/hard\libc_nano.a(libc_a-wbuf.o)
                0x0800e0d6                __swbuf_r
 *fill*         0x0800e152        0x2 
 .text.__swsetup_r
                0x0800e154       0xac C:/ST/STM32CubeIDE_2.0.0/STM32CubeIDE/plugins/com.st.stm32cube.ide.mcu.externaltools.gnu-tools-for-stm32.13.3.rel1.win32_1.0.100.202509120712/tools/bin/../lib/gcc/arm-none-eabi/13.3.1/../../../../arm-none-eabi/lib/thumb/v7e-m+fp/hard\libc_nano.a(libc_a-wsetup.o)
                0x0800e154                __swsetup_r
 .text.memset   0x0800e200       0x10 C:/ST/STM32CubeIDE_2.0.0/STM32CubeIDE/plugins/com.st.stm32cube.ide.mcu.externaltools.gnu-tools-for-stm32.13.3.rel1.win32_1.0.100.202509120712/tools/bin/../lib/gcc/arm-none-eabi/13.3.1/../../../../arm-none-eabi/lib/thumb/v7e-m+fp/hard\libc_nano.a(libc_a-memset.o)
                0x0800e200                memset
 .text._close_r
                0x0800e210       0x20 C:/ST/STM32CubeIDE_2.0.0/STM32CubeIDE/plugins/com.st.stm32cube.ide.mcu.externaltools.gnu-tools-for-stm32.13.3.rel1.win32_1.0.100.202509120712/tools/bin/../lib/gcc/arm-none-eabi/13.3.1/../../../../arm-none-eabi/lib/thumb/v7e-m+fp/hard\libc_nano.a(libc_a-closer.o)
                0x0800e210                _close_r
 .text._lseek_r
                0x0800e230       0x24 C:/ST/STM32CubeIDE_2.0.0/STM32CubeIDE/plugins/com.st.stm32cube.ide.mcu.externaltools.gnu-tools-for-stm32.13.3.rel1.win32_1.0.100.202509120712/tools/bin/../lib/gcc/arm-none-eabi/13.3.1/../../../../arm-none-eabi/lib/thumb/v7e-m+fp/hard\libc_nano.a(libc_a-lseekr.o)
                0x0800e230                _lseek_r
 .text._read_r  0x0800e254       0x24 C:/ST/STM32CubeIDE_2.0.0/STM32CubeIDE/plugins/com.st.stm32cube.ide.mcu.externaltools.gnu-tools-for-stm32.13.3.rel1.win32_1.0.100.202509120712/tools/bin/../lib/gcc/arm-none-eabi/13.3.1/../../../../arm-none-eabi/lib/thumb/v7e-m+fp/hard\libc_nano.a(libc_a-readr.o)
                0x0800e254                _read_r
 .text._write_r
                0x0800e278       0x24 C:/ST/STM32CubeIDE_2.0.0/STM32CubeIDE/plugins/com.st.stm32cube.ide.mcu.externaltools.gnu-tools-for-stm32.13.3.rel1.win32_1.0.100.202509120712/tools/bin/../lib/gcc/arm-none-eabi/13.3.1/../../../../arm-none-eabi/lib/thumb/v7e-m+fp/hard\libc_nano.a(libc_a-writer.o)
                0x0800e278                _write_r
 .text.__errno  0x0800e29c        0xc C:/ST/STM32CubeIDE_2.0.0/STM32CubeIDE/plugins/com.st.stm32cube.ide.mcu.externaltools.gnu-tools-for-stm32.13.3.rel1.win32_1.0.100.202509120712/tools/bin/../lib/gcc/arm-none-eabi/13.3.1/../../../../arm-none-eabi/lib/thumb/v7e-m+fp/hard\libc_nano.a(libc_a-errno.o)
                0x0800e29c                __errno
 .text.__libc_init_array
                0x0800e2a8       0x48 C:/ST/STM32CubeIDE_2.0.0/STM32CubeIDE/plugins/com.st.stm32cube.ide.mcu.externaltools.gnu-tools-for-stm32.13.3.rel1.win32_1.0.100.202509120712/tools/bin/../lib/gcc/arm-none-eabi/13.3.1/../../../../arm-none-eabi/lib/thumb/v7e-m+fp/hard\libc_nano.a(libc_a-init.o)
                0x0800e2a8                __libc_init_array
 .text.__retarget_lock_init_recursive
                0x0800e2f0        0x2 C:/ST/STM32CubeIDE_2.0.0/STM32CubeIDE/plugins/com.st.stm32cube.ide.mcu.externaltools.gnu-tools-for-stm32.13.3.rel1.win32_1.0.100.202509120712/tools/bin/../lib/gcc/arm-none-eabi/13.3.1/../../../../arm-none-eabi/lib/thumb/v7e-m+fp/hard\libc_nano.a(libc_a-lock.o)
                0x0800e2f0                __retarget_lock_init_recursive
 .text.__retarget_lock_acquire_recursive
                0x0800e2f2        0x2 C:/ST/STM32CubeIDE_2.0.0/STM32CubeIDE/plugins/com.st.stm32cube.ide.mcu.externaltools.gnu-tools-for-stm32.13.3.rel1.win32_1.0.100.202509120712/tools/bin/../lib/gcc/arm-none-eabi/13.3.1/../../../../arm-none-eabi/lib/thumb/v7e-m+fp/hard\libc_nano.a(libc_a-lock.o)
                0x0800e2f2                __retarget_lock_acquire_recursive
 .text.__retarget_lock_release_recursive
                0x0800e2f4        0x2 C:/ST/STM32CubeIDE_2.0.0/STM32CubeIDE/plugins/com.st.stm32cube.ide.mcu.externaltools.gnu-tools-for-stm32.13.3.rel1.win32_1.0.100.202509120712/tools/bin/../lib/gcc/arm-none-eabi/13.3.1/../../../../arm-none-eabi/lib/thumb/v7e-m+fp/hard\libc_nano.a(libc_a-lock.o)
                0x0800e2f4                __retarget_lock_release_recursive
 *fill*         0x0800e2f6        0x2 
 .text._free_r  0x0800e2f8       0x94 C:/ST/STM32CubeIDE_2.0.0/STM32CubeIDE/plugins/com.st.stm32cube.ide.mcu.externaltools.gnu-tools-for-stm32.13.3.rel1.win32_1.0.100.202509120712/tools/bin/../lib/gcc/arm-none-eabi/13.3.1/../../../../arm-none-eabi/lib/thumb/v7e-m+fp/hard\libc_nano.a(libc_a-freer.o)
                0x0800e2f8                _free_r
 .text.sbrk_aligned
                0x0800e38c       0x44 C:/ST/STM32CubeIDE_2.0.0/STM32CubeIDE/plugins/com.st.stm32cube.ide.mcu.externaltools.gnu-tools-for-stm32.13.3.rel1.win32_1.0.100.202509120712/tools/bin/../lib/gcc/arm-none-eabi/13.3.1/../../../../arm-none-eabi/lib/thumb/v7e-m+fp/hard\libc_nano.a(libc_a-mallocr.o)
 .text._malloc_r
                0x0800e3d0      0x100 C:/ST/STM32CubeIDE_2.0.0/STM32CubeIDE/plugins/com.st.stm32cube.ide.mcu.externaltools.gnu-tools-for-stm32.13.3.rel1.win32_1.0.100.202509120712/tools/bin/../lib/gcc/arm-none-eabi/13.3.1/../../../../arm-none-eabi/lib/thumb/v7e-m+fp/hard\libc_nano.a(libc_a-mallocr.o)
                0x0800e3d0                _malloc_r
 .text.__malloc_lock
                0x0800e4d0        0xc C:/ST/STM32CubeIDE_2.0.0/STM32CubeIDE/plugins/com.st.stm32cube.ide.mcu.externaltools.gnu-tools-for-stm32.13.3.rel1.win32_1.0.100.202509120712/tools/bin/../lib/gcc/arm-none-eabi/13.3.1/../../../../arm-none-eabi/lib/thumb/v7e-m+fp/hard\libc_nano.a(libc_a-mlock.o)
                0x0800e4d0                __malloc_lock
 .text.__malloc_unlock
                0x0800e4dc        0xc C:/ST/STM32CubeIDE_2.0.0/STM32CubeIDE/plugins/com.st.stm32cube.ide.mcu.externaltools.gnu-tools-for-stm32.13.3.rel1.win32_1.0.100.202509120712/tools/bin/../lib/gcc/arm-none-eabi/13.3.1/../../../../arm-none-eabi/lib/thumb/v7e-m+fp/hard\libc_nano.a(libc_a-mlock.o)
                0x0800e4dc                __malloc_unlock
 .text.__sfputc_r
                0x0800e4e8       0x2e C:/ST/STM32CubeIDE_2.0.0/STM32CubeIDE/plugins/com.st.stm32cube.ide.mcu.externaltools.gnu-tools-for-stm32.13.3.rel1.win32_1.0.100.202509120712/tools/bin/../lib/gcc/arm-none-eabi/13.3.1/../../../../arm-none-eabi/lib/thumb/v7e-m+fp/hard\libc_nano.a(libc_a-nano-vfprintf.o)
 .text.__sfputs_r
                0x0800e516       0x24 C:/ST/STM32CubeIDE_2.0.0/STM32CubeIDE/plugins/com.st.stm32cube.ide.mcu.externaltools.gnu-tools-for-stm32.13.3.rel1.win32_1.0.100.202509120712/tools/bin/../lib/gcc/arm-none-eabi/13.3.1/../../../../arm-none-eabi/lib/thumb/v7e-m+fp/hard\libc_nano.a(libc_a-nano-vfprintf.o)
                0x0800e516                __sfputs_r
 *fill*         0x0800e53a        0x2 
 .text._vfprintf_r
                0x0800e53c      0x230 C:/ST/STM32CubeIDE_2.0.0/STM32CubeIDE/plugins/com.st.stm32cube.ide.mcu.externaltools.gnu-tools-for-stm32.13.3.rel1.win32_1.0.100.202509120712/tools/bin/../lib/gcc/arm-none-eabi/13.3.1/../../../../arm-none-eabi/lib/thumb/v7e-m+fp/hard\libc_nano.a(libc_a-nano-vfprintf.o)
                0x0800e53c                _vfprintf_r
                0x0800e53c                _vfiprintf_r
 .text._printf_common
                0x0800e76c       0xda C:/ST/STM32CubeIDE_2.0.0/STM32CubeIDE/plugins/com.st.stm32cube.ide.mcu.externaltools.gnu-tools-for-stm32.13.3.rel1.win32_1.0.100.202509120712/tools/bin/../lib/gcc/arm-none-eabi/13.3.1/../../../../arm-none-eabi/lib/thumb/v7e-m+fp/hard\libc_nano.a(libc_a-nano-vfprintf_i.o)
                0x0800e76c                _printf_common
 *fill*         0x0800e846        0x2 
 .text._printf_i
                0x0800e848      0x23c C:/ST/STM32CubeIDE_2.0.0/STM32CubeIDE/plugins/com.st.stm32cube.ide.mcu.externaltools.gnu-tools-for-stm32.13.3.rel1.win32_1.0.100.202509120712/tools/bin/../lib/gcc/arm-none-eabi/13.3.1/../../../../arm-none-eabi/lib/thumb/v7e-m+fp/hard\libc_nano.a(libc_a-nano-vfprintf_i.o)
                0x0800e848                _printf_i
 .text.__sflush_r
                0x0800ea84      0x108 C:/ST/STM32CubeIDE_2.0.0/STM32CubeIDE/plugins/com.st.stm32cube.ide.mcu.externaltools.gnu-tools-for-stm32.13.3.rel1.win32_1.0.100.202509120712/tools/bin/../lib/gcc/arm-none-eabi/13.3.1/../../../../arm-none-eabi/lib/thumb/v7e-m+fp/hard\libc_nano.a(libc_a-fflush.o)
                0x0800ea84                __sflush_r
 .text._fflush_r
                0x0800eb8c       0x50 C:/ST/STM32CubeIDE_2.0.0/STM32CubeIDE/plugins/com.st.stm32cube.ide.mcu.externaltools.gnu-tools-for-stm32.13.3.rel1.win32_1.0.100.202509120712/tools/bin/../lib/gcc/arm-none-eabi/13.3.1/../../../../arm-none-eabi/lib/thumb/v7e-m+fp/hard\libc_nano.a(libc_a-fflush.o)
                0x0800eb8c                _fflush_r
 .text.__swhatbuf_r
                0x0800ebdc       0x4c C:/ST/STM32CubeIDE_2.0.0/STM32CubeIDE/plugins/com.st.stm32cube.ide.mcu.externaltools.gnu-tools-for-stm32.13.3.rel1.win32_1.0.100.202509120712/tools/bin/../lib/gcc/arm-none-eabi/13.3.1/../../../../arm-none-eabi/lib/thumb/v7e-m+fp/hard\libc_nano.a(libc_a-makebuf.o)
                0x0800ebdc                __swhatbuf_r
 .text.__smakebuf_r
                0x0800ec28       0x78 C:/ST/STM32CubeIDE_2.0.0/STM32CubeIDE/plugins/com.st.stm32cube.ide.mcu.externaltools.gnu-tools-for-stm32.13.3.rel1.win32_1.0.100.202509120712/tools/bin/../lib/gcc/arm-none-eabi/13.3.1/../../../../arm-none-eabi/lib/thumb/v7e-m+fp/hard\libc_nano.a(libc_a-makebuf.o)
                0x0800ec28                __smakebuf_r
 .text._fstat_r
                0x0800eca0       0x24 C:/ST/STM32CubeIDE_2.0.0/STM32CubeIDE/plugins/com.st.stm32cube.ide.mcu.externaltools.gnu-tools-for-stm32.13.3.rel1.win32_1.0.100.202509120712/tools/bin/../lib/gcc/arm-none-eabi/13.3.1/../../../../arm-none-eabi/lib/thumb/v7e-m+fp/hard\libc_nano.a(libc_a-fstatr.o)
                0x0800eca0                _fstat_r
 .text._isatty_r
                0x0800ecc4       0x20 C:/ST/STM32CubeIDE_2.0.0/STM32CubeIDE/plugins/com.st.stm32cube.ide.mcu.externaltools.gnu-tools-for-stm32.13.3.rel1.win32_1.0.100.202509120712/tools/bin/../lib/gcc/arm-none-eabi/13.3.1/../../../../arm-none-eabi/lib/thumb/v7e-m+fp/hard\libc_nano.a(libc_a-isattyr.o)
                0x0800ecc4                _isatty_r
 .text._sbrk_r  0x0800ece4       0x20 C:/ST/STM32CubeIDE_2.0.0/STM32CubeIDE/plugins/com.st.stm32cube.ide.mcu.externaltools.gnu-tools-for-stm32.13.3.rel1.win32_1.0.100.202509120712/tools/bin/../lib/gcc/arm-none-eabi/13.3.1/../../../../arm-none-eabi/lib/thumb/v7e-m+fp/hard\libc_nano.a(libc_a-sbrkr.o)
                0x0800ece4                _sbrk_r
 *(.glue_7)
 .glue_7        0x0800ed04        0x0 linker stubs
 *(.glue_7t)
 .glue_7t       0x0800ed04        0x0 linker stubs
 *(.eh_frame)
 .eh_frame      0x0800ed04        0x0 C:/ST/STM32CubeIDE_2.0.0/STM32CubeIDE/plugins/com.st.stm32cube.ide.mcu.externaltools.gnu-tools-for-stm32.13.3.rel1.win32_1.0.100.202509120712/tools/bin/../lib/gcc/arm-none-eabi/13.3.1/thumb/v7e-m+fp/hard/crtbegin.o
 *(.init)
 .init          0x0800ed04        0x4 C:/ST/STM32CubeIDE_2.0.0/STM32CubeIDE/plugins/com.st.stm32cube.ide.mcu.externaltools.gnu-tools-for-stm32.13.3.rel1.win32_1.0.100.202509120712/tools/bin/../lib/gcc/arm-none-eabi/13.3.1/thumb/v7e-m+fp/hard/crti.o
                0x0800ed04                _init
 .init          0x0800ed08        0x8 C:/ST/STM32CubeIDE_2.0.0/STM32CubeIDE/plugins/com.st.stm32cube.ide.mcu.externaltools.gnu-tools-for-stm32.13.3.rel1.win32_1.0.100.202509120712/tools/bin/../lib/gcc/arm-none-eabi/13.3.1/thumb/v7e-m+fp/hard/crtn.o
 *(.fini)
 .fini          0x0800ed10        0x4 C:/ST/STM32CubeIDE_2.0.0/STM32CubeIDE/plugins/com.st.stm32cube.ide.mcu.externaltools.gnu-tools-for-stm32.13.3.rel1.win32_1.0.100.202509120712/tools/bin/../lib/gcc/arm-none-eabi/13.3.1/thumb/v7e-m+fp/hard/crti.o
                0x0800ed10                _fini
 .fini          0x0800ed14        0x8 C:/ST/STM32CubeIDE_2.0.0/STM32CubeIDE/plugins/com.st.stm32cube.ide.mcu.externaltools.gnu-tools-for-stm32.13.3.rel1.win32_1.0.100.202509120712/tools/bin/../lib/gcc/arm-none-eabi/13.3.1/thumb/v7e-m+fp/hard/crtn.o
                0x0800ed1c                        . = ALIGN (0x4)
                0x0800ed1c                        _etext = .

.vfp11_veneer   0x0800ed1c        0x0
 .vfp11_veneer  0x0800ed1c        0x0 linker stubs

.v4_bx          0x0800ed1c        0x0
 .v4_bx         0x0800ed1c        0x0 linker stubs

.iplt           0x0800ed1c        0x0
 .iplt          0x0800ed1c        0x0 C:/ST/STM32CubeIDE_2.0.0/STM32CubeIDE/plugins/com.st.stm32cube.ide.mcu.externaltools.gnu-tools-for-stm32.13.3.rel1.win32_1.0.100.202509120712/tools/bin/../lib/gcc/arm-none-eabi/13.3.1/thumb/v7e-m+fp/hard/crtbegin.o

.rodata         0x0800ed1c      0x18c
                0x0800ed1c                        . = ALIGN (0x4)
 *(.rodata)
 .rodata        0x0800ed1c       0xcd ./Core/System/system.o
 *fill*         0x0800ede9        0x3 
 .rodata        0x0800edec       0x46 ./USB_Device/App/usbd_desc.o
 *(.rodata*)
 *fill*         0x0800ee32        0x2 
 .rodata.AHBPrescTable
                0x0800ee34       0x10 ./Core/Src/system_stm32g4xx.o
                0x0800ee34                AHBPrescTable
 .rodata.APBPrescTable
                0x0800ee44        0x8 ./Core/Src/system_stm32g4xx.o
                0x0800ee44                APBPrescTable
 .rodata.UARTPrescTable
                0x0800ee4c       0x18 ./Drivers/STM32G4xx_HAL_Driver/Src/stm32g4xx_hal_uart.o
                0x0800ee4c                UARTPrescTable
 .rodata.numerator.1
                0x0800ee64        0x8 ./Drivers/STM32G4xx_HAL_Driver/Src/stm32g4xx_hal_uart_ex.o
 .rodata.denominator.0
                0x0800ee6c        0x8 ./Drivers/STM32G4xx_HAL_Driver/Src/stm32g4xx_hal_uart_ex.o
 .rodata._vfprintf_r.str1.1
                0x0800ee74       0x33 C:/ST/STM32CubeIDE_2.0.0/STM32CubeIDE/plugins/com.st.stm32cube.ide.mcu.externaltools.gnu-tools-for-stm32.13.3.rel1.win32_1.0.100.202509120712/tools/bin/../lib/gcc/arm-none-eabi/13.3.1/../../../../arm-none-eabi/lib/thumb/v7e-m+fp/hard\libc_nano.a(libc_a-nano-vfprintf.o)
                                 0x11 (size before relaxing)
 .rodata._printf_i.str1.1
                0x0800eea7        0x0 C:/ST/STM32CubeIDE_2.0.0/STM32CubeIDE/plugins/com.st.stm32cube.ide.mcu.externaltools.gnu-tools-for-stm32.13.3.rel1.win32_1.0.100.202509120712/tools/bin/../lib/gcc/arm-none-eabi/13.3.1/../../../../arm-none-eabi/lib/thumb/v7e-m+fp/hard\libc_nano.a(libc_a-nano-vfprintf_i.o)
                                 0x22 (size before relaxing)
                0x0800eea8                        . = ALIGN (0x4)
 *fill*         0x0800eea7        0x1 

.ARM.extab      0x0800eea8        0x0
                0x0800eea8                        . = ALIGN (0x4)
 *(.ARM.extab* .gnu.linkonce.armextab.*)
                0x0800eea8                        . = ALIGN (0x4)

.ARM            0x0800eea8        0x8
                0x0800eea8                        . = ALIGN (0x4)
                0x0800eea8                        __exidx_start = .
 *(.ARM.exidx*)
 .ARM.exidx     0x0800eea8        0x8 C:/ST/STM32CubeIDE_2.0.0/STM32CubeIDE/plugins/com.st.stm32cube.ide.mcu.externaltools.gnu-tools-for-stm32.13.3.rel1.win32_1.0.100.202509120712/tools/bin/../lib/gcc/arm-none-eabi/13.3.1/../../../../arm-none-eabi/lib/thumb/v7e-m+fp/hard\libc_nano.a(libc_a-memchr.o)
 .ARM.exidx     0x0800eeb0        0x0 C:/ST/STM32CubeIDE_2.0.0/STM32CubeIDE/plugins/com.st.stm32cube.ide.mcu.externaltools.gnu-tools-for-stm32.13.3.rel1.win32_1.0.100.202509120712/tools/bin/../lib/gcc/arm-none-eabi/13.3.1/thumb/v7e-m+fp/hard\libgcc.a(_udivmoddi4.o)
                                  0x8 (size before relaxing)
                0x0800eeb0                        __exidx_end = .
                0x0800eeb0                        . = ALIGN (0x4)

.preinit_array  0x0800eeb0        0x0
                0x0800eeb0                        . = ALIGN (0x4)
                0x0800eeb0                        PROVIDE (__preinit_array_start = .)
 *(.preinit_array*)
                0x0800eeb0                        PROVIDE (__preinit_array_end = .)
                0x0800eeb0                        . = ALIGN (0x4)

.init_array     0x0800eeb0        0x4
                0x0800eeb0                        . = ALIGN (0x4)
                0x0800eeb0                        PROVIDE (__init_array_start = .)
 *(SORT_BY_NAME(.init_array.*))
 *(.init_array*)
 .init_array    0x0800eeb0        0x4 C:/ST/STM32CubeIDE_2.0.0/STM32CubeIDE/plugins/com.st.stm32cube.ide.mcu.externaltools.gnu-tools-for-stm32.13.3.rel1.win32_1.0.100.202509120712/tools/bin/../lib/gcc/arm-none-eabi/13.3.1/thumb/v7e-m+fp/hard/crtbegin.o
                0x0800eeb4                        PROVIDE (__init_array_end = .)
                0x0800eeb4                        . = ALIGN (0x4)

.fini_array     0x0800eeb4        0x4
                0x0800eeb4                        . = ALIGN (0x4)
                [!provide]                        PROVIDE (__fini_array_start = .)
 *(SORT_BY_NAME(.fini_array.*))
 *(.fini_array*)
 .fini_array    0x0800eeb4        0x4 C:/ST/STM32CubeIDE_2.0.0/STM32CubeIDE/plugins/com.st.stm32cube.ide.mcu.externaltools.gnu-tools-for-stm32.13.3.rel1.win32_1.0.100.202509120712/tools/bin/../lib/gcc/arm-none-eabi/13.3.1/thumb/v7e-m+fp/hard/crtbegin.o
                [!provide]                        PROVIDE (__fini_array_end = .)
                0x0800eeb8                        . = ALIGN (0x4)
                0x0800eeb8                        _sidata = LOADADDR (.data)

.rel.dyn        0x0800eeb8        0x0
 .rel.iplt      0x0800eeb8        0x0 C:/ST/STM32CubeIDE_2.0.0/STM32CubeIDE/plugins/com.st.stm32cube.ide.mcu.externaltools.gnu-tools-for-stm32.13.3.rel1.win32_1.0.100.202509120712/tools/bin/../lib/gcc/arm-none-eabi/13.3.1/thumb/v7e-m+fp/hard/crtbegin.o

.data           0x20000000      0x1e0 load address 0x0800eeb8
                0x20000000                        . = ALIGN (0x4)
                0x20000000                        _sdata = .
 *(.data)
 *(.data*)
 .data.SystemCoreClock
                0x20000000        0x4 ./Core/Src/system_stm32g4xx.o
                0x20000000                SystemCoreClock
 .data.uwTickPrio
                0x20000004        0x4 ./Drivers/STM32G4xx_HAL_Driver/Src/stm32g4xx_hal.o
                0x20000004                uwTickPrio
 .data.uwTickFreq
                0x20000008        0x4 ./Drivers/STM32G4xx_HAL_Driver/Src/stm32g4xx_hal.o
                0x20000008                uwTickFreq
 .data.USBD_CDC_DeviceQualifierDesc
                0x2000000c        0xa ./Middlewares/ST/STM32_USB_Device_Library/Class/CDC/Src/usbd_cdc.o
 *fill*         0x20000016        0x2 
 .data.USBD_CDC
                0x20000018       0x38 ./Middlewares/ST/STM32_USB_Device_Library/Class/CDC/Src/usbd_cdc.o
                0x20000018                USBD_CDC
 .data.USBD_CDC_CfgHSDesc
                0x20000050       0x43 ./Middlewares/ST/STM32_USB_Device_Library/Class/CDC/Src/usbd_cdc.o
 *fill*         0x20000093        0x1 
 .data.USBD_CDC_CfgFSDesc
                0x20000094       0x43 ./Middlewares/ST/STM32_USB_Device_Library/Class/CDC/Src/usbd_cdc.o
 *fill*         0x200000d7        0x1 
 .data.USBD_CDC_OtherSpeedCfgDesc
                0x200000d8       0x43 ./Middlewares/ST/STM32_USB_Device_Library/Class/CDC/Src/usbd_cdc.o
 *fill*         0x2000011b        0x1 
 .data.USBD_Interface_fops_FS
                0x2000011c       0x14 ./USB_Device/App/usbd_cdc_if.o
                0x2000011c                USBD_Interface_fops_FS
 .data.CDC_Desc
                0x20000130       0x20 ./USB_Device/App/usbd_desc.o
                0x20000130                CDC_Desc
 .data.USBD_CDC_DeviceDesc
                0x20000150       0x12 ./USB_Device/App/usbd_desc.o
                0x20000150                USBD_CDC_DeviceDesc
 *fill*         0x20000162        0x2 
 .data.USBD_LangIDDesc
                0x20000164        0x4 ./USB_Device/App/usbd_desc.o
                0x20000164                USBD_LangIDDesc
 .data.USBD_StringSerial
                0x20000168       0x1a ./USB_Device/App/usbd_desc.o
                0x20000168                USBD_StringSerial
 *fill*         0x20000182        0x2 
 .data.__sglue  0x20000184        0xc C:/ST/STM32CubeIDE_2.0.0/STM32CubeIDE/plugins/com.st.stm32cube.ide.mcu.externaltools.gnu-tools-for-stm32.13.3.rel1.win32_1.0.100.202509120712/tools/bin/../lib/gcc/arm-none-eabi/13.3.1/../../../../arm-none-eabi/lib/thumb/v7e-m+fp/hard\libc_nano.a(libc_a-findfp.o)
                0x20000184                __sglue
 .data._impure_ptr
                0x20000190        0x4 C:/ST/STM32CubeIDE_2.0.0/STM32CubeIDE/plugins/com.st.stm32cube.ide.mcu.externaltools.gnu-tools-for-stm32.13.3.rel1.win32_1.0.100.202509120712/tools/bin/../lib/gcc/arm-none-eabi/13.3.1/../../../../arm-none-eabi/lib/thumb/v7e-m+fp/hard\libc_nano.a(libc_a-impure.o)
                0x20000190                _impure_ptr
 .data._impure_data
                0x20000194       0x4c C:/ST/STM32CubeIDE_2.0.0/STM32CubeIDE/plugins/com.st.stm32cube.ide.mcu.externaltools.gnu-tools-for-stm32.13.3.rel1.win32_1.0.100.202509120712/tools/bin/../lib/gcc/arm-none-eabi/13.3.1/../../../../arm-none-eabi/lib/thumb/v7e-m+fp/hard\libc_nano.a(libc_a-impure.o)
                0x20000194                _impure_data
 *(.RamFunc)
 *(.RamFunc*)
                0x200001e0                        . = ALIGN (0x4)
                0x200001e0                        _edata = .

.igot.plt       0x200001e0        0x0 load address 0x0800f098
 .igot.plt      0x200001e0        0x0 C:/ST/STM32CubeIDE_2.0.0/STM32CubeIDE/plugins/com.st.stm32cube.ide.mcu.externaltools.gnu-tools-for-stm32.13.3.rel1.win32_1.0.100.202509120712/tools/bin/../lib/gcc/arm-none-eabi/13.3.1/thumb/v7e-m+fp/hard/crtbegin.o
                0x200001e0                        . = ALIGN (0x4)

.bss            0x200001e0     0x17f4 load address 0x0800f098
                0x200001e0                        _sbss = .
                0x200001e0                        __bss_start__ = _sbss
 *(.bss)
 .bss           0x200001e0       0x1c C:/ST/STM32CubeIDE_2.0.0/STM32CubeIDE/plugins/com.st.stm32cube.ide.mcu.externaltools.gnu-tools-for-stm32.13.3.rel1.win32_1.0.100.202509120712/tools/bin/../lib/gcc/arm-none-eabi/13.3.1/thumb/v7e-m+fp/hard/crtbegin.o
 *(.bss*)
 .bss.hspi1     0x200001fc       0x64 ./Core/Src/custom_bus.o
                0x200001fc                hspi1
 .bss.SPI1InitCounter
                0x20000260        0x4 ./Core/Src/custom_bus.o
 .bss.hadc1     0x20000264       0x6c ./Core/Src/main.o
                0x20000264                hadc1
 .bss.hadc2     0x200002d0       0x6c ./Core/Src/main.o
                0x200002d0                hadc2
 .bss.hdma_adc1
                0x2000033c       0x60 ./Core/Src/main.o
                0x2000033c                hdma_adc1
 .bss.hdma_adc2
                0x2000039c       0x60 ./Core/Src/main.o
                0x2000039c                hdma_adc2
 .bss.hcomp1    0x200003fc       0x24 ./Core/Src/main.o
                0x200003fc                hcomp1
 .bss.hcomp2    0x20000420       0x24 ./Core/Src/main.o
                0x20000420                hcomp2
 .bss.hcomp4    0x20000444       0x24 ./Core/Src/main.o
                0x20000444                hcomp4
 .bss.hcrc      0x20000468       0x24 ./Core/Src/main.o
                0x20000468                hcrc
 .bss.hdac1     0x2000048c       0x14 ./Core/Src/main.o
                0x2000048c                hdac1
 .bss.hdac3     0x200004a0       0x14 ./Core/Src/main.o
                0x200004a0                hdac3
 .bss.hfdcan1   0x200004b4       0x64 ./Core/Src/main.o
                0x200004b4                hfdcan1
 .bss.hi2c2     0x20000518       0x54 ./Core/Src/main.o
                0x20000518                hi2c2
 .bss.hiwdg     0x2000056c       0x10 ./Core/Src/main.o
                0x2000056c                hiwdg
 .bss.huart1    0x2000057c       0x94 ./Core/Src/main.o
                0x2000057c                huart1
 .bss.HAL_RCC_ADC12_CLK_ENABLED
                0x20000610        0x4 ./Core/Src/stm32g4xx_hal_msp.o
 .bss.__sbrk_heap_end
                0x20000614        0x4 ./Core/Src/sysmem.o
 .bss.eeprom    0x20000618        0xc ./Core/System/system.o
                0x20000618                eeprom
 .bss.hadR      0x20000624        0xc ./Core/System/system.o
                0x20000624                hadR
 .bss.hadG      0x20000630        0xc ./Core/System/system.o
                0x20000630                hadG
 .bss.hadB      0x2000063c        0xc ./Core/System/system.o
                0x2000063c                hadB
 .bss.hdacR     0x20000648       0x14 ./Core/System/system.o
                0x20000648                hdacR
 .bss.hdacG     0x2000065c       0x14 ./Core/System/system.o
                0x2000065c                hdacG
 .bss.hdacB     0x20000670       0x14 ./Core/System/system.o
                0x20000670                hdacB
 .bss.adc1_buf  0x20000684       0x1c ./Core/System/system.o
                0x20000684                adc1_buf
 .bss.adc2_buf  0x200006a0       0x14 ./Core/System/system.o
                0x200006a0                adc2_buf
 .bss.uwTick    0x200006b4        0x4 ./Drivers/STM32G4xx_HAL_Driver/Src/stm32g4xx_hal.o
                0x200006b4                uwTick
 .bss.cfgidx.0  0x200006b8        0x1 ./Middlewares/ST/STM32_USB_Device_Library/Core/Src/usbd_ctlreq.o
 *fill*         0x200006b9        0x3 
 .bss.hUsbDeviceFS
                0x200006bc      0x2d0 ./USB_Device/App/usb_device.o
                0x200006bc                hUsbDeviceFS
 .bss.UserRxBufferFS
                0x2000098c      0x400 ./USB_Device/App/usbd_cdc_if.o
                0x2000098c                UserRxBufferFS
 .bss.UserTxBufferFS
                0x20000d8c      0x400 ./USB_Device/App/usbd_cdc_if.o
                0x20000d8c                UserTxBufferFS
 .bss.USBD_StrDesc
                0x2000118c      0x200 ./USB_Device/App/usbd_desc.o
                0x2000118c                USBD_StrDesc
 .bss.hpcd_USB_FS
                0x2000138c      0x2dc ./USB_Device/Target/usbd_conf.o
                0x2000138c                hpcd_USB_FS
 .bss.mem.0     0x20001668      0x220 ./USB_Device/Target/usbd_conf.o
 .bss.__sf      0x20001888      0x138 C:/ST/STM32CubeIDE_2.0.0/STM32CubeIDE/plugins/com.st.stm32cube.ide.mcu.externaltools.gnu-tools-for-stm32.13.3.rel1.win32_1.0.100.202509120712/tools/bin/../lib/gcc/arm-none-eabi/13.3.1/../../../../arm-none-eabi/lib/thumb/v7e-m+fp/hard\libc_nano.a(libc_a-findfp.o)
                0x20001888                __sf
 .bss.__stdio_exit_handler