../Core/Src/main.c:97:5:main	8	static
../Core/Src/main.c:160:6:SystemClock_Config	88	static
../Core/Src/main.c:209:13:MX_ADC1_Init	56	static
../Core/Src/main.c:332:13:MX_ADC2_Init	40	static
../Core/Src/main.c:430:13:MX_COMP1_Init	8	static
../Core/Src/main.c:462:13:MX_COMP2_Init	8	static
../Core/Src/main.c:494:13:MX_COMP4_Init	8	static
../Core/Src/main.c:526:13:MX_DAC1_Init	56	static
../Core/Src/main.c:580:13:MX_DAC3_Init	56	static
../Core/Src/main.c:627:13:MX_FDCAN1_Init	8	static
../Core/Src/main.c:670:13:MX_I2C2_Init	8	static
../Core/Src/main.c:718:13:MX_IWDG_Init	8	static
../Core/Src/main.c:747:13:MX_USART1_UART_Init	8	static
../Core/Src/main.c:793:13:MX_DMA_Init	16	static
../Core/Src/main.c:815:13:MX_GPIO_Init	48	static
../Core/Src/main.c:884:1:__io_putchar	16	static
../Core/Src/main.c:898:6:Error_Handler	4	static,ignoring_inline_asm
